Archive member included to satisfy reference by file (symbol)

/usr/lib/x86_64-linux-gnu/libc_nonshared.a(elf-init.oS)
                              /usr/lib/gcc/x86_64-linux-gnu/4.9/../../../x86_64-linux-gnu/crt1.o (__libc_csu_init)

As-needed library included to satisfy reference by file (symbol)

ld-linux-x86-64.so.2          testpmd.o (__tls_get_addr@@GLIBC_2.3)

Allocating common symbols
Common symbol       size              file

tx_queue_stats_mappings_array
                    0x10000           testpmd.o
nb_ports            0x1               testpmd.o
fwd_ports_ids       0x20              testpmd.o
nb_cfg_ports        0x1               testpmd.o
fwd_lcores_cpuids   0x200             testpmd.o
rxring_numa         0x20              testpmd.o
nb_fwd_lcores       0x1               testpmd.o
txring_numa         0x20              testpmd.o
port_numa           0x20              testpmd.o
ports               0x8               testpmd.o
rx_queue_stats_mappings_array
                    0x40000           testpmd.o
nb_fwd_ports        0x1               testpmd.o
fwd_streams         0x8               testpmd.o
nb_fwd_streams      0x2               testpmd.o
cur_fwd_config      0x10              testpmd.o
peer_eth_addrs      0xc0              testpmd.o
nb_lcores           0x1               testpmd.o
fwd_lcores          0x8               testpmd.o
nb_cfg_lcores       0x1               testpmd.o

Discarded input sections

 .note.GNU-stack
                0x0000000000000000        0x0 /usr/lib/gcc/x86_64-linux-gnu/4.9/../../../x86_64-linux-gnu/crt1.o
 .gnu_debuglink
                0x0000000000000000        0xc /usr/lib/gcc/x86_64-linux-gnu/4.9/../../../x86_64-linux-gnu/crt1.o
 .note.GNU-stack
                0x0000000000000000        0x0 /usr/lib/gcc/x86_64-linux-gnu/4.9/../../../x86_64-linux-gnu/crti.o
 .gnu_debuglink
                0x0000000000000000        0xc /usr/lib/gcc/x86_64-linux-gnu/4.9/../../../x86_64-linux-gnu/crti.o
 .note.GNU-stack
                0x0000000000000000        0x0 /usr/lib/gcc/x86_64-linux-gnu/4.9/crtbegin.o
 .note.GNU-stack
                0x0000000000000000        0x0 testpmd.o
 .note.GNU-stack
                0x0000000000000000        0x0 parameters.o
 .note.GNU-stack
                0x0000000000000000        0x0 cmdline.o
 .note.GNU-stack
                0x0000000000000000        0x0 config.o
 .note.GNU-stack
                0x0000000000000000        0x0 iofwd.o
 .note.GNU-stack
                0x0000000000000000        0x0 macfwd.o
 .note.GNU-stack
                0x0000000000000000        0x0 macfwd-retry.o
 .note.GNU-stack
                0x0000000000000000        0x0 macswap.o
 .note.GNU-stack
                0x0000000000000000        0x0 flowgen.o
 .note.GNU-stack
                0x0000000000000000        0x0 rxonly.o
 .note.GNU-stack
                0x0000000000000000        0x0 txonly.o
 .note.GNU-stack
                0x0000000000000000        0x0 csumonly.o
 .note.GNU-stack
                0x0000000000000000        0x0 icmpecho.o
 .note.GNU-stack
                0x0000000000000000        0x0 mempool_anon.o
 .note.GNU-stack
                0x0000000000000000        0x0 /usr/lib/x86_64-linux-gnu/libc_nonshared.a(elf-init.oS)
 .note.GNU-stack
                0x0000000000000000        0x0 /usr/lib/gcc/x86_64-linux-gnu/4.9/crtend.o
 .note.GNU-stack
                0x0000000000000000        0x0 /usr/lib/gcc/x86_64-linux-gnu/4.9/../../../x86_64-linux-gnu/crtn.o
 .gnu_debuglink
                0x0000000000000000        0xc /usr/lib/gcc/x86_64-linux-gnu/4.9/../../../x86_64-linux-gnu/crtn.o

Memory Configuration

Name             Origin             Length             Attributes
*default*        0x0000000000000000 0xffffffffffffffff

Linker script and memory map

LOAD /usr/lib/gcc/x86_64-linux-gnu/4.9/../../../x86_64-linux-gnu/crt1.o
LOAD /usr/lib/gcc/x86_64-linux-gnu/4.9/../../../x86_64-linux-gnu/crti.o
LOAD /usr/lib/gcc/x86_64-linux-gnu/4.9/crtbegin.o
LOAD testpmd.o
LOAD parameters.o
LOAD cmdline.o
LOAD config.o
LOAD iofwd.o
LOAD macfwd.o
LOAD macfwd-retry.o
LOAD macswap.o
LOAD flowgen.o
LOAD rxonly.o
LOAD txonly.o
LOAD csumonly.o
LOAD icmpecho.o
LOAD mempool_anon.o
LOAD /home/xyh/test/POFSwitch+DPDK+V1.0.5.3/dpdk-2.2.0/x86_64-native-linuxapp-gcc/lib/libdpdk.so
START GROUP
LOAD /usr/lib/gcc/x86_64-linux-gnu/4.9/../../../x86_64-linux-gnu/librt.so
LOAD /usr/lib/gcc/x86_64-linux-gnu/4.9/../../../x86_64-linux-gnu/libm.so
LOAD /usr/lib/gcc/x86_64-linux-gnu/4.9/libgcc_s.so
LOAD /usr/lib/gcc/x86_64-linux-gnu/4.9/../../../x86_64-linux-gnu/libdl.so
END GROUP
LOAD /usr/lib/gcc/x86_64-linux-gnu/4.9/libgcc.a
LOAD /usr/lib/gcc/x86_64-linux-gnu/4.9/libgcc_s.so
LOAD /usr/lib/gcc/x86_64-linux-gnu/4.9/../../../x86_64-linux-gnu/libpthread.so
START GROUP
LOAD /lib/x86_64-linux-gnu/libpthread.so.0
LOAD /usr/lib/x86_64-linux-gnu/libpthread_nonshared.a
END GROUP
LOAD /usr/lib/gcc/x86_64-linux-gnu/4.9/../../../x86_64-linux-gnu/libc.so
START GROUP
LOAD /lib/x86_64-linux-gnu/libc.so.6
LOAD /usr/lib/x86_64-linux-gnu/libc_nonshared.a
LOAD /lib/x86_64-linux-gnu/ld-linux-x86-64.so.2
END GROUP
LOAD /usr/lib/gcc/x86_64-linux-gnu/4.9/libgcc.a
LOAD /usr/lib/gcc/x86_64-linux-gnu/4.9/libgcc_s.so
LOAD /usr/lib/gcc/x86_64-linux-gnu/4.9/crtend.o
LOAD /usr/lib/gcc/x86_64-linux-gnu/4.9/../../../x86_64-linux-gnu/crtn.o
                [!provide]                        PROVIDE (__executable_start, 0x400000)
                0x0000000000400238                . = (0x400000 + SIZEOF_HEADERS)

.interp         0x0000000000400238       0x1c
 *(.interp)
 .interp        0x0000000000400238       0x1c /usr/lib/gcc/x86_64-linux-gnu/4.9/../../../x86_64-linux-gnu/crt1.o

.note.ABI-tag   0x0000000000400254       0x20
 .note.ABI-tag  0x0000000000400254       0x20 /usr/lib/gcc/x86_64-linux-gnu/4.9/../../../x86_64-linux-gnu/crt1.o

.note.gnu.build-id
                0x0000000000400274       0x24
 *(.note.gnu.build-id)
 .note.gnu.build-id
                0x0000000000400274       0x24 /usr/lib/gcc/x86_64-linux-gnu/4.9/../../../x86_64-linux-gnu/crt1.o

.hash
 *(.hash)

.gnu.hash       0x0000000000400298     0x1ab8
 *(.gnu.hash)
 .gnu.hash      0x0000000000400298     0x1ab8 /usr/lib/gcc/x86_64-linux-gnu/4.9/../../../x86_64-linux-gnu/crt1.o

.dynsym         0x0000000000401d50     0x6768
 *(.dynsym)
 .dynsym        0x0000000000401d50     0x6768 /usr/lib/gcc/x86_64-linux-gnu/4.9/../../../x86_64-linux-gnu/crt1.o

.dynstr         0x00000000004084b8     0x6049
 *(.dynstr)
 .dynstr        0x00000000004084b8     0x6049 /usr/lib/gcc/x86_64-linux-gnu/4.9/../../../x86_64-linux-gnu/crt1.o

.gnu.version    0x000000000040e502      0x89e
 *(.gnu.version)
 .gnu.version   0x000000000040e502      0x89e /usr/lib/gcc/x86_64-linux-gnu/4.9/../../../x86_64-linux-gnu/crt1.o

.gnu.version_d  0x000000000040eda0        0x0
 *(.gnu.version_d)
 .gnu.version_d
                0x000000000040eda0        0x0 /usr/lib/gcc/x86_64-linux-gnu/4.9/../../../x86_64-linux-gnu/crt1.o

.gnu.version_r  0x000000000040eda0       0xe0
 *(.gnu.version_r)
 .gnu.version_r
                0x000000000040eda0       0xe0 /usr/lib/gcc/x86_64-linux-gnu/4.9/../../../x86_64-linux-gnu/crt1.o

.rela.dyn       0x000000000040ee80     0x3c48
 *(.rela.init)
 *(.rela.text .rela.text.* .rela.gnu.linkonce.t.*)
 .rela.text     0x000000000040ee80        0x0 /usr/lib/gcc/x86_64-linux-gnu/4.9/../../../x86_64-linux-gnu/crt1.o
 *(.rela.fini)
 *(.rela.rodata .rela.rodata.* .rela.gnu.linkonce.r.*)
 *(.rela.data .rela.data.* .rela.gnu.linkonce.d.*)
 .rela.data.rel
                0x000000000040ee80     0x3a80 /usr/lib/gcc/x86_64-linux-gnu/4.9/../../../x86_64-linux-gnu/crt1.o
 *(.rela.tdata .rela.tdata.* .rela.gnu.linkonce.td.*)
 *(.rela.tbss .rela.tbss.* .rela.gnu.linkonce.tb.*)
 *(.rela.ctors)
 *(.rela.dtors)
 *(.rela.got)
 .rela.got      0x0000000000412900      0x1c8 /usr/lib/gcc/x86_64-linux-gnu/4.9/../../../x86_64-linux-gnu/crt1.o
 *(.rela.bss .rela.bss.* .rela.gnu.linkonce.b.*)
 .rela.bss      0x0000000000412ac8        0x0 /usr/lib/gcc/x86_64-linux-gnu/4.9/../../../x86_64-linux-gnu/crt1.o
 *(.rela.ldata .rela.ldata.* .rela.gnu.linkonce.l.*)
 *(.rela.lbss .rela.lbss.* .rela.gnu.linkonce.lb.*)
 *(.rela.lrodata .rela.lrodata.* .rela.gnu.linkonce.lr.*)
 *(.rela.ifunc)

.rela.plt       0x0000000000412ac8      0xed0
 *(.rela.plt)
 .rela.plt      0x0000000000412ac8      0xed0 /usr/lib/gcc/x86_64-linux-gnu/4.9/../../../x86_64-linux-gnu/crt1.o
                [!provide]                        PROVIDE (__rela_iplt_start, .)
 *(.rela.iplt)
 .rela.iplt     0x0000000000413998        0x0 /usr/lib/gcc/x86_64-linux-gnu/4.9/../../../x86_64-linux-gnu/crt1.o
                [!provide]                        PROVIDE (__rela_iplt_end, .)

.init           0x0000000000413998       0x1a
 *(SORT(.init))
 .init          0x0000000000413998       0x15 /usr/lib/gcc/x86_64-linux-gnu/4.9/../../../x86_64-linux-gnu/crti.o
                0x0000000000413998                _init
 .init          0x00000000004139ad        0x5 /usr/lib/gcc/x86_64-linux-gnu/4.9/../../../x86_64-linux-gnu/crtn.o

.plt            0x00000000004139c0      0x9f0
 *(.plt)
 .plt           0x00000000004139c0      0x9f0 /usr/lib/gcc/x86_64-linux-gnu/4.9/../../../x86_64-linux-gnu/crt1.o
                0x00000000004139d0                rte_eth_promiscuous_disable@@DPDK_2.2
                0x00000000004139e0                __snprintf_chk@@GLIBC_2.3.4
                0x00000000004139f0                free@@GLIBC_2.2.5
                0x0000000000413a00                putchar@@GLIBC_2.2.5
                0x0000000000413a10                rte_eth_dev_vlan_filter@@DPDK_2.2
                0x0000000000413a20                rte_eth_dev_rx_queue_stop@@DPDK_2.2
                0x0000000000413a30                __errno_location@@GLIBC_2.2.5
                0x0000000000413a40                rte_eth_dev_rss_reta_query@@DPDK_2.2
                0x0000000000413a50                rte_eth_dev_set_link_up@@DPDK_2.2
                0x0000000000413a60                rte_eth_dev_attach@@DPDK_2.2
                0x0000000000413a70                rte_free@@DPDK_2.0
                0x0000000000413a80                rte_mempool_calc_obj_size@@DPDK_2.0
                0x0000000000413a90                rte_eth_bond_primary_set@@DPDK_2.0
                0x0000000000413aa0                rte_eth_dev_get_vlan_offload@@DPDK_2.2
                0x0000000000413ab0                puts@@GLIBC_2.2.5
                0x0000000000413ac0                rte_eth_dev_flow_ctrl_set@@DPDK_2.2
                0x0000000000413ad0                rte_eth_bond_mac_address_set@@DPDK_2.0
                0x0000000000413ae0                rte_eth_promiscuous_get@@DPDK_2.2
                0x0000000000413af0                rte_eth_dev_detach@@DPDK_2.2
                0x0000000000413b00                rte_mempool_lookup@@DPDK_2.0
                0x0000000000413b10                rte_eth_dev_uc_hash_table_set@@DPDK_2.2
                0x0000000000413b20                rte_delay_us@@DPDK_2.0
                0x0000000000413b30                rte_eth_xstats_reset@@DPDK_2.2
                0x0000000000413b40                fclose@@GLIBC_2.2.5
                0x0000000000413b50                rte_eth_bond_xmit_policy_get@@DPDK_2.0
                0x0000000000413b60                rte_eth_dev_socket_id@@DPDK_2.2
                0x0000000000413b70                rte_eth_stats_reset@@DPDK_2.2
                0x0000000000413b80                rte_memzone_lookup@@DPDK_2.0
                0x0000000000413b90                rte_eth_dev_mac_addr_remove@@DPDK_2.2
                0x0000000000413ba0                strlen@@GLIBC_2.2.5
                0x0000000000413bb0                rte_get_rx_ol_flag_name@@DPDK_2.0
                0x0000000000413bc0                rte_get_tx_ol_flag_name@@DPDK_2.0
                0x0000000000413bd0                __stack_chk_fail@@GLIBC_2.4
                0x0000000000413be0                rte_eal_init@@DPDK_2.0
                0x0000000000413bf0                mmap@@GLIBC_2.2.5
                0x0000000000413c00                getopt_long@@GLIBC_2.2.5
                0x0000000000413c10                rte_eth_mirror_rule_reset@@DPDK_2.2
                0x0000000000413c20                rte_eth_dev_udp_tunnel_add@@DPDK_2.2
                0x0000000000413c30                strchr@@GLIBC_2.2.5
                0x0000000000413c40                cmdline_quit@@DPDK_2.0
                0x0000000000413c50                rte_eal_has_hugepages@@DPDK_2.0
                0x0000000000413c60                rte_eth_dev_rss_hash_conf_get@@DPDK_2.2
                0x0000000000413c70                rte_eth_dev_set_vlan_strip_on_queue@@DPDK_2.2
                0x0000000000413c80                cmdline_printf@@DPDK_2.0
                0x0000000000413c90                memset@@GLIBC_2.2.5
                0x0000000000413ca0                rte_eth_dev_close@@DPDK_2.2
                0x0000000000413cb0                strnlen@@GLIBC_2.2.5
                0x0000000000413cc0                rte_eth_dev_set_mc_addr_list@@DPDK_2.2
                0x0000000000413cd0                rte_eth_dev_rx_queue_start@@DPDK_2.2
                0x0000000000413ce0                close@@GLIBC_2.2.5
                0x0000000000413cf0                rte_exit@@DPDK_2.0
                0x0000000000413d00                rte_eth_dev_rss_reta_update@@DPDK_2.2
                0x0000000000413d10                rte_ring_list_dump@@DPDK_2.0
                0x0000000000413d20                cmdline_stdin_exit@@DPDK_2.0
                0x0000000000413d30                rte_eth_dev_priority_flow_ctrl_set@@DPDK_2.2
                0x0000000000413d40                read@@GLIBC_2.2.5
                0x0000000000413d50                __libc_start_main@@GLIBC_2.2.5
                0x0000000000413d60                rte_mempool_list_dump@@DPDK_2.0
                0x0000000000413d70                fgets@@GLIBC_2.2.5
                0x0000000000413d80                rte_eth_bond_create@@DPDK_2.0
                0x0000000000413d90                __tls_get_addr@@GLIBC_2.3
                0x0000000000413da0                strtoull@@GLIBC_2.2.5
                0x0000000000413db0                rte_mempool_xmem_create@@DPDK_2.0
                0x0000000000413dc0                rte_eth_dev_set_vlan_ether_type@@DPDK_2.2
                0x0000000000413dd0                calloc@@GLIBC_2.2.5
                0x0000000000413de0                strcmp@@GLIBC_2.2.5
                0x0000000000413df0                __memcpy_chk@@GLIBC_2.3.4
                0x0000000000413e00                rte_eth_bond_slave_remove@@DPDK_2.0
                0x0000000000413e20                rte_eth_bond_primary_get@@DPDK_2.0
                0x0000000000413e30                strtol@@GLIBC_2.2.5
                0x0000000000413e40                memcpy@@GLIBC_2.14
                0x0000000000413e50                rte_mempool_xmem_size@@DPDK_2.0
                0x0000000000413e60                cmdline_interact@@DPDK_2.0
                0x0000000000413e70                rte_eth_set_queue_rate_limit@@DPDK_2.2
                0x0000000000413e80                rte_eth_dev_uc_all_hash_table_set@@DPDK_2.2
                0x0000000000413e90                rte_eth_dev_tx_queue_stop@@DPDK_2.2
                0x0000000000413ea0                rte_memzone_dump@@DPDK_2.0
                0x0000000000413eb0                rte_eth_dev_info_get@@DPDK_2.2
                0x0000000000413ec0                rte_eth_dev_filter_ctrl@@DPDK_2.2
                0x0000000000413ed0                rte_eth_dev_udp_tunnel_delete@@DPDK_2.2
                0x0000000000413ee0                __stpcpy_chk@@GLIBC_2.3.4
                0x0000000000413ef0                rte_eth_dev_filter_supported@@DPDK_2.2
                0x0000000000413f00                rte_eth_dev_set_link_down@@DPDK_2.2
                0x0000000000413f10                rte_eth_dev_set_vf_rxmode@@DPDK_2.2
                0x0000000000413f20                rte_eth_dev_set_vf_rx@@DPDK_2.2
                0x0000000000413f30                rte_eth_bond_slave_add@@DPDK_2.0
                0x0000000000413f40                random@@GLIBC_2.2.5
                0x0000000000413f50                rte_eth_bond_link_monitoring_set@@DPDK_2.0
                0x0000000000413f60                rte_eth_dev_get_dcb_info@@DPDK_2.2
                0x0000000000413f70                rte_eth_bond_slaves_get@@DPDK_2.0
                0x0000000000413f80                rte_ring_lookup@@DPDK_2.0
                0x0000000000413f90                malloc@@GLIBC_2.2.5
                0x0000000000413fa0                fflush@@GLIBC_2.2.5
                0x0000000000413fb0                rte_eth_allmulticast_enable@@DPDK_2.2
                0x0000000000413fc0                rte_eth_link_get_nowait@@DPDK_2.2
                0x0000000000413fd0                rte_eth_bond_mode_get@@DPDK_2.0
                0x0000000000413fe0                rte_eth_dev_set_vlan_offload@@DPDK_2.2
                0x0000000000413ff0                rte_eth_bond_xmit_policy_set@@DPDK_2.0
                0x0000000000414000                rte_eth_dev_rss_hash_update@@DPDK_2.2
                0x0000000000414010                rte_eth_dev_set_vf_tx@@DPDK_2.2
                0x0000000000414020                rte_eth_xstats_get@@DPDK_2.2
                0x0000000000414030                rte_eth_dev_set_vf_vlan_filter@@DPDK_2.2
                0x0000000000414040                rte_eth_dev_set_vlan_pvid@@DPDK_2.2
                0x0000000000414050                rte_eth_dev_set_tx_queue_stats_mapping@@DPDK_2.2
                0x0000000000414060                cmdline_stdin_new@@DPDK_2.0
                0x0000000000414070                rte_eth_bond_mode_set@@DPDK_2.0
                0x0000000000414080                rte_eth_dev_start@@DPDK_2.2
                0x0000000000414090                rte_mem_virt2phy@@DPDK_2.0
                0x00000000004140a0                realloc@@GLIBC_2.2.5
                0x00000000004140b0                rte_eth_rx_queue_setup@@DPDK_2.2
                0x00000000004140c0                munmap@@GLIBC_2.2.5
                0x00000000004140d0                rte_eth_stats_get@@DPDK_2.2
                0x00000000004140e0                __rte_panic@@DPDK_2.0
                0x00000000004140f0                __printf_chk@@GLIBC_2.3.4
                0x0000000000414100                rte_eth_set_vf_rate_limit@@DPDK_2.2
                0x0000000000414110                rte_eth_tx_queue_info_get@@DPDK_2.2
                0x0000000000414120                rte_eal_devargs_dump@@DPDK_2.0
                0x0000000000414130                memmove@@GLIBC_2.2.5
                0x0000000000414140                rte_eth_rx_queue_info_get@@DPDK_2.2
                0x0000000000414150                rte_mempool_dump@@DPDK_2.0
                0x0000000000414160                open@@GLIBC_2.2.5
                0x0000000000414170                rte_eth_mirror_rule_set@@DPDK_2.2
                0x0000000000414180                rte_eth_promiscuous_enable@@DPDK_2.2
                0x0000000000414190                fopen@@GLIBC_2.2.5
                0x00000000004141a0                cmdline_parse_etheraddr@@DPDK_2.0
                0x00000000004141b0                rte_eth_dev_set_mtu@@DPDK_2.2
                0x00000000004141c0                perror@@GLIBC_2.2.5
                0x00000000004141d0                rte_zmalloc@@DPDK_2.0
                0x00000000004141e0                rte_eth_dev_count@@DPDK_2.2
                0x00000000004141f0                rte_log_dump_history@@DPDK_2.0
                0x0000000000414200                rte_eth_dev_set_rx_queue_stats_mapping@@DPDK_2.2
                0x0000000000414210                strtoul@@GLIBC_2.2.5
                0x0000000000414220                pread@@GLIBC_2.2.5
                0x0000000000414230                rte_eal_get_configuration@@DPDK_2.0
                0x0000000000414240                rte_eal_remote_launch@@DPDK_2.0
                0x0000000000414250                rte_eal_mp_wait_lcore@@DPDK_2.0
                0x0000000000414260                rte_eth_tx_queue_setup@@DPDK_2.2
                0x0000000000414270                getpagesize@@GLIBC_2.2.5
                0x0000000000414280                rte_eth_dev_stop@@DPDK_2.2
                0x0000000000414290                rte_mempool_xmem_usage@@DPDK_2.0
                0x00000000004142a0                rte_eth_dev_tx_queue_start@@DPDK_2.2
                0x00000000004142b0                rte_eth_allmulticast_get@@DPDK_2.2
                0x00000000004142c0                rte_ring_dump@@DPDK_2.0
                0x00000000004142d0                rte_eth_dev_configure@@DPDK_2.2
                0x00000000004142e0                rte_eth_allmulticast_disable@@DPDK_2.2
                0x00000000004142f0                strerror@@GLIBC_2.2.5
                0x0000000000414300                rte_strsplit@@DPDK_2.0
                0x0000000000414310                rte_dump_physmem_layout@@DPDK_2.0
                0x0000000000414320                rte_log@@DPDK_2.0
                0x0000000000414330                rte_eth_bond_active_slaves_get@@DPDK_2.0
                0x0000000000414340                strstr@@GLIBC_2.2.5
                0x0000000000414350                rte_eth_dev_flow_ctrl_get@@DPDK_2.2
                0x0000000000414360                rte_eth_macaddr_get@@DPDK_2.2
                0x0000000000414370                __ctype_b_loc@@GLIBC_2.3
                0x0000000000414380                rte_pktmbuf_pool_create@@DPDK_2.1
                0x0000000000414390                __sprintf_chk@@GLIBC_2.3.4
                0x00000000004143a0                rte_eth_dev_mac_addr_add@@DPDK_2.2
 *(.iplt)
 .iplt          0x00000000004143b0        0x0 /usr/lib/gcc/x86_64-linux-gnu/4.9/../../../x86_64-linux-gnu/crt1.o

.plt.bnd
 *(.plt.bnd)

.text           0x00000000004143b0    0x25a32
 *(.text.unlikely .text.*_unlikely .text.unlikely.*)
 .text.unlikely
                0x00000000004143b0        0x0 /usr/lib/gcc/x86_64-linux-gnu/4.9/crtbegin.o
 .text.unlikely
                0x00000000004143b0        0x0 testpmd.o
 .text.unlikely
                0x00000000004143b0        0x0 parameters.o
 .text.unlikely
                0x00000000004143b0        0x0 cmdline.o
 .text.unlikely
                0x00000000004143b0        0x0 config.o
 .text.unlikely
                0x00000000004143b0        0x0 iofwd.o
 .text.unlikely
                0x00000000004143b0        0x0 macfwd.o
 .text.unlikely
                0x00000000004143b0        0x0 macfwd-retry.o
 .text.unlikely
                0x00000000004143b0        0x0 macswap.o
 .text.unlikely
                0x00000000004143b0        0x0 flowgen.o
 .text.unlikely
                0x00000000004143b0        0x0 rxonly.o
 .text.unlikely
                0x00000000004143b0        0x0 txonly.o
 .text.unlikely
                0x00000000004143b0        0x0 csumonly.o
 .text.unlikely
                0x00000000004143b0        0x0 icmpecho.o
 .text.unlikely
                0x00000000004143b0        0x0 mempool_anon.o
 .text.unlikely
                0x00000000004143b0        0x0 /usr/lib/x86_64-linux-gnu/libc_nonshared.a(elf-init.oS)
 *(.text.exit .text.exit.*)
 *(.text.startup .text.startup.*)
 .text.startup  0x00000000004143b0      0x5f9 testpmd.o
                0x00000000004143b0                main
 *(.text.hot .text.hot.*)
 *(.text .stub .text.* .gnu.linkonce.t.*)
 *fill*         0x00000000004149a9        0x7 
 .text          0x00000000004149b0       0x2a /usr/lib/gcc/x86_64-linux-gnu/4.9/../../../x86_64-linux-gnu/crt1.o
                0x00000000004149b0                _start
 .text          0x00000000004149da        0x0 /usr/lib/gcc/x86_64-linux-gnu/4.9/../../../x86_64-linux-gnu/crti.o
 *fill*         0x00000000004149da        0x6 
 .text          0x00000000004149e0       0xc6 /usr/lib/gcc/x86_64-linux-gnu/4.9/crtbegin.o
 *fill*         0x0000000000414aa6        0xa 
 .text          0x0000000000414ab0     0x3825 testpmd.o
                0x0000000000416230                find_next_port
                0x0000000000416460                set_def_fwd_config
                0x00000000004166e0                init_fwd_streams
                0x00000000004169e0                start_packet_forwarding
                0x0000000000416cb0                stop_packet_forwarding
                0x0000000000416d40                dev_set_link_up
                0x0000000000416d70                dev_set_link_down
                0x0000000000416da0                all_ports_stopped
                0x0000000000416e10                port_is_started
                0x0000000000416e50                start_port
                0x0000000000417470                stop_port
                0x0000000000417600                close_port
                0x00000000004177a0                detach_port
                0x0000000000417910                pmd_test_exit
                0x00000000004179d0                init_port_config
                0x0000000000417c30                reconfig
                0x0000000000417c80                attach_port
                0x0000000000417e30                set_port_slave_flag
                0x0000000000417e50                clear_port_slave_flag
                0x0000000000417e70                init_port_dcb_config
 *fill*         0x00000000004182d5        0xb 
 .text          0x00000000004182e0     0x2103 parameters.o
                0x0000000000418870                launch_args_parse
 *fill*         0x000000000041a3e3        0xd 
 .text          0x000000000041a3f0     0x87d2 cmdline.o
                0x0000000000422580                parse_item_list
                0x0000000000422b10                prompt
 *fill*         0x0000000000422bc2        0xe 
 .text          0x0000000000422bd0     0x5d5f config.o
                0x0000000000422eb0                nic_xstats_display
                0x0000000000422fa0                nic_xstats_clear
                0x0000000000422fb0                rx_queue_infos_display
                0x00000000004231a0                tx_queue_infos_display
                0x0000000000423360                port_id_is_invalid
                0x00000000004233d0                nic_stats_display
                0x00000000004236c0                nic_stats_clear
                0x0000000000423780                nic_stats_mapping_display
                0x0000000000423980                port_infos_display
                0x0000000000424080                port_reg_bit_display
                0x00000000004241a0                port_reg_bit_field_display
                0x0000000000424350                port_reg_display
                0x0000000000424420                port_reg_bit_set
                0x0000000000424570                port_reg_bit_field_set
                0x0000000000424740                port_reg_set
                0x0000000000424830                port_mtu_set
                0x0000000000424880                rx_queue_id_is_invalid
                0x00000000004248c0                tx_queue_id_is_invalid
                0x0000000000424900                rx_ring_desc_display
                0x0000000000424b30                tx_ring_desc_display
                0x0000000000424ca0                fwd_lcores_config_display
                0x0000000000424d00                rxtx_config_display
                0x0000000000424e90                port_rss_reta_info
                0x0000000000424f50                port_rss_hash_conf_show
                0x0000000000425560                port_rss_hash_key_update
                0x00000000004257f0                fwd_config_setup
                0x0000000000426260                fwd_config_display
                0x0000000000426530                set_fwd_lcores_list
                0x0000000000426650                set_fwd_lcores_mask
                0x00000000004266e0                set_fwd_lcores_number
                0x0000000000426730                set_fwd_ports_list
                0x00000000004267f0                set_fwd_ports_mask
                0x0000000000426880                set_fwd_ports_number
                0x00000000004268d0                set_nb_pkt_per_burst
                0x0000000000426920                set_tx_pkt_split
                0x00000000004269b0                show_tx_pkt_segments
                0x0000000000426ab0                set_tx_pkt_segments
                0x0000000000426d80                list_pkt_forwarding_modes
                0x0000000000426e80                set_pkt_forwarding_mode
                0x0000000000426f10                set_verbose_level
                0x0000000000426f50                vlan_extend_set
                0x0000000000426fb0                rx_vlan_strip_set
                0x0000000000427010                rx_vlan_strip_set_on_queue
                0x0000000000427070                rx_vlan_filter_set
                0x00000000004270d0                rx_vft_set
                0x0000000000427190                rx_vlan_all_filter_set
                0x00000000004271d0                vlan_tpid_set
                0x0000000000427220                tx_vlan_reset
                0x0000000000427270                tx_vlan_set
                0x00000000004272f0                tx_qinq_set
                0x00000000004273c0                tx_vlan_pvid_set
                0x0000000000427400                set_qmap
                0x0000000000427580                fdir_get_infos
                0x0000000000427e40                fdir_set_flex_mask
                0x0000000000427ed0                fdir_set_flex_payload
                0x0000000000428020                set_vf_traffic
                0x00000000004280c0                set_vf_rx_vlan
                0x0000000000428160                set_queue_rate_limit
                0x0000000000428220                set_vf_rate_limit
                0x0000000000428300                mcast_addr_add
                0x00000000004284b0                mcast_addr_remove
                0x0000000000428670                port_dcb_info_display
 *fill*         0x000000000042892f        0x1 
 .text          0x0000000000428930      0x9de iofwd.o
 *fill*         0x000000000042930e        0x2 
 .text          0x0000000000429310      0xaca macfwd.o
 *fill*         0x0000000000429dda        0x6 
 .text          0x0000000000429de0      0xb95 macfwd-retry.o
 *fill*         0x000000000042a975        0xb 
 .text          0x000000000042a980      0xaaa macswap.o
 *fill*         0x000000000042b42a        0x6 
 .text          0x000000000042b430      0xfde flowgen.o
 *fill*         0x000000000042c40e        0x2 
 .text          0x000000000042c410     0x133a rxonly.o
 *fill*         0x000000000042d74a        0x6 
 .text          0x000000000042d750     0x612f txonly.o
 *fill*         0x000000000043387f        0x1 
 .text          0x0000000000433880     0x4d83 csumonly.o
 *fill*         0x0000000000438603        0xd 
 .text          0x0000000000438610     0x1358 icmpecho.o
 *fill*         0x0000000000439968        0x8 
 .text          0x0000000000439970      0x3fc mempool_anon.o
                0x0000000000439970                mempool_anon_create
 *fill*         0x0000000000439d6c        0x4 
 .text          0x0000000000439d70       0x72 /usr/lib/x86_64-linux-gnu/libc_nonshared.a(elf-init.oS)
                0x0000000000439d70                __libc_csu_init
                0x0000000000439de0                __libc_csu_fini
 .text          0x0000000000439de2        0x0 /usr/lib/gcc/x86_64-linux-gnu/4.9/crtend.o
 .text          0x0000000000439de2        0x0 /usr/lib/gcc/x86_64-linux-gnu/4.9/../../../x86_64-linux-gnu/crtn.o
 *(.gnu.warning)

.fini           0x0000000000439de4        0x9
 *(SORT(.fini))
 .fini          0x0000000000439de4        0x4 /usr/lib/gcc/x86_64-linux-gnu/4.9/../../../x86_64-linux-gnu/crti.o
                0x0000000000439de4                _fini
 .fini          0x0000000000439de8        0x5 /usr/lib/gcc/x86_64-linux-gnu/4.9/../../../x86_64-linux-gnu/crtn.o
                [!provide]                        PROVIDE (__etext, .)
                [!provide]                        PROVIDE (_etext, .)
                [!provide]                        PROVIDE (etext, .)

.rodata         0x0000000000439e00     0xee64
 *(.rodata .rodata.* .gnu.linkonce.r.*)
 .rodata.cst4   0x0000000000439e00        0x4 /usr/lib/gcc/x86_64-linux-gnu/4.9/../../../x86_64-linux-gnu/crt1.o
                0x0000000000439e00                _IO_stdin_used
 *fill*         0x0000000000439e04        0x4 
 .rodata.str1.8
                0x0000000000439e08      0xbe3 testpmd.o
 .rodata.str1.1
                0x000000000043a9eb      0x353 testpmd.o
                                        0x35b (size before relaxing)
 *fill*         0x000000000043ad3e        0x2 
 .rodata        0x000000000043ad40       0x80 testpmd.o
                0x000000000043ad80                vlan_tags
 .rodata.cst16  0x000000000043adc0       0x20 testpmd.o
 .rodata.str1.1
                0x000000000043ade0      0x4d7 parameters.o
                                        0x50b (size before relaxing)
 *fill*         0x000000000043b2b7        0x1 
 .rodata.str1.8
                0x000000000043b2b8     0x1779 parameters.o
 *fill*         0x000000000043ca31        0x7 
 .rodata.str1.8
                0x000000000043ca38     0x7a1b cmdline.o
 .rodata.str1.1
                0x0000000000444453      0xe5e cmdline.o
                                       0x1088 (size before relaxing)
 *fill*         0x00000000004452b1        0xf 
 .rodata        0x00000000004452c0      0x6c0 cmdline.o
 .rodata.str1.8
                0x0000000000445980     0x1863 config.o
 .rodata.str1.1
                0x00000000004471e3      0x810 config.o
                                        0x89a (size before relaxing)
 *fill*         0x00000000004479f3        0xd 
 .rodata        0x0000000000447a00      0x2c0 config.o
 .rodata.cst16  0x0000000000447cc0       0x20 config.o
 .rodata.str1.1
                0x0000000000447ce0        0x3 iofwd.o
 .rodata.str1.1
                0x0000000000447ce3        0x4 macfwd.o
 .rodata.str1.1
                0x0000000000447ce3        0xa macfwd-retry.o
 .rodata.str1.1
                0x0000000000447ce3        0x8 macswap.o
 .rodata.str1.1
                0x0000000000447ceb        0x8 flowgen.o
                                          0xe (size before relaxing)
 *fill*         0x0000000000447cf3        0x5 
 .rodata.str1.8
                0x0000000000447cf8       0x3f flowgen.o
 .rodata        0x0000000000447d37       0x16 flowgen.o
 *fill*         0x0000000000447d4d        0x3 
 .rodata.str1.8
                0x0000000000447d50      0x1cd rxonly.o
 .rodata.str1.1
                0x0000000000447f1d      0x437 rxonly.o
                                        0x467 (size before relaxing)
 .rodata        0x0000000000448354       0xca txonly.o
 .rodata.str1.1
                0x000000000044841e        0x7 txonly.o
                                          0xd (size before relaxing)
 *fill*         0x0000000000448425        0x3 
 .rodata.str1.8
                0x0000000000448428       0x3e txonly.o
                                         0x7e (size before relaxing)
 .rodata.str1.1
                0x0000000000448466       0x20 csumonly.o
                                         0x41 (size before relaxing)
 *fill*         0x0000000000448486        0x2 
 .rodata.str1.8
                0x0000000000448488      0x1f5 csumonly.o
                                        0x235 (size before relaxing)
 *fill*         0x000000000044867d        0x3 
 .rodata        0x0000000000448680       0xaa csumonly.o
 *fill*         0x000000000044872a        0x6 
 .rodata.cst16  0x0000000000448730       0x20 csumonly.o
                                         0x40 (size before relaxing)
 .rodata.str1.1
                0x0000000000448750      0x2e3 icmpecho.o
                                        0x353 (size before relaxing)
 *fill*         0x0000000000448a33        0x5 
 .rodata.str1.8
                0x0000000000448a38       0x78 icmpecho.o
 .rodata        0x0000000000448ab0       0x28 icmpecho.o
 .rodata.str1.8
                0x0000000000448ad8      0x160 mempool_anon.o
                                        0x159 (size before relaxing)
 .rodata.str1.1
                0x0000000000448c38       0x13 mempool_anon.o
                                         0x19 (size before relaxing)
 *fill*         0x0000000000448c4b        0x5 
 .rodata        0x0000000000448c50       0x14 mempool_anon.o

.rodata1
 *(.rodata1)

.eh_frame_hdr   0x0000000000448c64      0x73c
 *(.eh_frame_hdr)
 .eh_frame_hdr  0x0000000000448c64      0x73c /usr/lib/gcc/x86_64-linux-gnu/4.9/../../../x86_64-linux-gnu/crt1.o

.eh_frame       0x00000000004493a0     0x348c
 *(.eh_frame)
 .eh_frame      0x00000000004493a0       0x30 /usr/lib/gcc/x86_64-linux-gnu/4.9/../../../x86_64-linux-gnu/crt1.o
 .eh_frame      0x00000000004493d0       0x40 /usr/lib/gcc/x86_64-linux-gnu/4.9/../../../x86_64-linux-gnu/crt1.o
 .eh_frame      0x0000000000449410      0x7f8 testpmd.o
                                        0x7d8 (size before relaxing)
 .eh_frame      0x0000000000449c08       0xf0 parameters.o
                                        0x108 (size before relaxing)
 .eh_frame      0x0000000000449cf8     0x12c8 cmdline.o
                                       0x11b8 (size before relaxing)
 .eh_frame      0x000000000044afc0     0x1108 config.o
                                       0x1098 (size before relaxing)
 .eh_frame      0x000000000044c0c8       0x50 iofwd.o
                                         0x68 (size before relaxing)
 .eh_frame      0x000000000044c118       0x50 macfwd.o
                                         0x68 (size before relaxing)
 .eh_frame      0x000000000044c168       0x50 macfwd-retry.o
                                         0x68 (size before relaxing)
 .eh_frame      0x000000000044c1b8       0x50 macswap.o
                                         0x68 (size before relaxing)
 .eh_frame      0x000000000044c208       0xa0 flowgen.o
                                         0xb8 (size before relaxing)
 .eh_frame      0x000000000044c2a8       0xd8 rxonly.o
                                         0xf0 (size before relaxing)
 .eh_frame      0x000000000044c380      0x140 txonly.o
                                        0x150 (size before relaxing)
 .eh_frame      0x000000000044c4c0       0xf8 csumonly.o
                                        0x108 (size before relaxing)
 .eh_frame      0x000000000044c5b8      0x150 icmpecho.o
                                        0x160 (size before relaxing)
 .eh_frame      0x000000000044c708       0xc0 mempool_anon.o
                                         0xd8 (size before relaxing)
 .eh_frame      0x000000000044c7c8       0x60 /usr/lib/x86_64-linux-gnu/libc_nonshared.a(elf-init.oS)
                                         0x78 (size before relaxing)
 .eh_frame      0x000000000044c828        0x4 /usr/lib/gcc/x86_64-linux-gnu/4.9/crtend.o

.gcc_except_table
 *(.gcc_except_table .gcc_except_table.*)

.exception_ranges
 *(.exception_ranges .exception_ranges*)
                0x000000000044c82c                . = (ALIGN (0x200000) - ((0x200000 - .) & 0x1fffff))
                0x000000000064c94c                . = DATA_SEGMENT_ALIGN (0x200000, 0x1000)

.eh_frame
 *(.eh_frame)

.gcc_except_table
 *(.gcc_except_table .gcc_except_table.*)

.exception_ranges
 *(.exception_ranges .exception_ranges*)

.tdata
 *(.tdata .tdata.* .gnu.linkonce.td.*)

.tbss
 *(.tbss .tbss.* .gnu.linkonce.tb.*)
 *(.tcommon)

.preinit_array  0x000000000064c94c        0x0
                [!provide]                        PROVIDE (__preinit_array_start, .)
 *(.preinit_array)
                [!provide]                        PROVIDE (__preinit_array_end, .)

.init_array     0x000000000064c950        0x8
                0x000000000064c950                PROVIDE (__init_array_start, .)
 *(SORT(.init_array.*) SORT(.ctors.*))
 *(.init_array EXCLUDE_FILE(*crtend?.o *crtend.o *crtbegin?.o *crtbegin.o) .ctors)
 .init_array    0x000000000064c950        0x8 /usr/lib/gcc/x86_64-linux-gnu/4.9/crtbegin.o
                0x000000000064c958                PROVIDE (__init_array_end, .)

.fini_array     0x000000000064c958        0x8
                [!provide]                        PROVIDE (__fini_array_start, .)
 *(SORT(.fini_array.*) SORT(.dtors.*))
 *(.fini_array EXCLUDE_FILE(*crtend?.o *crtend.o *crtbegin?.o *crtbegin.o) .dtors)
 .fini_array    0x000000000064c958        0x8 /usr/lib/gcc/x86_64-linux-gnu/4.9/crtbegin.o
                [!provide]                        PROVIDE (__fini_array_end, .)

.ctors
 *crtbegin.o(.ctors)
 *crtbegin?.o(.ctors)
 *(EXCLUDE_FILE(*crtend?.o *crtend.o) .ctors)
 *(SORT(.ctors.*))
 *(.ctors)

.dtors
 *crtbegin.o(.dtors)
 *crtbegin?.o(.dtors)
 *(EXCLUDE_FILE(*crtend?.o *crtend.o) .dtors)
 *(SORT(.dtors.*))
 *(.dtors)

.jcr            0x000000000064c960        0x8
 *(.jcr)
 .jcr           0x000000000064c960        0x0 /usr/lib/gcc/x86_64-linux-gnu/4.9/crtbegin.o
 .jcr           0x000000000064c960        0x8 /usr/lib/gcc/x86_64-linux-gnu/4.9/crtend.o

.data.rel.ro    0x000000000064c980      0x388
 *(.data.rel.ro.local* .gnu.linkonce.d.rel.ro.local.*)
 .data.rel.ro.local
                0x000000000064c980       0x30 config.o
 *fill*         0x000000000064c9b0       0x10 
 .data.rel.ro.local
                0x000000000064c9c0      0x348 icmpecho.o
 *(.data.rel.ro .data.rel.ro.* .gnu.linkonce.d.rel.ro.*)

.dynamic        0x000000000064cd08      0x240
 *(.dynamic)
 .dynamic       0x000000000064cd08      0x240 /usr/lib/gcc/x86_64-linux-gnu/4.9/../../../x86_64-linux-gnu/crt1.o
                0x000000000064cd08                _DYNAMIC

.got            0x000000000064cf48       0x98
 *(.got)
 .got           0x000000000064cf48       0x98 /usr/lib/gcc/x86_64-linux-gnu/4.9/../../../x86_64-linux-gnu/crt1.o
 *(.igot)
                0x000000000064cfe8                . = DATA_SEGMENT_RELRO_END (., (SIZEOF (.got.plt) >= 0x18)?0x18:0x0)

.got.plt        0x000000000064d000      0x508
 *(.got.plt)
 .got.plt       0x000000000064d000      0x508 /usr/lib/gcc/x86_64-linux-gnu/4.9/../../../x86_64-linux-gnu/crt1.o
                0x000000000064d000                _GLOBAL_OFFSET_TABLE_
 *(.igot.plt)
 .igot.plt      0x000000000064d508        0x0 /usr/lib/gcc/x86_64-linux-gnu/4.9/../../../x86_64-linux-gnu/crt1.o

.data           0x000000000064d540     0x8e20
 *(.data .data.* .gnu.linkonce.d.*)
 .data          0x000000000064d540        0x4 /usr/lib/gcc/x86_64-linux-gnu/4.9/../../../x86_64-linux-gnu/crt1.o
                0x000000000064d540                data_start
                0x000000000064d540                __data_start
 .data          0x000000000064d544        0x0 /usr/lib/gcc/x86_64-linux-gnu/4.9/../../../x86_64-linux-gnu/crti.o
 *fill*         0x000000000064d544        0x4 
 .data          0x000000000064d548        0x8 /usr/lib/gcc/x86_64-linux-gnu/4.9/crtbegin.o
                0x000000000064d548                __dso_handle
 *fill*         0x000000000064d550       0x30 
 .data          0x000000000064d580      0x543 testpmd.o
                0x000000000064d580                test_done
                0x000000000064d5c0                fdir_conf
                0x000000000064d874                rx_mode
                0x000000000064d880                rss_hf
                0x000000000064d888                txq_flags
                0x000000000064d88c                tx_rs_thresh
                0x000000000064d88e                tx_free_thresh
                0x000000000064d890                rx_drop_en
                0x000000000064d892                rx_free_thresh
                0x000000000064d894                tx_wthresh
                0x000000000064d895                tx_hthresh
                0x000000000064d896                tx_pthresh
                0x000000000064d897                rx_wthresh
                0x000000000064d898                rx_hthresh
                0x000000000064d899                rx_pthresh
                0x000000000064d89a                nb_txd
                0x000000000064d89c                nb_rxd
                0x000000000064d89e                nb_txq
                0x000000000064d8a0                nb_rxq
                0x000000000064d8a2                mb_mempool_cache
                0x000000000064d8a4                nb_pkt_per_burst
                0x000000000064d8a6                tx_pkt_nb_segs
                0x000000000064d8c0                tx_pkt_seg_lengths
                0x000000000064dabe                tx_pkt_length
                0x000000000064dac0                mbuf_data_size
                0x000000000064dac2                socket_num
 *fill*         0x000000000064dac3       0x3d 
 .data.rel      0x000000000064db00       0x90 testpmd.o
                0x000000000064db00                rx_queue_stats_mappings
                0x000000000064db08                tx_queue_stats_mappings
                0x000000000064db10                cur_fwd_eng
                0x000000000064db40                fwd_engines
 .data          0x000000000064db90        0x0 parameters.o
 *fill*         0x000000000064db90       0x30 
 .data.rel.local
                0x000000000064dbc0      0x700 parameters.o
 .data          0x000000000064e2c0       0xea cmdline.o
 *fill*         0x000000000064e3aa       0x16 
 .data.rel      0x000000000064e3c0     0x7c58 cmdline.o
                0x000000000064e3c0                main_ctx
                0x000000000064e7d0                cmd_mcast_addr
                0x000000000064e810                cmd_mcast_addr_addr
                0x000000000064e820                cmd_mcast_addr_portnum
                0x000000000064e840                cmd_mcast_addr_what
                0x000000000064e860                cmd_mcast_addr_cmd
                0x000000000064e880                cmd_set_fdir_input_set
                0x000000000064e8d0                cmd_set_fdir_input_set_select
                0x000000000064e8f0                cmd_set_fdir_input_set_field
                0x000000000064e910                cmd_set_fdir_input_set_flow_type
                0x000000000064e930                cmd_set_fdir_input_set_port_id
                0x000000000064e950                cmd_set_fdir_input_set_cmd
                0x000000000064e970                cmd_set_hash_input_set
                0x000000000064e9c0                cmd_set_hash_input_set_select
                0x000000000064e9e0                cmd_set_hash_input_set_field
                0x000000000064ea00                cmd_set_hash_input_set_flow_type
                0x000000000064ea20                cmd_set_hash_input_set_port_id
                0x000000000064ea40                cmd_set_hash_input_set_cmd
                0x000000000064ea60                cmd_set_hash_global_config
                0x000000000064eab0                cmd_set_hash_global_config_enable
                0x000000000064ead0                cmd_set_hash_global_config_flow_type
                0x000000000064eaf0                cmd_set_hash_global_config_hash_func
                0x000000000064eb10                cmd_set_hash_global_config_port_id
                0x000000000064eb30                cmd_set_hash_global_config_all
                0x000000000064eb50                cmd_get_hash_global_config
                0x000000000064eb80                cmd_get_hash_global_config_port_id
                0x000000000064eba0                cmd_get_hash_global_config_all
                0x000000000064ebc0                cmd_set_sym_hash_ena_per_port
                0x000000000064ec00                cmd_set_sym_hash_ena_per_port_enable
                0x000000000064ec20                cmd_set_sym_hash_ena_per_port_port_id
                0x000000000064ec40                cmd_set_sym_hash_ena_per_port_all
                0x000000000064ec60                cmd_get_sym_hash_ena_per_port
                0x000000000064ec90                cmd_get_sym_hash_ena_per_port_port_id
                0x000000000064ecb0                cmd_get_sym_hash_ena_per_port_all
                0x000000000064ecd0                cmd_set_flow_director_flex_payload
                0x000000000064ed10                cmd_flow_director_flexpayload_payload_cfg
                0x000000000064ed30                cmd_flow_director_flexpayload_payload_layer
                0x000000000064ed50                cmd_flow_director_flexpayload_port_id
                0x000000000064ed70                cmd_flow_director_flexpayload
                0x000000000064ed90                cmd_set_flow_director_flex_mask
                0x000000000064ede0                cmd_flow_director_flexmask_mask
                0x000000000064ee00                cmd_flow_director_flexmask_flow_type
                0x000000000064ee20                cmd_flow_director_flexmask_flow
                0x000000000064ee40                cmd_flow_director_flexmask_port_id
                0x000000000064ee60                cmd_flow_director_flexmask
                0x000000000064ee80                cmd_set_flow_director_tunnel_mask
                0x000000000064ef00                cmd_set_flow_director_mac_vlan_mask
                0x000000000064ef60                cmd_set_flow_director_ip_mask
                0x000000000064eff0                cmd_flow_director_mask_tunnel_id_value
                0x000000000064f010                cmd_flow_director_mask_tunnel_id
                0x000000000064f030                cmd_flow_director_mask_tunnel_type_value
                0x000000000064f050                cmd_flow_director_mask_tunnel_type
                0x000000000064f070                cmd_flow_director_mask_mac_value
                0x000000000064f090                cmd_flow_director_mask_mac
                0x000000000064f0b0                cmd_flow_director_mask_mode_tunnel
                0x000000000064f0d0                cmd_flow_director_mask_mode_mac_vlan
                0x000000000064f0f0                cmd_flow_director_mask_mode_ip
                0x000000000064f110                cmd_flow_director_mask_mode
                0x000000000064f130                cmd_flow_director_mask_port_dst
                0x000000000064f150                cmd_flow_director_mask_ipv6_dst
                0x000000000064f170                cmd_flow_director_mask_ipv4_dst
                0x000000000064f190                cmd_flow_director_mask_dst
                0x000000000064f1b0                cmd_flow_director_mask_port_src
                0x000000000064f1d0                cmd_flow_director_mask_ipv6_src
                0x000000000064f1f0                cmd_flow_director_mask_ipv4_src
                0x000000000064f210                cmd_flow_director_mask_src
                0x000000000064f230                cmd_flow_director_mask_vlan_value
                0x000000000064f250                cmd_flow_director_mask_vlan
                0x000000000064f270                cmd_flow_director_mask_port_id
                0x000000000064f290                cmd_flow_director_mask
                0x000000000064f2b0                cmd_flush_flow_director
                0x000000000064f2e0                cmd_flush_flow_director_port_id
                0x000000000064f300                cmd_flush_flow_director_flush
                0x000000000064f320                cmd_add_del_tunnel_flow_director
                0x000000000064f3e0                cmd_add_del_mac_vlan_flow_director
                0x000000000064f480                cmd_add_del_l2_flow_director
                0x000000000064f530                cmd_add_del_sctp_flow_director
                0x000000000064f620                cmd_add_del_udp_flow_director
                0x000000000064f700                cmd_add_del_ip_flow_director
                0x000000000064f7d0                cmd_flow_director_tunnel_id_value
                0x000000000064f7f0                cmd_flow_director_tunnel_id
                0x000000000064f810                cmd_flow_director_tunnel_type
                0x000000000064f830                cmd_flow_director_tunnel
                0x000000000064f850                cmd_flow_director_mac_addr
                0x000000000064f860                cmd_flow_director_mac
                0x000000000064f880                cmd_flow_director_mode_tunnel
                0x000000000064f8a0                cmd_flow_director_mode_mac_vlan
                0x000000000064f8c0                cmd_flow_director_mode_ip
                0x000000000064f8e0                cmd_flow_director_mode
                0x000000000064f900                cmd_flow_director_fd_id_value
                0x000000000064f920                cmd_flow_director_fd_id
                0x000000000064f940                cmd_flow_director_queue_id
                0x000000000064f960                cmd_flow_director_queue
                0x000000000064f980                cmd_flow_director_pf_vf
                0x000000000064f9a0                cmd_flow_director_drop
                0x000000000064f9c0                cmd_flow_director_flexbytes_value
                0x000000000064f9e0                cmd_flow_director_flexbytes
                0x000000000064fa00                cmd_flow_director_vlan_value
                0x000000000064fa20                cmd_flow_director_vlan
                0x000000000064fa40                cmd_flow_director_verify_tag_value
                0x000000000064fa60                cmd_flow_director_verify_tag
                0x000000000064fa80                cmd_flow_director_port_dst
                0x000000000064faa0                cmd_flow_director_ip_dst
                0x000000000064fac0                cmd_flow_director_dst
                0x000000000064fae0                cmd_flow_director_port_src
                0x000000000064fb00                cmd_flow_director_ip_src
                0x000000000064fb20                cmd_flow_director_src
                0x000000000064fb40                cmd_flow_director_ether_type
                0x000000000064fb60                cmd_flow_director_ether
                0x000000000064fb80                cmd_flow_director_flow_type
                0x000000000064fba0                cmd_flow_director_flow
                0x000000000064fbc0                cmd_flow_director_ops
                0x000000000064fbe0                cmd_flow_director_port_id
                0x000000000064fc00                cmd_flow_director_filter
                0x000000000064fc20                cmd_ethertype_filter
                0x000000000064fc90                cmd_ethertype_filter_queue_id
                0x000000000064fcb0                cmd_ethertype_filter_queue
                0x000000000064fcd0                cmd_ethertype_filter_drop
                0x000000000064fcf0                cmd_ethertype_filter_ethertype_value
                0x000000000064fd10                cmd_ethertype_filter_ethertype
                0x000000000064fd30                cmd_ethertype_filter_mac_addr
                0x000000000064fd40                cmd_ethertype_filter_mac
                0x000000000064fd60                cmd_ethertype_filter_ops
                0x000000000064fd80                cmd_ethertype_filter_port_id
                0x000000000064fda0                cmd_ethertype_filter_filter
                0x000000000064fdc0                cmd_flex_filter
                0x000000000064fe50                cmd_flex_filter_queue_id
                0x000000000064fe70                cmd_flex_filter_queue
                0x000000000064fe90                cmd_flex_filter_priority_value
                0x000000000064feb0                cmd_flex_filter_priority
                0x000000000064fed0                cmd_flex_filter_mask_value
                0x000000000064fef0                cmd_flex_filter_mask
                0x000000000064ff10                cmd_flex_filter_bytes_value
                0x000000000064ff30                cmd_flex_filter_bytes
                0x000000000064ff50                cmd_flex_filter_len_value
                0x000000000064ff70                cmd_flex_filter_len
                0x000000000064ff90                cmd_flex_filter_ops
                0x000000000064ffb0                cmd_flex_filter_port_id
                0x000000000064ffd0                cmd_flex_filter_filter
                0x000000000064fff0                cmd_5tuple_filter
                0x00000000006500c0                cmd_5tuple_filter_queue_id
                0x00000000006500e0                cmd_5tuple_filter_queue
                0x0000000000650100                cmd_5tuple_filter_priority_value
                0x0000000000650120                cmd_5tuple_filter_priority
                0x0000000000650140                cmd_5tuple_filter_tcp_flags_value
                0x0000000000650160                cmd_5tuple_filter_tcp_flags
                0x0000000000650180                cmd_5tuple_filter_mask_value
                0x00000000006501a0                cmd_5tuple_filter_mask
                0x00000000006501c0                cmd_5tuple_filter_protocol_value
                0x00000000006501e0                cmd_5tuple_filter_protocol
                0x0000000000650200                cmd_5tuple_filter_src_port_value
                0x0000000000650220                cmd_5tuple_filter_src_port
                0x0000000000650240                cmd_5tuple_filter_dst_port_value
                0x0000000000650260                cmd_5tuple_filter_dst_port
                0x0000000000650280                cmd_5tuple_filter_src_ip_value
                0x00000000006502a0                cmd_5tuple_filter_src_ip
                0x00000000006502c0                cmd_5tuple_filter_dst_ip_value
                0x00000000006502e0                cmd_5tuple_filter_dst_ip
                0x0000000000650300                cmd_5tuple_filter_ops
                0x0000000000650320                cmd_5tuple_filter_port_id
                0x0000000000650340                cmd_5tuple_filter_filter
                0x0000000000650360                cmd_2tuple_filter
                0x0000000000650400                cmd_2tuple_filter_queue_id
                0x0000000000650420                cmd_2tuple_filter_queue
                0x0000000000650440                cmd_2tuple_filter_priority_value
                0x0000000000650460                cmd_2tuple_filter_priority
                0x0000000000650480                cmd_2tuple_filter_tcp_flags_value
                0x00000000006504a0                cmd_2tuple_filter_tcp_flags
                0x00000000006504c0                cmd_2tuple_filter_mask_value
                0x00000000006504e0                cmd_2tuple_filter_mask
                0x0000000000650500                cmd_2tuple_filter_protocol_value
                0x0000000000650520                cmd_2tuple_filter_protocol
                0x0000000000650540                cmd_2tuple_filter_dst_port_value
                0x0000000000650560                cmd_2tuple_filter_dst_port
                0x0000000000650580                cmd_2tuple_filter_ops
                0x00000000006505a0                cmd_2tuple_filter_port_id
                0x00000000006505c0                cmd_2tuple_filter_filter
                0x00000000006505e0                cmd_syn_filter
                0x0000000000650640                cmd_syn_filter_queue_id
                0x0000000000650660                cmd_syn_filter_queue
                0x0000000000650680                cmd_syn_filter_high
                0x00000000006506a0                cmd_syn_filter_priority
                0x00000000006506c0                cmd_syn_filter_ops
                0x00000000006506e0                cmd_syn_filter_port_id
                0x0000000000650700                cmd_syn_filter_filter
                0x0000000000650720                cmd_dump_one
                0x0000000000650750                cmd_dump_one_name
                0x0000000000650770                cmd_dump_one_dump
                0x0000000000650790                cmd_dump
                0x00000000006507c0                cmd_dump_dump
                0x00000000006507e0                cmd_reset_mirror_rule
                0x0000000000650830                cmd_rm_mirror_rule_ruleid
                0x0000000000650850                cmd_rm_mirror_rule_mirror
                0x0000000000650870                cmd_rm_mirror_rule_portid
                0x0000000000650890                cmd_rm_mirror_rule_port
                0x00000000006508b0                cmd_rm_mirror_rule_reset
                0x00000000006508d0                cmd_set_mirror_link
                0x0000000000650940                cmd_mirror_link_on
                0x0000000000650960                cmd_mirror_link_poolid
                0x0000000000650980                cmd_mirror_link_dstpool
                0x00000000006509a0                cmd_mirror_link_what
                0x00000000006509c0                cmd_mirror_link_ruleid
                0x00000000006509e0                cmd_mirror_link_mirror
                0x0000000000650a00                cmd_mirror_link_portid
                0x0000000000650a20                cmd_mirror_link_port
                0x0000000000650a40                cmd_mirror_link_set
                0x0000000000650a60                cmd_set_mirror_mask
                0x0000000000650ad0                cmd_mirror_mask_on
                0x0000000000650af0                cmd_mirror_mask_poolid
                0x0000000000650b10                cmd_mirror_mask_dstpool
                0x0000000000650b30                cmd_mirror_mask_value
                0x0000000000650b50                cmd_mirror_mask_what
                0x0000000000650b70                cmd_mirror_mask_ruleid
                0x0000000000650b90                cmd_mirror_mask_mirror
                0x0000000000650bb0                cmd_mirror_mask_portid
                0x0000000000650bd0                cmd_mirror_mask_port
                0x0000000000650bf0                cmd_mirror_mask_set
                0x0000000000650c10                cmd_global_config
                0x0000000000650c50                cmd_global_config_gre_key_len
                0x0000000000650c70                cmd_global_config_type
                0x0000000000650c90                cmd_global_config_port_id
                0x0000000000650cb0                cmd_global_config_cmd
                0x0000000000650cd0                cmd_tunnel_udp_config
                0x0000000000650d10                cmd_tunnel_udp_config_port_id
                0x0000000000650d30                cmd_tunnel_udp_config_udp_port
                0x0000000000650d50                cmd_tunnel_udp_config_what
                0x0000000000650d70                cmd_tunnel_udp_config_cmd
                0x0000000000650d90                cmd_tunnel_filter
                0x0000000000650e10                cmd_tunnel_filter_queue_num
                0x0000000000650e30                cmd_tunnel_filter_tenant_id
                0x0000000000650e50                cmd_tunnel_filter_filter_type
                0x0000000000650e70                cmd_tunnel_filter_tunnel_type
                0x0000000000650e90                cmd_tunnel_filter_ip_value
                0x0000000000650eb0                cmd_tunnel_filter_innner_vlan
                0x0000000000650ed0                cmd_tunnel_filter_inner_mac
                0x0000000000650ee0                cmd_tunnel_filter_outer_mac
                0x0000000000650ef0                cmd_tunnel_filter_port_id
                0x0000000000650f10                cmd_tunnel_filter_what
                0x0000000000650f30                cmd_tunnel_filter_cmd
                0x0000000000650f50                cmd_vf_rate_limit
                0x0000000000650fc0                cmd_vf_rate_limit_q_msk_val
                0x0000000000650fe0                cmd_vf_rate_limit_q_msk
                0x0000000000651000                cmd_vf_rate_limit_ratenum
                0x0000000000651020                cmd_vf_rate_limit_rate
                0x0000000000651040                cmd_vf_rate_limit_vfnum
                0x0000000000651060                cmd_vf_rate_limit_vf
                0x0000000000651080                cmd_vf_rate_limit_portnum
                0x00000000006510a0                cmd_vf_rate_limit_port
                0x00000000006510c0                cmd_vf_rate_limit_set
                0x00000000006510e0                cmd_queue_rate_limit
                0x0000000000651140                cmd_queue_rate_limit_ratenum
                0x0000000000651160                cmd_queue_rate_limit_rate
                0x0000000000651180                cmd_queue_rate_limit_queuenum
                0x00000000006511a0                cmd_queue_rate_limit_queue
                0x00000000006511c0                cmd_queue_rate_limit_portnum
                0x00000000006511e0                cmd_queue_rate_limit_port
                0x0000000000651200                cmd_queue_rate_limit_set
                0x0000000000651220                cmd_vf_rxvlan_filter
                0x0000000000651280                cmd_vf_rx_vlan_filter_vf_mask
                0x00000000006512a0                cmd_vf_rx_vlan_filter_vf
                0x00000000006512c0                cmd_vf_rx_vlan_filter_portid
                0x00000000006512e0                cmd_vf_rx_vlan_filter_port
                0x0000000000651300                cmd_vf_rx_vlan_filter_vlanid
                0x0000000000651320                cmd_vf_rx_vlan_filter_what
                0x0000000000651340                cmd_vf_rx_vlan_filter_rx_vlan
                0x0000000000651360                cmd_vf_mac_addr_filter
                0x00000000006513c0                cmd_vf_mac_addr_addr
                0x00000000006513d0                cmd_vf_mac_addr_vfnum
                0x00000000006513f0                cmd_vf_mac_addr_vf
                0x0000000000651410                cmd_vf_mac_addr_portnum
                0x0000000000651430                cmd_vf_mac_addr_port
                0x0000000000651450                cmd_vf_mac_addr_what
                0x0000000000651470                cmd_vf_mac_addr_cmd
                0x0000000000651490                cmd_set_vf_rxmode
                0x00000000006514f0                cmd_set_vf_rxmode_on
                0x0000000000651510                cmd_set_vf_rxmode_mode
                0x0000000000651530                cmd_set_vf_rxmode_what
                0x0000000000651550                cmd_set_vf_rxmode_vfid
                0x0000000000651570                cmd_set_vf_rxmode_vf
                0x0000000000651590                cmd_set_vf_rxmode_portid
                0x00000000006515b0                cmd_set_vf_rxmode_port
                0x00000000006515d0                cmd_set_vf_rxmode_set
                0x00000000006515f0                cmd_set_vf_traffic
                0x0000000000651650                cmd_setvf_traffic_mode
                0x0000000000651670                cmd_setvf_traffic_what
                0x0000000000651690                cmd_setvf_traffic_vfid
                0x00000000006516b0                cmd_setvf_traffic_vf
                0x00000000006516d0                cmd_setvf_traffic_portid
                0x00000000006516f0                cmd_setvf_traffic_port
                0x0000000000651710                cmd_setvf_traffic_set
                0x0000000000651730                cmd_set_vf_macvlan_filter
                0x0000000000651790                cmd_set_vf_macvlan_mode
                0x00000000006517b0                cmd_set_vf_macvlan_filter_type
                0x00000000006517d0                cmd_set_vf_macvlan_mac
                0x00000000006517e0                cmd_set_vf_macvlan_vf_id
                0x0000000000651800                cmd_set_vf_macvlan_vf
                0x0000000000651820                cmd_set_vf_macvlan_portid
                0x0000000000651840                cmd_set_vf_macvlan_port
                0x0000000000651860                cmd_set_vf_macvlan_set
                0x0000000000651880                cmd_set_uc_all_hash_filter
                0x00000000006518d0                cmd_set_uc_all_hash_mode
                0x00000000006518f0                cmd_set_uc_all_hash_value
                0x0000000000651910                cmd_set_uc_all_hash_what
                0x0000000000651930                cmd_set_uc_all_hash_portid
                0x0000000000651950                cmd_set_uc_all_hash_port
                0x0000000000651970                cmd_set_uc_all_hash_set
                0x0000000000651990                cmd_set_uc_hash_filter
                0x00000000006519e0                cmd_set_uc_hash_mode
                0x0000000000651a00                cmd_set_uc_hash_mac
                0x0000000000651a10                cmd_set_uc_hash_what
                0x0000000000651a30                cmd_set_uc_hash_portid
                0x0000000000651a50                cmd_set_uc_hash_port
                0x0000000000651a70                cmd_set_uc_hash_set
                0x0000000000651a90                cmd_set_qmap
                0x0000000000651ae0                cmd_setqmap_mapvalue
                0x0000000000651b00                cmd_setqmap_queueid
                0x0000000000651b20                cmd_setqmap_portid
                0x0000000000651b40                cmd_setqmap_what
                0x0000000000651b60                cmd_setqmap_qmap
                0x0000000000651b80                cmd_setqmap_set
                0x0000000000651ba0                cmd_mac_addr
                0x0000000000651be0                cmd_mac_addr_addr
                0x0000000000651bf0                cmd_mac_addr_portnum
                0x0000000000651c10                cmd_mac_addr_what
                0x0000000000651c30                cmd_mac_addr_cmd
                0x0000000000651c50                cmd_quit
                0x0000000000651c80                cmd_quit_quit
                0x0000000000651ca0                cmd_read_rxd_txd
                0x0000000000651cf0                cmd_read_rxd_txd_desc_id
                0x0000000000651d10                cmd_read_rxd_txd_queue_id
                0x0000000000651d30                cmd_read_rxd_txd_port_id
                0x0000000000651d50                cmd_read_rxd_txd_rxd_txd
                0x0000000000651d70                cmd_read_rxd_txd_read
                0x0000000000651d90                cmd_write_reg_bit
                0x0000000000651de0                cmd_write_reg_bit_value
                0x0000000000651e00                cmd_write_reg_bit_bit_pos
                0x0000000000651e20                cmd_write_reg_bit_reg_off
                0x0000000000651e40                cmd_write_reg_bit_port_id
                0x0000000000651e60                cmd_write_reg_bit_regbit
                0x0000000000651e80                cmd_write_reg_bit_write
                0x0000000000651ea0                cmd_write_reg_bit_field
                0x0000000000651f00                cmd_write_reg_bit_field_value
                0x0000000000651f20                cmd_write_reg_bit_field_bit2_pos
                0x0000000000651f40                cmd_write_reg_bit_field_bit1_pos
                0x0000000000651f60                cmd_write_reg_bit_field_reg_off
                0x0000000000651f80                cmd_write_reg_bit_field_port_id
                0x0000000000651fa0                cmd_write_reg_bit_field_regfield
                0x0000000000651fc0                cmd_write_reg_bit_field_write
                0x0000000000651fe0                cmd_write_reg
                0x0000000000652030                cmd_write_reg_value
                0x0000000000652050                cmd_write_reg_reg_off
                0x0000000000652070                cmd_write_reg_port_id
                0x0000000000652090                cmd_write_reg_reg
                0x00000000006520b0                cmd_write_reg_write
                0x00000000006520d0                cmd_read_reg_bit
                0x0000000000652120                cmd_read_reg_bit_bit_pos
                0x0000000000652140                cmd_read_reg_bit_reg_off
                0x0000000000652160                cmd_read_reg_bit_port_id
                0x0000000000652180                cmd_read_reg_bit_regbit
                0x00000000006521a0                cmd_read_reg_bit_read
                0x00000000006521c0                cmd_read_reg_bit_field
                0x0000000000652210                cmd_read_reg_bit_field_bit2_pos
                0x0000000000652230                cmd_read_reg_bit_field_bit1_pos
                0x0000000000652250                cmd_read_reg_bit_field_reg_off
                0x0000000000652270                cmd_read_reg_bit_field_port_id
                0x0000000000652290                cmd_read_reg_bit_field_regfield
                0x00000000006522b0                cmd_read_reg_bit_field_read
                0x00000000006522d0                cmd_read_reg
                0x0000000000652310                cmd_read_reg_reg_off
                0x0000000000652330                cmd_read_reg_port_id
                0x0000000000652350                cmd_read_reg_reg
                0x0000000000652370                cmd_read_reg_read
                0x0000000000652390                cmd_showqueue
                0x00000000006523e0                cmd_showqueue_queuenum
                0x0000000000652400                cmd_showqueue_portnum
                0x0000000000652420                cmd_showqueue_what
                0x0000000000652440                cmd_showqueue_type
                0x0000000000652460                cmd_showqueue_show
                0x0000000000652480                cmd_showport
                0x00000000006524c0                cmd_showport_portnum
                0x00000000006524e0                cmd_showport_what
                0x0000000000652500                cmd_showport_port
                0x0000000000652520                cmd_showport_show
                0x0000000000652540                cmd_showportall
                0x0000000000652580                cmd_showportall_all
                0x00000000006525a0                cmd_showportall_what
                0x00000000006525c0                cmd_showportall_port
                0x00000000006525e0                cmd_showportall_show
                0x0000000000652600                cmd_showcfg
                0x0000000000652640                cmd_showcfg_what
                0x0000000000652660                cmd_showcfg_port
                0x0000000000652680                cmd_showcfg_show
                0x00000000006526a0                cmd_set_link_down
                0x00000000006526e0                cmd_set_link_down_port_id
                0x0000000000652700                cmd_set_link_down_port
                0x0000000000652720                cmd_set_link_down_link_down
                0x0000000000652740                cmd_set_link_down_set
                0x0000000000652760                cmd_set_link_up
                0x00000000006527a0                cmd_set_link_up_port_id
                0x00000000006527c0                cmd_set_link_up_port
                0x00000000006527e0                cmd_set_link_up_link_up
                0x0000000000652800                cmd_set_link_up_set
                0x0000000000652820                cmd_start_tx_first
                0x0000000000652850                cmd_start_tx_first_tx_first
                0x0000000000652870                cmd_start_tx_first_start
                0x0000000000652890                cmd_start
                0x00000000006528c0                cmd_start_start
                0x00000000006528e0                cmd_reset
                0x0000000000652910                cmd_reset_def
                0x0000000000652930                cmd_reset_set
                0x0000000000652950                cmd_priority_flow_control_set
                0x00000000006529d0                cmd_pfc_set_portid
                0x00000000006529f0                cmd_pfc_set_priority
                0x0000000000652a10                cmd_pfc_set_pause_time
                0x0000000000652a30                cmd_pfc_set_low_water
                0x0000000000652a50                cmd_pfc_set_high_water
                0x0000000000652a70                cmd_pfc_set_tx_mode
                0x0000000000652a90                cmd_pfc_set_tx
                0x0000000000652ab0                cmd_pfc_set_rx_mode
                0x0000000000652ad0                cmd_pfc_set_rx
                0x0000000000652af0                cmd_pfc_set_flow_ctrl
                0x0000000000652b10                cmd_pfc_set_set
                0x0000000000652b30                cmd_link_flow_control_set_autoneg
                0x0000000000652b80                cmd_link_flow_control_set_macfwd
                0x0000000000652bd0                cmd_link_flow_control_set_xon
                0x0000000000652c20                cmd_link_flow_control_set_pt
                0x0000000000652c70                cmd_link_flow_control_set_lw
                0x0000000000652cc0                cmd_link_flow_control_set_hw
                0x0000000000652d10                cmd_link_flow_control_set_tx
                0x0000000000652d60                cmd_link_flow_control_set_rx
                0x0000000000652db0                cmd_link_flow_control_set
                0x0000000000652e50                cmd_lfc_set_portid
                0x0000000000652e70                cmd_lfc_set_autoneg
                0x0000000000652e90                cmd_lfc_set_autoneg_str
                0x0000000000652eb0                cmd_lfc_set_mac_ctrl_frame_fwd
                0x0000000000652ed0                cmd_lfc_set_mac_ctrl_frame_fwd_mode
                0x0000000000652ef0                cmd_lfc_set_send_xon
                0x0000000000652f10                cmd_lfc_set_send_xon_str
                0x0000000000652f30                cmd_lfc_set_pause_time
                0x0000000000652f50                cmd_lfc_set_pause_time_str
                0x0000000000652f70                cmd_lfc_set_low_water
                0x0000000000652f90                cmd_lfc_set_low_water_str
                0x0000000000652fb0                cmd_lfc_set_high_water
                0x0000000000652fd0                cmd_lfc_set_high_water_str
                0x0000000000652ff0                cmd_lfc_set_tx_mode
                0x0000000000653010                cmd_lfc_set_tx
                0x0000000000653030                cmd_lfc_set_rx_mode
                0x0000000000653050                cmd_lfc_set_rx
                0x0000000000653070                cmd_lfc_set_flow_ctrl
                0x0000000000653090                cmd_lfc_set_set
                0x00000000006530b0                cmd_set_allmulti_mode_one
                0x00000000006530f0                cmd_set_allmulti_mode_all
                0x0000000000653130                cmd_setallmulti_mode
                0x0000000000653150                cmd_setallmulti_portnum
                0x0000000000653170                cmd_setallmulti_portall
                0x0000000000653190                cmd_setallmulti_allmulti
                0x00000000006531b0                cmd_setallmulti_set
                0x00000000006531d0                cmd_set_promisc_mode_one
[...]
umount2                                           /lib/x86_64-linux-gnu/libc.so.6
umount2@@GLIBC_2.2.5                              /lib/x86_64-linux-gnu/libc.so.6
umount2@GLIBC_2.2.5                               /lib/x86_64-linux-gnu/libc.so.6
umount@@GLIBC_2.2.5                               /lib/x86_64-linux-gnu/libc.so.6
umount@GLIBC_2.2.5                                /lib/x86_64-linux-gnu/libc.so.6
uname                                             /lib/x86_64-linux-gnu/libc.so.6
uname@@GLIBC_2.2.5                                /lib/x86_64-linux-gnu/libc.so.6
uname@GLIBC_2.2.5                                 /lib/x86_64-linux-gnu/libc.so.6
ungetc                                            /lib/x86_64-linux-gnu/libc.so.6
ungetc@@GLIBC_2.2.5                               /lib/x86_64-linux-gnu/libc.so.6
ungetc@GLIBC_2.2.5                                /lib/x86_64-linux-gnu/libc.so.6
unlink                                            /lib/x86_64-linux-gnu/libc.so.6
unlink@@GLIBC_2.2.5                               /lib/x86_64-linux-gnu/libc.so.6
unlink@GLIBC_2.2.5                                /lib/x86_64-linux-gnu/libc.so.6
                                                  /lib/x86_64-linux-gnu/libpthread.so.0
                                                  /usr/lib/gcc/x86_64-linux-gnu/4.9/../../../x86_64-linux-gnu/librt.so
                                                  /home/xyh/test/POFSwitch+DPDK+V1.0.5.3/dpdk-2.2.0/x86_64-native-linuxapp-gcc/lib/libdpdk.so
unsetenv                                          /lib/x86_64-linux-gnu/libc.so.6
unsetenv@@GLIBC_2.2.5                             /lib/x86_64-linux-gnu/libc.so.6
unsetenv@GLIBC_2.2.5                              /lib/x86_64-linux-gnu/libc.so.6
updwtmp                                           /lib/x86_64-linux-gnu/libc.so.6
updwtmp@@GLIBC_2.2.5                              /lib/x86_64-linux-gnu/libc.so.6
updwtmp@GLIBC_2.2.5                               /lib/x86_64-linux-gnu/libc.so.6
uselocale                                         /lib/x86_64-linux-gnu/libc.so.6
uselocale@@GLIBC_2.3                              /lib/x86_64-linux-gnu/libc.so.6
uselocale@GLIBC_2.3                               /lib/x86_64-linux-gnu/libc.so.6
utimes                                            /lib/x86_64-linux-gnu/libc.so.6
utimes@@GLIBC_2.2.5                               /lib/x86_64-linux-gnu/libc.so.6
utimes@GLIBC_2.2.5                                /lib/x86_64-linux-gnu/libc.so.6
utmpname                                          /lib/x86_64-linux-gnu/libc.so.6
utmpname@@GLIBC_2.2.5                             /lib/x86_64-linux-gnu/libc.so.6
utmpname@GLIBC_2.2.5                              /lib/x86_64-linux-gnu/libc.so.6
valloc                                            /lib/x86_64-linux-gnu/libc.so.6
valloc@@GLIBC_2.2.5                               /lib/x86_64-linux-gnu/libc.so.6
valloc@GLIBC_2.2.5                                /lib/x86_64-linux-gnu/libc.so.6
vasprintf                                         /lib/x86_64-linux-gnu/libc.so.6
vasprintf@@GLIBC_2.2.5                            /lib/x86_64-linux-gnu/libc.so.6
vasprintf@GLIBC_2.2.5                             /lib/x86_64-linux-gnu/libc.so.6
vdprintf                                          /lib/x86_64-linux-gnu/libc.so.6
vdprintf@@GLIBC_2.2.5                             /lib/x86_64-linux-gnu/libc.so.6
vdprintf@GLIBC_2.2.5                              /lib/x86_64-linux-gnu/libc.so.6
verbose_level                                     testpmd.o
                                                  icmpecho.o
                                                  csumonly.o
                                                  txonly.o
                                                  rxonly.o
                                                  config.o
versionsort64                                     /lib/x86_64-linux-gnu/libc.so.6
versionsort64@@GLIBC_2.2.5                        /lib/x86_64-linux-gnu/libc.so.6
versionsort64@GLIBC_2.2.5                         /lib/x86_64-linux-gnu/libc.so.6
vfork                                             /lib/x86_64-linux-gnu/libc.so.6
vfork@@GLIBC_2.2.5                                /lib/x86_64-linux-gnu/libc.so.6
vfscanf                                           /lib/x86_64-linux-gnu/libc.so.6
vfscanf@@GLIBC_2.2.5                              /lib/x86_64-linux-gnu/libc.so.6
vfscanf@GLIBC_2.2.5                               /lib/x86_64-linux-gnu/libc.so.6
vfwprintf                                         /lib/x86_64-linux-gnu/libc.so.6
vfwprintf@@GLIBC_2.2.5                            /lib/x86_64-linux-gnu/libc.so.6
vfwprintf@GLIBC_2.2.5                             /lib/x86_64-linux-gnu/libc.so.6
vfwscanf                                          /lib/x86_64-linux-gnu/libc.so.6
vfwscanf@@GLIBC_2.2.5                             /lib/x86_64-linux-gnu/libc.so.6
vfwscanf@GLIBC_2.2.5                              /lib/x86_64-linux-gnu/libc.so.6
vlan_extend_set                                   config.o
                                                  cmdline.o
vlan_tags                                         testpmd.o
vlan_tpid_set                                     config.o
                                                  cmdline.o
vscanf                                            /lib/x86_64-linux-gnu/libc.so.6
vscanf@@GLIBC_2.2.5                               /lib/x86_64-linux-gnu/libc.so.6
vscanf@GLIBC_2.2.5                                /lib/x86_64-linux-gnu/libc.so.6
vsnprintf                                         /lib/x86_64-linux-gnu/libc.so.6
vsnprintf@@GLIBC_2.2.5                            /lib/x86_64-linux-gnu/libc.so.6
vsnprintf@GLIBC_2.2.5                             /lib/x86_64-linux-gnu/libc.so.6
vsprintf                                          /lib/x86_64-linux-gnu/libc.so.6
vsprintf@@GLIBC_2.2.5                             /lib/x86_64-linux-gnu/libc.so.6
vsprintf@GLIBC_2.2.5                              /lib/x86_64-linux-gnu/libc.so.6
vsscanf                                           /lib/x86_64-linux-gnu/libc.so.6
vsscanf@@GLIBC_2.2.5                              /lib/x86_64-linux-gnu/libc.so.6
vsscanf@GLIBC_2.2.5                               /lib/x86_64-linux-gnu/libc.so.6
vswprintf                                         /lib/x86_64-linux-gnu/libc.so.6
vswprintf@@GLIBC_2.2.5                            /lib/x86_64-linux-gnu/libc.so.6
vswprintf@GLIBC_2.2.5                             /lib/x86_64-linux-gnu/libc.so.6
wait                                              /lib/x86_64-linux-gnu/libpthread.so.0
wait3                                             /lib/x86_64-linux-gnu/libc.so.6
wait3@@GLIBC_2.2.5                                /lib/x86_64-linux-gnu/libc.so.6
wait3@GLIBC_2.2.5                                 /lib/x86_64-linux-gnu/libc.so.6
wait4                                             /lib/x86_64-linux-gnu/libc.so.6
wait4@@GLIBC_2.2.5                                /lib/x86_64-linux-gnu/libc.so.6
wait4@GLIBC_2.2.5                                 /lib/x86_64-linux-gnu/libc.so.6
wait@@GLIBC_2.2.5                                 /lib/x86_64-linux-gnu/libpthread.so.0
                                                  /lib/x86_64-linux-gnu/libc.so.6
wait@GLIBC_2.2.5                                  /lib/x86_64-linux-gnu/libpthread.so.0
waitid                                            /lib/x86_64-linux-gnu/libc.so.6
waitid@@GLIBC_2.2.5                               /lib/x86_64-linux-gnu/libc.so.6
waitid@GLIBC_2.2.5                                /lib/x86_64-linux-gnu/libc.so.6
waitpid                                           /lib/x86_64-linux-gnu/libpthread.so.0
waitpid@@GLIBC_2.2.5                              /lib/x86_64-linux-gnu/libpthread.so.0
                                                  /lib/x86_64-linux-gnu/libc.so.6
waitpid@GLIBC_2.2.5                               /lib/x86_64-linux-gnu/libpthread.so.0
wcpcpy                                            /lib/x86_64-linux-gnu/libc.so.6
wcpcpy@@GLIBC_2.2.5                               /lib/x86_64-linux-gnu/libc.so.6
wcpcpy@GLIBC_2.2.5                                /lib/x86_64-linux-gnu/libc.so.6
wcpncpy                                           /lib/x86_64-linux-gnu/libc.so.6
wcpncpy@@GLIBC_2.2.5                              /lib/x86_64-linux-gnu/libc.so.6
wcpncpy@GLIBC_2.2.5                               /lib/x86_64-linux-gnu/libc.so.6
wcrtomb                                           /lib/x86_64-linux-gnu/libc.so.6
wcrtomb@@GLIBC_2.2.5                              /lib/x86_64-linux-gnu/libc.so.6
wcrtomb@GLIBC_2.2.5                               /lib/x86_64-linux-gnu/libc.so.6
wcscasecmp                                        /lib/x86_64-linux-gnu/libc.so.6
wcscasecmp@@GLIBC_2.2.5                           /lib/x86_64-linux-gnu/libc.so.6
wcscasecmp@GLIBC_2.2.5                            /lib/x86_64-linux-gnu/libc.so.6
wcscasecmp_l                                      /lib/x86_64-linux-gnu/libc.so.6
wcscasecmp_l@@GLIBC_2.3                           /lib/x86_64-linux-gnu/libc.so.6
wcscasecmp_l@GLIBC_2.3                            /lib/x86_64-linux-gnu/libc.so.6
wcscat                                            /lib/x86_64-linux-gnu/libc.so.6
wcscat@@GLIBC_2.2.5                               /lib/x86_64-linux-gnu/libc.so.6
wcscat@GLIBC_2.2.5                                /lib/x86_64-linux-gnu/libc.so.6
wcschr                                            /lib/x86_64-linux-gnu/libc.so.6
wcschr@@GLIBC_2.2.5                               /lib/x86_64-linux-gnu/libc.so.6
wcschr@GLIBC_2.2.5                                /lib/x86_64-linux-gnu/libc.so.6
wcschrnul                                         /lib/x86_64-linux-gnu/libc.so.6
wcschrnul@@GLIBC_2.2.5                            /lib/x86_64-linux-gnu/libc.so.6
wcschrnul@GLIBC_2.2.5                             /lib/x86_64-linux-gnu/libc.so.6
wcscoll                                           /lib/x86_64-linux-gnu/libc.so.6
wcscoll@@GLIBC_2.2.5                              /lib/x86_64-linux-gnu/libc.so.6
wcscoll@GLIBC_2.2.5                               /lib/x86_64-linux-gnu/libc.so.6
wcscoll_l                                         /lib/x86_64-linux-gnu/libc.so.6
wcscoll_l@@GLIBC_2.3                              /lib/x86_64-linux-gnu/libc.so.6
wcscoll_l@GLIBC_2.3                               /lib/x86_64-linux-gnu/libc.so.6
wcsftime_l                                        /lib/x86_64-linux-gnu/libc.so.6
wcsftime_l@@GLIBC_2.3                             /lib/x86_64-linux-gnu/libc.so.6
wcsftime_l@GLIBC_2.3                              /lib/x86_64-linux-gnu/libc.so.6
wcslen                                            /lib/x86_64-linux-gnu/libc.so.6
wcslen@@GLIBC_2.2.5                               /lib/x86_64-linux-gnu/libc.so.6
wcslen@GLIBC_2.2.5                                /lib/x86_64-linux-gnu/libc.so.6
wcsncasecmp                                       /lib/x86_64-linux-gnu/libc.so.6
wcsncasecmp@@GLIBC_2.2.5                          /lib/x86_64-linux-gnu/libc.so.6
wcsncasecmp@GLIBC_2.2.5                           /lib/x86_64-linux-gnu/libc.so.6
wcsncasecmp_l                                     /lib/x86_64-linux-gnu/libc.so.6
wcsncasecmp_l@@GLIBC_2.3                          /lib/x86_64-linux-gnu/libc.so.6
wcsncasecmp_l@GLIBC_2.3                           /lib/x86_64-linux-gnu/libc.so.6
wcsncpy                                           /lib/x86_64-linux-gnu/libc.so.6
wcsncpy@@GLIBC_2.2.5                              /lib/x86_64-linux-gnu/libc.so.6
wcsncpy@GLIBC_2.2.5                               /lib/x86_64-linux-gnu/libc.so.6
wcsnlen                                           /lib/x86_64-linux-gnu/libc.so.6
wcsnlen@@GLIBC_2.2.5                              /lib/x86_64-linux-gnu/libc.so.6
wcsnlen@GLIBC_2.2.5                               /lib/x86_64-linux-gnu/libc.so.6
wcsnrtombs                                        /lib/x86_64-linux-gnu/libc.so.6
wcsnrtombs@@GLIBC_2.2.5                           /lib/x86_64-linux-gnu/libc.so.6
wcsnrtombs@GLIBC_2.2.5                            /lib/x86_64-linux-gnu/libc.so.6
wcsrtombs                                         /lib/x86_64-linux-gnu/libc.so.6
wcsrtombs@@GLIBC_2.2.5                            /lib/x86_64-linux-gnu/libc.so.6
wcsrtombs@GLIBC_2.2.5                             /lib/x86_64-linux-gnu/libc.so.6
wcstod_l                                          /lib/x86_64-linux-gnu/libc.so.6
wcstod_l@@GLIBC_2.3                               /lib/x86_64-linux-gnu/libc.so.6
wcstod_l@GLIBC_2.3                                /lib/x86_64-linux-gnu/libc.so.6
wcstof_l                                          /lib/x86_64-linux-gnu/libc.so.6
wcstof_l@@GLIBC_2.3                               /lib/x86_64-linux-gnu/libc.so.6
wcstof_l@GLIBC_2.3                                /lib/x86_64-linux-gnu/libc.so.6
wcstol                                            /lib/x86_64-linux-gnu/libc.so.6
wcstol@@GLIBC_2.2.5                               /lib/x86_64-linux-gnu/libc.so.6
wcstol@GLIBC_2.2.5                                /lib/x86_64-linux-gnu/libc.so.6
wcstol_l                                          /lib/x86_64-linux-gnu/libc.so.6
wcstol_l@@GLIBC_2.3                               /lib/x86_64-linux-gnu/libc.so.6
wcstol_l@GLIBC_2.3                                /lib/x86_64-linux-gnu/libc.so.6
wcstold_l                                         /lib/x86_64-linux-gnu/libc.so.6
wcstold_l@@GLIBC_2.3                              /lib/x86_64-linux-gnu/libc.so.6
wcstold_l@GLIBC_2.3                               /lib/x86_64-linux-gnu/libc.so.6
wcstoll                                           /lib/x86_64-linux-gnu/libc.so.6
wcstoll@@GLIBC_2.2.5                              /lib/x86_64-linux-gnu/libc.so.6
wcstoll@GLIBC_2.2.5                               /lib/x86_64-linux-gnu/libc.so.6
wcstoll_l                                         /lib/x86_64-linux-gnu/libc.so.6
wcstoll_l@@GLIBC_2.3                              /lib/x86_64-linux-gnu/libc.so.6
wcstoll_l@GLIBC_2.3                               /lib/x86_64-linux-gnu/libc.so.6
wcstoq                                            /lib/x86_64-linux-gnu/libc.so.6
wcstoq@@GLIBC_2.2.5                               /lib/x86_64-linux-gnu/libc.so.6
wcstoq@GLIBC_2.2.5                                /lib/x86_64-linux-gnu/libc.so.6
wcstoul                                           /lib/x86_64-linux-gnu/libc.so.6
wcstoul@@GLIBC_2.2.5                              /lib/x86_64-linux-gnu/libc.so.6
wcstoul@GLIBC_2.2.5                               /lib/x86_64-linux-gnu/libc.so.6
wcstoul_l                                         /lib/x86_64-linux-gnu/libc.so.6
wcstoul_l@@GLIBC_2.3                              /lib/x86_64-linux-gnu/libc.so.6
wcstoul_l@GLIBC_2.3                               /lib/x86_64-linux-gnu/libc.so.6
wcstoull                                          /lib/x86_64-linux-gnu/libc.so.6
wcstoull@@GLIBC_2.2.5                             /lib/x86_64-linux-gnu/libc.so.6
wcstoull@GLIBC_2.2.5                              /lib/x86_64-linux-gnu/libc.so.6
wcstoull_l                                        /lib/x86_64-linux-gnu/libc.so.6
wcstoull_l@@GLIBC_2.3                             /lib/x86_64-linux-gnu/libc.so.6
wcstoull_l@GLIBC_2.3                              /lib/x86_64-linux-gnu/libc.so.6
wcstouq                                           /lib/x86_64-linux-gnu/libc.so.6
wcstouq@@GLIBC_2.2.5                              /lib/x86_64-linux-gnu/libc.so.6
wcstouq@GLIBC_2.2.5                               /lib/x86_64-linux-gnu/libc.so.6
wcswcs                                            /lib/x86_64-linux-gnu/libc.so.6
wcswcs@@GLIBC_2.2.5                               /lib/x86_64-linux-gnu/libc.so.6
wcswcs@GLIBC_2.2.5                                /lib/x86_64-linux-gnu/libc.so.6
wcsxfrm_l                                         /lib/x86_64-linux-gnu/libc.so.6
wcsxfrm_l@@GLIBC_2.3                              /lib/x86_64-linux-gnu/libc.so.6
wcsxfrm_l@GLIBC_2.3                               /lib/x86_64-linux-gnu/libc.so.6
wctrans                                           /lib/x86_64-linux-gnu/libc.so.6
wctrans@@GLIBC_2.2.5                              /lib/x86_64-linux-gnu/libc.so.6
wctrans@GLIBC_2.2.5                               /lib/x86_64-linux-gnu/libc.so.6
wctrans_l                                         /lib/x86_64-linux-gnu/libc.so.6
wctrans_l@@GLIBC_2.3                              /lib/x86_64-linux-gnu/libc.so.6
wctrans_l@GLIBC_2.3                               /lib/x86_64-linux-gnu/libc.so.6
wctype                                            /lib/x86_64-linux-gnu/libc.so.6
wctype@@GLIBC_2.2.5                               /lib/x86_64-linux-gnu/libc.so.6
wctype@GLIBC_2.2.5                                /lib/x86_64-linux-gnu/libc.so.6
wctype_l                                          /lib/x86_64-linux-gnu/libc.so.6
wctype_l@@GLIBC_2.3                               /lib/x86_64-linux-gnu/libc.so.6
wctype_l@GLIBC_2.3                                /lib/x86_64-linux-gnu/libc.so.6
wmemcpy                                           /lib/x86_64-linux-gnu/libc.so.6
wmemcpy@@GLIBC_2.2.5                              /lib/x86_64-linux-gnu/libc.so.6
wmemcpy@GLIBC_2.2.5                               /lib/x86_64-linux-gnu/libc.so.6
wmemmove                                          /lib/x86_64-linux-gnu/libc.so.6
wmemmove@@GLIBC_2.2.5                             /lib/x86_64-linux-gnu/libc.so.6
wmemmove@GLIBC_2.2.5                              /lib/x86_64-linux-gnu/libc.so.6
wmempcpy                                          /lib/x86_64-linux-gnu/libc.so.6
wmempcpy@@GLIBC_2.2.5                             /lib/x86_64-linux-gnu/libc.so.6
wmempcpy@GLIBC_2.2.5                              /lib/x86_64-linux-gnu/libc.so.6
wmemset                                           /lib/x86_64-linux-gnu/libc.so.6
wmemset@@GLIBC_2.2.5                              /lib/x86_64-linux-gnu/libc.so.6
wmemset@GLIBC_2.2.5                               /lib/x86_64-linux-gnu/libc.so.6
write                                             /lib/x86_64-linux-gnu/libpthread.so.0
write@@GLIBC_2.2.5                                /lib/x86_64-linux-gnu/libpthread.so.0
                                                  /lib/x86_64-linux-gnu/libc.so.6
write@GLIBC_2.2.5                                 /lib/x86_64-linux-gnu/libpthread.so.0
                                                  /usr/lib/gcc/x86_64-linux-gnu/4.9/../../../x86_64-linux-gnu/librt.so
                                                  /home/xyh/test/POFSwitch+DPDK+V1.0.5.3/dpdk-2.2.0/x86_64-native-linuxapp-gcc/lib/libdpdk.so
writev                                            /lib/x86_64-linux-gnu/libc.so.6
writev@@GLIBC_2.2.5                               /lib/x86_64-linux-gnu/libc.so.6
writev@GLIBC_2.2.5                                /lib/x86_64-linux-gnu/libc.so.6
y0l                                               /usr/lib/gcc/x86_64-linux-gnu/4.9/../../../x86_64-linux-gnu/libm.so
y0l@@GLIBC_2.2.5                                  /usr/lib/gcc/x86_64-linux-gnu/4.9/../../../x86_64-linux-gnu/libm.so
y0l@GLIBC_2.2.5                                   /usr/lib/gcc/x86_64-linux-gnu/4.9/../../../x86_64-linux-gnu/libm.so
y1l                                               /usr/lib/gcc/x86_64-linux-gnu/4.9/../../../x86_64-linux-gnu/libm.so
y1l@@GLIBC_2.2.5                                  /usr/lib/gcc/x86_64-linux-gnu/4.9/../../../x86_64-linux-gnu/libm.so
y1l@GLIBC_2.2.5                                   /usr/lib/gcc/x86_64-linux-gnu/4.9/../../../x86_64-linux-gnu/libm.so
ynl                                               /usr/lib/gcc/x86_64-linux-gnu/4.9/../../../x86_64-linux-gnu/libm.so
ynl@@GLIBC_2.2.5                                  /usr/lib/gcc/x86_64-linux-gnu/4.9/../../../x86_64-linux-gnu/libm.so
ynl@GLIBC_2.2.5                                   /usr/lib/gcc/x86_64-linux-gnu/4.9/../../../x86_64-linux-gnu/libm.so
