Archive member included to satisfy reference by file (symbol)

/usr/lib/x86_64-linux-gnu/libc_nonshared.a(elf-init.oS)
                              /usr/lib/gcc/x86_64-linux-gnu/4.9/../../../x86_64-linux-gnu/crt1.o (__libc_csu_init)

As-needed library included to satisfy reference by file (symbol)

ld-linux-x86-64.so.2          test_per_lcore.o (__tls_get_addr@@GLIBC_2.3)

Allocating common symbols
Common symbol       size              file

count               0x8               test_pmd_perf.o
signatures          0x180000          test_hash_perf.o
test_lsc_interrupt_count
                    0x4               test_link_bonding.o
rings_tx            0x10              test_table.o
h                   0x50              test_hash_perf.o
p                   0x8               test_table.o
positions           0x180000          test_hash_perf.o
tx_burst            0x8               test_pmd_perf.o
table_id            0x10              test_table.o
stop                0x8               test_pmd_perf.o
idle                0x8               test_pmd_perf.o
rings_rx            0x10              test_table.o
prgname             0x8               test.o
start               0x8               test_pmd_perf.o
table_acl_IPv4_rule
                    0x408             test_table_acl.o
tbl_scaling_test_params
                    0x20              test_hash_scaling.o
port_out_id_type    0xc               test_table.o
port_out_id         0x8               test_table.o
port_in_id          0x8               test_table.o
buckets             0x20000           test_hash_perf.o
slot_taken          0x80000           test_hash_perf.o
drop                0x8               test_pmd_perf.o
worker_stats        0x2000            test_distributor.o
line                0x80              test_table_acl.o
keys                0x1800000         test_hash_perf.o
cycles              0x500             test_hash_perf.o
lcore_conf          0x2000            test_pmd_perf.o
do_measure          0x8               test_pmd_perf.o

Discarded input sections

 .note.GNU-stack
                0x0000000000000000        0x0 /usr/lib/gcc/x86_64-linux-gnu/4.9/../../../x86_64-linux-gnu/crt1.o
 .gnu_debuglink
                0x0000000000000000        0xc /usr/lib/gcc/x86_64-linux-gnu/4.9/../../../x86_64-linux-gnu/crt1.o
 .note.GNU-stack
                0x0000000000000000        0x0 /usr/lib/gcc/x86_64-linux-gnu/4.9/../../../x86_64-linux-gnu/crti.o
 .gnu_debuglink
                0x0000000000000000        0xc /usr/lib/gcc/x86_64-linux-gnu/4.9/../../../x86_64-linux-gnu/crti.o
 .note.GNU-stack
                0x0000000000000000        0x0 /usr/lib/gcc/x86_64-linux-gnu/4.9/crtbegin.o
 .note.GNU-stack
                0x0000000000000000        0x0 commands.o
 .note.GNU-stack
                0x0000000000000000        0x0 test.o
 .note.GNU-stack
                0x0000000000000000        0x0 test_pci.o
 .note.GNU-stack
                0x0000000000000000        0x0 test_prefetch.o
 .note.GNU-stack
                0x0000000000000000        0x0 test_byteorder.o
 .note.GNU-stack
                0x0000000000000000        0x0 test_per_lcore.o
 .note.GNU-stack
                0x0000000000000000        0x0 test_atomic.o
 .note.GNU-stack
                0x0000000000000000        0x0 test_malloc.o
 .note.GNU-stack
                0x0000000000000000        0x0 test_cycles.o
 .note.GNU-stack
                0x0000000000000000        0x0 test_spinlock.o
 .note.GNU-stack
                0x0000000000000000        0x0 test_memory.o
 .note.GNU-stack
                0x0000000000000000        0x0 test_memzone.o
 .note.GNU-stack
                0x0000000000000000        0x0 test_ring.o
 .note.GNU-stack
                0x0000000000000000        0x0 test_ring_perf.o
 .note.GNU-stack
                0x0000000000000000        0x0 test_pmd_perf.o
 .note.GNU-stack
                0x0000000000000000        0x0 test_table.o
 .note.GNU-stack
                0x0000000000000000        0x0 test_table_pipeline.o
 .note.GNU-stack
                0x0000000000000000        0x0 test_table_tables.o
 .note.GNU-stack
                0x0000000000000000        0x0 test_table_ports.o
 .note.GNU-stack
                0x0000000000000000        0x0 test_table_combined.o
 .note.GNU-stack
                0x0000000000000000        0x0 test_table_acl.o
 .note.GNU-stack
                0x0000000000000000        0x0 test_rwlock.o
 .note.GNU-stack
                0x0000000000000000        0x0 test_timer.o
 .note.GNU-stack
                0x0000000000000000        0x0 test_timer_perf.o
 .note.GNU-stack
                0x0000000000000000        0x0 test_timer_racecond.o
 .note.GNU-stack
                0x0000000000000000        0x0 test_mempool.o
 .note.GNU-stack
                0x0000000000000000        0x0 test_mempool_perf.o
 .note.GNU-stack
                0x0000000000000000        0x0 test_mbuf.o
 .note.GNU-stack
                0x0000000000000000        0x0 test_logs.o
 .note.GNU-stack
[...]
Memory Configuration

Name             Origin             Length             Attributes
*default*        0x0000000000000000 0xffffffffffffffff

Linker script and memory map

LOAD /usr/lib/gcc/x86_64-linux-gnu/4.9/../../../x86_64-linux-gnu/crt1.o
LOAD /usr/lib/gcc/x86_64-linux-gnu/4.9/../../../x86_64-linux-gnu/crti.o
LOAD /usr/lib/gcc/x86_64-linux-gnu/4.9/crtbegin.o
LOAD commands.o
LOAD test.o
LOAD test_pci.o
LOAD test_prefetch.o
LOAD test_byteorder.o
LOAD test_per_lcore.o
LOAD test_atomic.o
LOAD test_malloc.o
LOAD test_cycles.o
LOAD test_spinlock.o
LOAD test_memory.o
LOAD test_memzone.o
LOAD test_ring.o
LOAD test_ring_perf.o
LOAD test_pmd_perf.o
LOAD test_table.o
LOAD test_table_pipeline.o
LOAD test_table_tables.o
LOAD test_table_ports.o
LOAD test_table_combined.o
LOAD test_table_acl.o
LOAD test_rwlock.o
LOAD test_timer.o
LOAD test_timer_perf.o
LOAD test_timer_racecond.o
LOAD test_mempool.o
LOAD test_mempool_perf.o
LOAD test_mbuf.o
LOAD test_logs.o
LOAD test_memcpy.o
LOAD test_memcpy_perf.o
LOAD test_hash.o
LOAD test_thash.o
LOAD test_hash_perf.o
LOAD test_hash_functions.o
LOAD test_hash_scaling.o
LOAD test_lpm.o
LOAD test_lpm6.o
LOAD test_debug.o
LOAD test_errno.o
LOAD test_tailq.o
LOAD test_string_fns.o
LOAD test_cpuflags.o
LOAD test_mp_secondary.o
LOAD test_eal_flags.o
LOAD test_eal_fs.o
LOAD test_alarm.o
LOAD test_interrupts.o
LOAD test_version.o
LOAD test_func_reentrancy.o
LOAD test_cmdline.o
LOAD test_cmdline_num.o
LOAD test_cmdline_etheraddr.o
LOAD test_cmdline_portlist.o
LOAD test_cmdline_ipaddr.o
LOAD test_cmdline_cirbuf.o
LOAD test_cmdline_string.o
LOAD test_cmdline_lib.o
LOAD test_red.o
LOAD test_sched.o
LOAD test_meter.o
LOAD test_kni.o
LOAD test_power.o
LOAD test_power_acpi_cpufreq.o
LOAD test_power_kvm_vm.o
LOAD test_common.o
LOAD test_distributor.o
LOAD test_distributor_perf.o
LOAD test_reorder.o
LOAD test_devargs.o
LOAD virtual_pmd.o
LOAD packet_burst_generator.o
LOAD test_acl.o
LOAD test_link_bonding.o
LOAD test_link_bonding_mode4.o
LOAD test_link_bonding_rssconf.o
LOAD test_pmd_ring.o
LOAD test_pmd_ring_perf.o
LOAD test_cryptodev_perf.o
LOAD test_cryptodev.o
LOAD test_kvargs.o
LOAD /home/xyh/test/POFSwitch+DPDK+V1.0.5.3/dpdk-2.2.0/x86_64-native-linuxapp-gcc/lib/librte_pmd_null.so
LOAD /home/xyh/test/POFSwitch+DPDK+V1.0.5.3/dpdk-2.2.0/x86_64-native-linuxapp-gcc/lib/librte_pmd_ring.so
LOAD /home/xyh/test/POFSwitch+DPDK+V1.0.5.3/dpdk-2.2.0/x86_64-native-linuxapp-gcc/lib/libdpdk.so
START GROUP
LOAD /usr/lib/gcc/x86_64-linux-gnu/4.9/../../../x86_64-linux-gnu/librt.so
LOAD /usr/lib/gcc/x86_64-linux-gnu/4.9/../../../x86_64-linux-gnu/libm.so
LOAD /usr/lib/gcc/x86_64-linux-gnu/4.9/libgcc_s.so
LOAD /usr/lib/gcc/x86_64-linux-gnu/4.9/../../../x86_64-linux-gnu/libdl.so
END GROUP
LOAD /usr/lib/gcc/x86_64-linux-gnu/4.9/libgcc.a
LOAD /usr/lib/gcc/x86_64-linux-gnu/4.9/libgcc_s.so
LOAD /usr/lib/gcc/x86_64-linux-gnu/4.9/../../../x86_64-linux-gnu/libpthread.so
START GROUP
LOAD /lib/x86_64-linux-gnu/libpthread.so.0
LOAD /usr/lib/x86_64-linux-gnu/libpthread_nonshared.a
END GROUP
LOAD /usr/lib/gcc/x86_64-linux-gnu/4.9/../../../x86_64-linux-gnu/libc.so
START GROUP
LOAD /lib/x86_64-linux-gnu/libc.so.6
LOAD /usr/lib/x86_64-linux-gnu/libc_nonshared.a
LOAD /lib/x86_64-linux-gnu/ld-linux-x86-64.so.2
END GROUP
LOAD /usr/lib/gcc/x86_64-linux-gnu/4.9/libgcc.a
LOAD /usr/lib/gcc/x86_64-linux-gnu/4.9/libgcc_s.so
LOAD /usr/lib/gcc/x86_64-linux-gnu/4.9/crtend.o
LOAD /usr/lib/gcc/x86_64-linux-gnu/4.9/../../../x86_64-linux-gnu/crtn.o
                [!provide]                        PROVIDE (__executable_start, 0x400000)
                0x0000000000400270                . = (0x400000 + SIZEOF_HEADERS)

.interp         0x0000000000400270       0x1c
 *(.interp)
 .interp        0x0000000000400270       0x1c /usr/lib/gcc/x86_64-linux-gnu/4.9/../../../x86_64-linux-gnu/crt1.o

.note.ABI-tag   0x000000000040028c       0x20
 .note.ABI-tag  0x000000000040028c       0x20 /usr/lib/gcc/x86_64-linux-gnu/4.9/../../../x86_64-linux-gnu/crt1.o

.note.gnu.build-id
                0x00000000004002ac       0x24
 *(.note.gnu.build-id)
 .note.gnu.build-id
                0x00000000004002ac       0x24 /usr/lib/gcc/x86_64-linux-gnu/4.9/../../../x86_64-linux-gnu/crt1.o

.hash
 *(.hash)

.gnu.hash       0x00000000004002d0      0x778
 *(.gnu.hash)
 .gnu.hash      0x00000000004002d0      0x778 /usr/lib/gcc/x86_64-linux-gnu/4.9/../../../x86_64-linux-gnu/crt1.o

.dynsym         0x0000000000400a48     0x3d20
 *(.dynsym)
 .dynsym        0x0000000000400a48     0x3d20 /usr/lib/gcc/x86_64-linux-gnu/4.9/../../../x86_64-linux-gnu/crt1.o

.dynstr         0x0000000000404768     0x2fb6
 *(.dynstr)
 .dynstr        0x0000000000404768     0x2fb6 /usr/lib/gcc/x86_64-linux-gnu/4.9/../../../x86_64-linux-gnu/crt1.o

.gnu.version    0x000000000040771e      0x518
 *(.gnu.version)
 .gnu.version   0x000000000040771e      0x518 /usr/lib/gcc/x86_64-linux-gnu/4.9/../../../x86_64-linux-gnu/crt1.o

.gnu.version_d  0x0000000000407c38        0x0
 *(.gnu.version_d)
 .gnu.version_d
                0x0000000000407c38        0x0 /usr/lib/gcc/x86_64-linux-gnu/4.9/../../../x86_64-linux-gnu/crt1.o

.gnu.version_r  0x0000000000407c38      0x180
 *(.gnu.version_r)
 .gnu.version_r
                0x0000000000407c38      0x180 /usr/lib/gcc/x86_64-linux-gnu/4.9/../../../x86_64-linux-gnu/crt1.o

.rela.dyn       0x0000000000407db8      0x5a0
 *(.rela.init)
 *(.rela.text .rela.text.* .rela.gnu.linkonce.t.*)
 .rela.text     0x0000000000407db8        0x0 /usr/lib/gcc/x86_64-linux-gnu/4.9/../../../x86_64-linux-gnu/crt1.o
 *(.rela.fini)
 *(.rela.rodata .rela.rodata.* .rela.gnu.linkonce.r.*)
 *(.rela.data .rela.data.* .rela.gnu.linkonce.d.*)
 .rela.data.rel
                0x0000000000407db8      0x150 /usr/lib/gcc/x86_64-linux-gnu/4.9/../../../x86_64-linux-gnu/crt1.o
 .rela.data     0x0000000000407f08        0x0 /usr/lib/gcc/x86_64-linux-gnu/4.9/../../../x86_64-linux-gnu/crt1.o
 *(.rela.tdata .rela.tdata.* .rela.gnu.linkonce.td.*)
 *(.rela.tbss .rela.tbss.* .rela.gnu.linkonce.tb.*)
 *(.rela.ctors)
 *(.rela.dtors)
 *(.rela.got)
 .rela.got      0x0000000000407f08      0x450 /usr/lib/gcc/x86_64-linux-gnu/4.9/../../../x86_64-linux-gnu/crt1.o
 *(.rela.bss .rela.bss.* .rela.gnu.linkonce.b.*)
 .rela.bss      0x0000000000408358        0x0 /usr/lib/gcc/x86_64-linux-gnu/4.9/../../../x86_64-linux-gnu/crt1.o
 *(.rela.ldata .rela.ldata.* .rela.gnu.linkonce.l.*)
 *(.rela.lbss .rela.lbss.* .rela.gnu.linkonce.lb.*)
 *(.rela.lrodata .rela.lrodata.* .rela.gnu.linkonce.lr.*)
 *(.rela.ifunc)

.rela.plt       0x0000000000408358     0x24d8
 *(.rela.plt)
 .rela.plt      0x0000000000408358     0x24d8 /usr/lib/gcc/x86_64-linux-gnu/4.9/../../../x86_64-linux-gnu/crt1.o
                [!provide]                        PROVIDE (__rela_iplt_start, .)
 *(.rela.iplt)
 .rela.iplt     0x000000000040a830        0x0 /usr/lib/gcc/x86_64-linux-gnu/4.9/../../../x86_64-linux-gnu/crt1.o
                [!provide]                        PROVIDE (__rela_iplt_end, .)

.init           0x000000000040a830       0x1a
 *(SORT(.init))
 .init          0x000000000040a830       0x15 /usr/lib/gcc/x86_64-linux-gnu/4.9/../../../x86_64-linux-gnu/crti.o
                0x000000000040a830                _init
 .init          0x000000000040a845        0x5 /usr/lib/gcc/x86_64-linux-gnu/4.9/../../../x86_64-linux-gnu/crtn.o

.plt            0x000000000040a850     0x18a0
 *(.plt)
 .plt           0x000000000040a850     0x18a0 /usr/lib/gcc/x86_64-linux-gnu/4.9/../../../x86_64-linux-gnu/crt1.o
                0x000000000040a860                rte_malloc@@DPDK_2.0
                0x000000000040a870                vt100_parser@@DPDK_2.0
                0x000000000040a880                getenv@@GLIBC_2.2.5
                0x000000000040a890                rte_eth_promiscuous_disable@@DPDK_2.2
                0x000000000040a8a0                cirbuf_del_head_safe@@DPDK_2.0
                0x000000000040a8b0                rte_reorder_create@@DPDK_2.0
                0x000000000040a8c0                rte_eth_from_ring@@DPDK_2.2
                0x000000000040a8d0                cmdline_get_help_etheraddr@@DPDK_2.0
                0x000000000040a8e0                __snprintf_chk@@GLIBC_2.3.4
                0x000000000040a8f0                free@@GLIBC_2.2.5
                0x000000000040a900                rdline_char_in@@DPDK_2.0
                0x000000000040a910                rte_eth_dev_callback_unregister@@DPDK_2.2
                0x000000000040a920                cmdline_file_new@@DPDK_2.0
                0x000000000040a930                putchar@@GLIBC_2.2.5
                0x000000000040a940                rte_eth_dev_callback_register@@DPDK_2.2
                0x000000000040a950                rte_fbk_hash_free@@DPDK_2.0
                0x000000000040a960                rte_ring_set_water_mark@@DPDK_2.0
                0x000000000040a970                rte_lpm_delete@@DPDK_2.0
                0x000000000040a980                rte_distributor_create@@DPDK_2.0
                0x000000000040a990                cirbuf_del_tail_safe@@DPDK_2.0
                0x000000000040a9a0                __errno_location@@GLIBC_2.2.5
                0x000000000040a9b0                rte_eth_dev_rss_reta_query@@DPDK_2.2
                0x000000000040a9c0                ldexp@@GLIBC_2.2.5
                0x000000000040a9d0                unlink@@GLIBC_2.2.5
                0x000000000040a9e0                remove@@GLIBC_2.2.5
                0x000000000040a9f0                cirbuf_del_tail@@DPDK_2.0
                0x000000000040aa00                strncmp@@GLIBC_2.2.5
                0x000000000040aa10                cmdline_parse_num@@DPDK_2.0
                0x000000000040aa20                rte_pipeline_table_entry_add@@DPDK_2.0
                0x000000000040aa30                rte_cryptodev_socket_id@@DPDK_2.2
                0x000000000040aa40                rte_intr_enable@@DPDK_2.0
                0x000000000040aa50                rte_set_log_level@@DPDK_2.0
                0x000000000040aa60                rte_free@@DPDK_2.0
                0x000000000040aa70                rte_mempool_calc_obj_size@@DPDK_2.0
                0x000000000040aa80                cirbuf_get_tail@@DPDK_2.0
                0x000000000040aa90                rte_hash_hash@@DPDK_2.0
                0x000000000040aaa0                rte_eth_bond_primary_set@@DPDK_2.0
                0x000000000040aab0                rte_lpm_add@@DPDK_2.0
                0x000000000040aac0                rte_mbuf_sanity_check@@DPDK_2.0
                0x000000000040aad0                rte_sched_queue_read_stats@@DPDK_2.0
                0x000000000040aae0                rte_cryptodev_info_get@@DPDK_2.2
                0x000000000040aaf0                puts@@GLIBC_2.2.5
                0x000000000040ab00                rte_acl_reset_rules@@DPDK_2.0
                0x000000000040ab10                rte_set_application_usage_hook@@DPDK_2.0
                0x000000000040ab20                rte_reorder_find_existing@@DPDK_2.0
                0x000000000040ab30                rte_calloc@@DPDK_2.0
                0x000000000040ab40                rte_cryptodev_session_create@@DPDK_2.2
                0x000000000040ab50                cirbuf_add_buf_head@@DPDK_2.0
                0x000000000040ab60                readlink@@GLIBC_2.2.5
                0x000000000040ab70                setenv@@GLIBC_2.2.5
                0x000000000040ab80                write@@GLIBC_2.2.5
                0x000000000040ab90                rte_cryptodev_configure@@DPDK_2.2
                0x000000000040aba0                rte_reorder_reset@@DPDK_2.0
                0x000000000040abb0                rdline_newline@@DPDK_2.0
                0x000000000040abc0                rte_pktmbuf_dump@@DPDK_2.0
                0x000000000040abd0                rte_eth_bond_mac_address_set@@DPDK_2.0
                0x000000000040abe0                rte_eth_promiscuous_get@@DPDK_2.2
                0x000000000040abf0                rte_kni_release@@DPDK_2.0
                0x000000000040ac00                rte_mempool_lookup@@DPDK_2.0
                0x000000000040ac10                rte_pipeline_free@@DPDK_2.0
                0x000000000040ac20                cmdline_complete_get_elt_string@@DPDK_2.0
                0x000000000040ac30                rte_delay_us@@DPDK_2.0
                0x000000000040ac40                fclose@@GLIBC_2.2.5
                0x000000000040ac50                rte_eth_link_get@@DPDK_2.2
                0x000000000040ac60                rte_eal_devargs_add@@DPDK_2.0
                0x000000000040ac70                rte_eal_tailq_register@@DPDK_2.0
                0x000000000040ac80                rte_eth_bond_xmit_policy_get@@DPDK_2.0
                0x000000000040ac90                rte_eal_pci_dump@@DPDK_2.0
                0x000000000040aca0                opendir@@GLIBC_2.2.5
                0x000000000040acb0                rte_eth_dev_socket_id@@DPDK_2.2
                0x000000000040acc0                rte_power_init@@DPDK_2.0
                0x000000000040acd0                rte_sched_subport_read_stats@@DPDK_2.0
                0x000000000040ace0                rte_pipeline_port_in_connect_to_table@@DPDK_2.0
                0x000000000040acf0                rte_lpm6_free@@DPDK_2.0
                0x000000000040ad00                rte_eth_stats_reset@@DPDK_2.2
                0x000000000040ad10                rte_memzone_lookup@@DPDK_2.0
                0x000000000040ad20                rte_distributor_clear_returns@@DPDK_2.0
                0x000000000040ad30                rte_eth_dev_mac_addr_remove@@DPDK_2.2
                0x000000000040ad40                rte_lpm6_delete_bulk_func@@DPDK_2.0
                0x000000000040ad50                rte_intr_callback_register@@DPDK_2.0
                0x000000000040ad60                rte_eal_alarm_set@@DPDK_2.0
                0x000000000040ad70                strlen@@GLIBC_2.2.5
                0x000000000040ad80                rdline_add_history@@DPDK_2.0
                0x000000000040ad90                openat@@GLIBC_2.4
                0x000000000040ada0                rdline_get_history_item@@DPDK_2.0
                0x000000000040adb0                __stack_chk_fail@@GLIBC_2.4
                0x000000000040adc0                cirbuf_get_head@@DPDK_2.0
                0x000000000040add0                rte_eal_init@@DPDK_2.0
                0x000000000040ade0                getuid@@GLIBC_2.2.5
                0x000000000040adf0                rte_power_exit@@DPDK_2.0
                0x000000000040ae00                rte_timer_pending@@DPDK_2.0
                0x000000000040ae10                rte_distributor_process@@DPDK_2.0
                0x000000000040ae20                system@@GLIBC_2.2.5
                0x000000000040ae30                cirbuf_get_buf_tail@@DPDK_2.0
                0x000000000040ae40                cmdline_parse_portlist@@DPDK_2.0
                0x000000000040ae50                rte_hash_del_key@@DPDK_2.0
                0x000000000040ae60                strchr@@GLIBC_2.2.5
                0x000000000040ae70                rte_acl_dump@@DPDK_2.0
                0x000000000040ae80                rdline_init@@DPDK_2.0
                0x000000000040ae90                rte_kni_handle_request@@DPDK_2.0
                0x000000000040aea0                rte_hash_lookup_data@@DPDK_2.1
                0x000000000040aeb0                rte_acl_find_existing@@DPDK_2.0
                0x000000000040aec0                cmdline_quit@@DPDK_2.0
                0x000000000040aed0                rte_eal_get_physmem_size@@DPDK_2.0
                0x000000000040aee0                cmdline_get_help_portlist@@DPDK_2.0
                0x000000000040aef0                rte_acl_build@@DPDK_2.0
                0x000000000040af00                rte_sys_gettid@@DPDK_2.0
                0x000000000040af10                rte_eal_has_hugepages@@DPDK_2.0
                0x000000000040af20                snprintf@@GLIBC_2.2.5
                0x000000000040af30                rte_eth_dev_rss_hash_conf_get@@DPDK_2.2
                0x000000000040af40                rte_cryptodev_start@@DPDK_2.2
                0x000000000040af50                rte_pipeline_table_entry_add_bulk@@DPDK_2.2
                0x000000000040af60                eth_dev_null_create@@DPDK_2.2
                0x000000000040af70                rte_hash_free@@DPDK_2.0
                0x000000000040af80                nanosleep@@GLIBC_2.2.5
                0x000000000040af90                rte_eal_pci_unregister@@DPDK_2.0
                0x000000000040afa0                rdline_stop@@DPDK_2.0
                0x000000000040afb0                cmdline_set_prompt@@DPDK_2.0
                0x000000000040afc0                rdline_redisplay@@DPDK_2.0
                0x000000000040afd0                rte_cryptodev_stats_get@@DPDK_2.2
                0x000000000040afe0                gettimeofday@@GLIBC_2.2.5
                0x000000000040aff0                cirbuf_align_right@@DPDK_2.0
                0x000000000040b000                rte_malloc_set_limit@@DPDK_2.0
                0x000000000040b010                rte_acl_classify_alg@@DPDK_2.0
                0x000000000040b020                rte_hash_add_key_with_hash@@DPDK_2.0
                0x000000000040b030                cmdline_printf@@DPDK_2.0
                0x000000000040b040                cirbuf_del_head@@DPDK_2.0
                0x000000000040b050                rte_hexdump@@DPDK_2.0
                0x000000000040b060                rte_distributor_returned_pkts@@DPDK_2.0
                0x000000000040b070                rte_eth_dev_allocate@@DPDK_2.2
                0x000000000040b080                rte_sched_port_dequeue@@DPDK_2.0
                0x000000000040b090                cmdline_free@@DPDK_2.0
                0x000000000040b0a0                __strtok_r@@GLIBC_2.2.5
                0x000000000040b0b0                cirbuf_add_tail_safe@@DPDK_2.0
                0x000000000040b0c0                rte_pipeline_table_entry_delete@@DPDK_2.0
                0x000000000040b0d0                memset@@GLIBC_2.2.5
                0x000000000040b0e0                rte_kni_get@@DPDK_2.0
                0x000000000040b0f0                rte_eth_dev_close@@DPDK_2.2
                0x000000000040b100                rte_eal_vdev_init@@DPDK_2.0
                0x000000000040b110                rte_pipeline_run@@DPDK_2.0
                0x000000000040b120                pow@@GLIBC_2.2.5
                0x000000000040b130                strnlen@@GLIBC_2.2.5
                0x000000000040b140                log@@GLIBC_2.2.5
                0x000000000040b150                rte_sched_port_enqueue@@DPDK_2.0
                0x000000000040b160                rte_eal_tailq_lookup@@DPDK_2.0
                0x000000000040b170                close@@GLIBC_2.2.5
                0x000000000040b180                rte_distributor_get_pkt@@DPDK_2.0
                0x000000000040b190                pipe@@GLIBC_2.2.5
                0x000000000040b1a0                rte_mempool_create@@DPDK_2.0
                0x000000000040b1b0                rte_exit@@DPDK_2.0
                0x000000000040b1c0                rte_pipeline_flush@@DPDK_2.0
                0x000000000040b1d0                rte_eth_dev_rss_reta_update@@DPDK_2.2
                0x000000000040b1e0                closedir@@GLIBC_2.2.5
                0x000000000040b1f0                rte_zmalloc_socket@@DPDK_2.0
                0x000000000040b200                rte_kvargs_free@@DPDK_2.0
                0x000000000040b210                cirbuf_add_buf_tail@@DPDK_2.0
                0x000000000040b220                rte_pipeline_table_default_entry_add@@DPDK_2.0
                0x000000000040b230                rte_power_unset_env@@DPDK_2.0
                0x000000000040b240                rte_hash_lookup_with_hash_data@@DPDK_2.1
                0x000000000040b250                __strdup@@GLIBC_2.2.5
                0x000000000040b260                rte_ring_list_dump@@DPDK_2.0
                0x000000000040b270                rte_kvargs_parse@@DPDK_2.0
                0x000000000040b280                cmdline_stdin_exit@@DPDK_2.0
                0x000000000040b290                rte_red_config_init@@DPDK_2.0
                0x000000000040b2a0                __libc_start_main@@GLIBC_2.2.5
                0x000000000040b2b0                rte_mempool_list_dump@@DPDK_2.0
                0x000000000040b2c0                memcmp@@GLIBC_2.2.5
                0x000000000040b2d0                fgets@@GLIBC_2.2.5
                0x000000000040b2e0                cmdline_parse_string@@DPDK_2.0
                0x000000000040b2f0                rte_eth_bond_create@@DPDK_2.0
                0x000000000040b300                __tls_get_addr@@GLIBC_2.3
                0x000000000040b310                rte_mempool_count@@DPDK_2.0
                0x000000000040b320                pthread_cond_signal@@GLIBC_2.3.2
                0x000000000040b330                rte_hash_lookup_bulk@@DPDK_2.0
                0x000000000040b340                rte_pipeline_table_entry_delete_bulk@@DPDK_2.2
                0x000000000040b350                strtoull@@GLIBC_2.2.5
                0x000000000040b360                rte_pipeline_table_create@@DPDK_2.0
                0x000000000040b370                rte_eal_pci_register@@DPDK_2.0
                0x000000000040b380                cirbuf_align_left@@DPDK_2.0
                0x000000000040b390                rte_kni_init@@DPDK_2.0
                0x000000000040b3a0                cmdline_in@@DPDK_2.0
                0x000000000040b3b0                rte_cryptodev_session_free@@DPDK_2.2
                0x000000000040b3c0                strcmp@@GLIBC_2.2.5
                0x000000000040b3d0                rte_socket_id@@DPDK_2.0
                0x000000000040b3e0                cirbuf_add_tail@@DPDK_2.0
                0x000000000040b3f0                rte_malloc_validate@@DPDK_2.0
                0x000000000040b400                cmdline_write_char@@DPDK_2.0
                0x000000000040b410                signal@@GLIBC_2.2.5
                0x000000000040b420                rte_power_set_env@@DPDK_2.0
                0x000000000040b430                dirfd@@GLIBC_2.2.5
                0x000000000040b440                rte_sched_port_pkt_read_tree_path@@DPDK_2.1
                0x000000000040b450                rte_intr_callback_unregister@@DPDK_2.0
                0x000000000040b460                __memcpy_chk@@GLIBC_2.3.4
                0x000000000040b470                vt100_init@@DPDK_2.0
                0x000000000040b480                rte_intr_disable@@DPDK_2.0
                0x000000000040b490                rte_memzone_reserve_bounded@@DPDK_2.0
                0x000000000040b4a0                rte_eth_bond_slave_remove@@DPDK_2.0
                0x000000000040b4b0                rte_lpm6_create@@DPDK_2.0
                0x000000000040b4d0                rte_distributor_flush@@DPDK_2.0
                0x000000000040b4e0                rte_sched_port_free@@DPDK_2.0
                0x000000000040b4f0                rte_eal_process_type@@DPDK_2.0
                0x000000000040b500                rte_eth_bond_primary_get@@DPDK_2.0
                0x000000000040b510                rte_memzone_reserve_aligned@@DPDK_2.0
                0x000000000040b520                rte_eth_bond_8023ad_setup@@DPDK_2.0
                0x000000000040b530                rte_sched_port_pkt_read_color@@DPDK_2.1
                0x000000000040b540                rte_memzone_reserve@@DPDK_2.0
                0x000000000040b550                rte_kni_tx_burst@@DPDK_2.0
                0x000000000040b560                memcpy@@GLIBC_2.14
                0x000000000040b570                rte_mempool_xmem_size@@DPDK_2.0
                0x000000000040b580                cirbuf_del_buf_head@@DPDK_2.0
                0x000000000040b590                rte_kni_register_handlers@@DPDK_2.0
                0x000000000040b5a0                cmdline_interact@@DPDK_2.0
                0x000000000040b5b0                rte_lpm_free@@DPDK_2.0
                0x000000000040b5c0                rte_sched_subport_config@@DPDK_2.0
                0x000000000040b5d0                rte_memzone_dump@@DPDK_2.0
                0x000000000040b5e0                rte_eth_dev_info_get@@DPDK_2.2
                0x000000000040b5f0                rdline_restart@@DPDK_2.0
                0x000000000040b600                __xpg_basename@@GLIBC_2.2.5
                0x000000000040b610                rte_timer_reset_sync@@DPDK_2.0
                0x000000000040b620                rte_hash_del_key_with_hash@@DPDK_2.0
                0x000000000040b630                cmdline_complete_get_nb_string@@DPDK_2.0
                0x000000000040b640                rte_set_log_type@@DPDK_2.0
                0x000000000040b650                rte_cryptodev_stats_reset@@DPDK_2.2
                0x000000000040b660                readdir@@GLIBC_2.2.5
                0x000000000040b670                rte_eth_dev_set_link_down@@DPDK_2.2
                0x000000000040b680                _rte_eth_dev_callback_process@@DPDK_2.2
                0x000000000040b690                rte_eth_bond_slave_add@@DPDK_2.0
                0x000000000040b6a0                pthread_mutex_unlock@@GLIBC_2.2.5
                0x000000000040b6b0                rte_eth_bond_slaves_get@@DPDK_2.0
                0x000000000040b6c0                rte_kvargs_process@@DPDK_2.0
                0x000000000040b6d0                rte_malloc_dump_stats@@DPDK_2.0
                0x000000000040b6e0                rte_ring_lookup@@DPDK_2.0
                0x000000000040b6f0                malloc@@GLIBC_2.2.5
                0x000000000040b700                fflush@@GLIBC_2.2.5
                0x000000000040b710                rte_hash_reset@@DPDK_2.1
                0x000000000040b720                rte_eal_mp_remote_launch@@DPDK_2.0
                0x000000000040b730                rte_pipeline_create@@DPDK_2.0
                0x000000000040b740                rte_timer_stop_sync@@DPDK_2.0
                0x000000000040b750                rte_acl_classify@@DPDK_2.0
                0x000000000040b760                rte_lpm_create@@DPDK_2.0
                0x000000000040b770                rte_eth_link_get_nowait@@DPDK_2.2
                0x000000000040b780                rte_eth_bond_mode_get@@DPDK_2.0
                0x000000000040b790                rte_eal_get_lcore_state@@DPDK_2.0
                0x000000000040b7a0                rte_timer_manage@@DPDK_2.0
                0x000000000040b7b0                rte_eth_bond_xmit_policy_set@@DPDK_2.0
                0x000000000040b7c0                rte_acl_free@@DPDK_2.0
                0x000000000040b7d0                rte_lpm6_lookup@@DPDK_2.0
                0x000000000040b7e0                clock_gettime@@GLIBC_2.2.5
                0x000000000040b7f0                rte_hash_lookup_with_hash@@DPDK_2.0
                0x000000000040b800                rte_eth_dev_rss_hash_update@@DPDK_2.2
                0x000000000040b810                rte_distributor_return_pkt@@DPDK_2.0
                0x000000000040b820                lrand48@@GLIBC_2.2.5
                0x000000000040b830                mkstemp@@GLIBC_2.2.5
                0x000000000040b840                rte_pipeline_port_in_enable@@DPDK_2.0
                0x000000000040b850                rte_reorder_init@@DPDK_2.0
                0x000000000040b860                rdline_quit@@DPDK_2.0
                0x000000000040b870                rte_sched_pipe_config@@DPDK_2.0
                0x000000000040b880                rte_fbk_hash_create@@DPDK_2.0
                0x000000000040b890                rte_pktmbuf_offload_pool_create@@DPDK_2.2
                0x000000000040b8a0                rte_lpm6_lookup_bulk_func@@DPDK_2.0
                0x000000000040b8b0                cmdline_stdin_new@@DPDK_2.0
                0x000000000040b8c0                rte_pipeline_check@@DPDK_2.0
                0x000000000040b8d0                rte_cryptodev_count@@DPDK_2.2
                0x000000000040b8e0                rte_acl_add_rules@@DPDK_2.0
                0x000000000040b8f0                rte_eth_bond_mode_set@@DPDK_2.0
                0x000000000040b900                rte_eth_dev_start@@DPDK_2.2
                0x000000000040b910                rte_malloc_get_socket_stats@@DPDK_2.0
                0x000000000040b920                eal_parse_sysfs_value@@DPDK_2.0
                0x000000000040b930                rte_mem_virt2phy@@DPDK_2.0
                0x000000000040b940                rdline_get_buffer@@DPDK_2.0
                0x000000000040b950                rte_malloc_socket@@DPDK_2.0
                0x000000000040b960                srand48@@GLIBC_2.2.5
                0x000000000040b970                rte_red_rt_data_init@@DPDK_2.0
                0x000000000040b980                rte_eth_rx_queue_setup@@DPDK_2.2
                0x000000000040b990                rte_eth_stats_get@@DPDK_2.2
                0x000000000040b9a0                rte_lpm6_add@@DPDK_2.0
                0x000000000040b9b0                rte_sched_port_pkt_write@@DPDK_2.1
                0x000000000040b9c0                __rte_panic@@DPDK_2.0
                0x000000000040b9d0                __printf_chk@@GLIBC_2.3.4
                0x000000000040b9e0                rte_dump_stack@@DPDK_2.0
                0x000000000040b9f0                rte_lpm_delete_all@@DPDK_2.0
                0x000000000040ba00                rte_hash_add_key@@DPDK_2.0
                0x000000000040ba10                rte_kni_unregister_handlers@@DPDK_2.0
                0x000000000040ba20                rte_get_tsc_hz@@DPDK_2.0
                0x000000000040ba30                cirbuf_add_head_safe@@DPDK_2.0
                0x000000000040ba40                rte_hash_create@@DPDK_2.0
                0x000000000040ba50                rte_timer_dump_stats@@DPDK_2.0
                0x000000000040ba60                rte_hash_add_key_data@@DPDK_2.1
                0x000000000040ba70                rte_eal_devargs_dump@@DPDK_2.0
                0x000000000040ba80                cmdline_new@@DPDK_2.0
                0x000000000040ba90                rte_sched_port_config@@DPDK_2.0
                0x000000000040baa0                rte_eal_wait_lcore@@DPDK_2.0
                0x000000000040bab0                rte_cryptodev_stop@@DPDK_2.2
                0x000000000040bac0                rte_timer_reset@@DPDK_2.0
                0x000000000040bad0                rte_reorder_drain@@DPDK_2.0
                0x000000000040bae0                cirbuf_del_buf_tail@@DPDK_2.0
                0x000000000040baf0                rte_reorder_free@@DPDK_2.0
                0x000000000040bb00                rte_acl_list_dump@@DPDK_2.0
                0x000000000040bb10                pthread_cond_timedwait@@GLIBC_2.3.2
                0x000000000040bb20                cmdline_get_help_num@@DPDK_2.0
                0x000000000040bb30                cmdline_parse@@DPDK_2.0
                0x000000000040bb40                rte_memzone_free@@DPDK_2.1
                0x000000000040bb50                rdline_reset@@DPDK_2.0
                0x000000000040bb60                rte_power_get_env@@DPDK_2.0
                0x000000000040bb70                rte_realloc@@DPDK_2.0
                0x000000000040bb80                rte_mempool_dump@@DPDK_2.0
                0x000000000040bb90                access@@GLIBC_2.2.5
                0x000000000040bba0                cmdline_get_help_ipaddr@@DPDK_2.0
                0x000000000040bbb0                rte_eth_promiscuous_enable@@DPDK_2.2
                0x000000000040bbc0                rte_lpm_find_existing@@DPDK_2.0
                0x000000000040bbd0                fopen@@GLIBC_2.2.5
                0x000000000040bbe0                cmdline_parse_etheraddr@@DPDK_2.0
                0x000000000040bbf0                rte_timer_subsystem_init@@DPDK_2.0
                0x000000000040bc00                perror@@GLIBC_2.2.5
                0x000000000040bc10                rte_zmalloc@@DPDK_2.0
                0x000000000040bc20                rte_hash_lookup@@DPDK_2.0
                0x000000000040bc30                cmdline_parse_ipaddr@@DPDK_2.0
                0x000000000040bc40                rte_eth_dev_count@@DPDK_2.2
                0x000000000040bc50                rte_pipeline_port_in_create@@DPDK_2.0
                0x000000000040bc60                rte_log_dump_history@@DPDK_2.0
                0x000000000040bc70                strtoul@@GLIBC_2.2.5
                0x000000000040bc80                rte_calloc_socket@@DPDK_2.0
                0x000000000040bc90                flock@@GLIBC_2.2.5
                0x000000000040bca0                rte_hash_lookup_bulk_data@@DPDK_2.1
                0x000000000040bcb0                cirbuf_get_buf_head@@DPDK_2.0
                0x000000000040bcc0                rte_strerror@@DPDK_2.0
                0x000000000040bcd0                rte_dump_registers@@DPDK_2.0
                0x000000000040bce0                rte_eal_get_configuration@@DPDK_2.0
                0x000000000040bcf0                rte_eal_remote_launch@@DPDK_2.0
                0x000000000040bd00                rte_meter_srtcm_config@@DPDK_2.0
                0x000000000040bd10                rte_eal_mp_wait_lcore@@DPDK_2.0
                0x000000000040bd20                rte_hash_add_key_with_hash_data@@DPDK_2.1
                0x000000000040bd30                rte_eth_tx_queue_setup@@DPDK_2.2
                0x000000000040bd40                rte_lpm6_delete@@DPDK_2.0
                0x000000000040bd50                cirbuf_add_head@@DPDK_2.0
                0x000000000040bd60                rte_eal_lcore_role@@DPDK_2.0
                0x000000000040bd70                exit@@GLIBC_2.2.5
                0x000000000040bd80                rte_acl_reset@@DPDK_2.0
                0x000000000040bd90                fwrite@@GLIBC_2.2.5
                0x000000000040bda0                rte_lpm6_delete_all@@DPDK_2.0
                0x000000000040bdb0                __fprintf_chk@@GLIBC_2.3.4
                0x000000000040bdc0                rte_timer_init@@DPDK_2.0
                0x000000000040bdd0                rte_pipeline_port_out_create@@DPDK_2.0
                0x000000000040bde0                cirbuf_init@@DPDK_2.0
                0x000000000040bdf0                rte_timer_stop@@DPDK_2.0
                0x000000000040be00                rte_meter_trtcm_config@@DPDK_2.0
                0x000000000040be10                rte_eth_bond_8023ad_conf_get@@DPDK_2.0
                0x000000000040be20                rte_eth_dev_stop@@DPDK_2.2
                0x000000000040be30                rte_ring_create@@DPDK_2.0
                0x000000000040be40                rte_acl_create@@DPDK_2.0
                0x000000000040be50                rte_lpm6_find_existing@@DPDK_2.0
                0x000000000040be60                rte_kni_rx_burst@@DPDK_2.0
                0x000000000040be70                cmdline_complete@@DPDK_2.0
                0x000000000040be80                rte_mempool_xmem_usage@@DPDK_2.0
                0x000000000040be90                rte_eal_devargs_type_count@@DPDK_2.0
                0x000000000040bea0                rte_kvargs_count@@DPDK_2.0
                0x000000000040beb0                rte_ring_dump@@DPDK_2.0
                0x000000000040bec0                rte_eth_dev_configure@@DPDK_2.2
                0x000000000040bed0                rte_fbk_hash_find_existing@@DPDK_2.0
                0x000000000040bee0                strerror@@GLIBC_2.2.5
                0x000000000040bef0                rte_kni_alloc@@DPDK_2.0
                0x000000000040bf00                rte_eal_get_physmem_layout@@DPDK_2.0
                0x000000000040bf10                cmdline_get_help_string@@DPDK_2.0
                0x000000000040bf20                ceil@@GLIBC_2.2.5
                0x000000000040bf30                rte_eal_pci_probe@@DPDK_2.0
                0x000000000040bf40                rte_cryptodev_queue_pair_setup@@DPDK_2.2
                0x000000000040bf50                sleep@@GLIBC_2.2.5
                0x000000000040bf60                rte_cryptodev_count_devtype@@DPDK_2.2
                0x000000000040bf70                rte_strsplit@@DPDK_2.0
                0x000000000040bf80                rte_eth_bond_mac_address_reset@@DPDK_2.0
                0x000000000040bf90                rte_dump_physmem_layout@@DPDK_2.0
                0x000000000040bfa0                rte_reorder_insert@@DPDK_2.0
                0x000000000040bfb0                rte_memdump@@DPDK_2.0
                0x000000000040bfc0                wait@@GLIBC_2.2.5
                0x000000000040bfd0                rte_log@@DPDK_2.0
                0x000000000040bfe0                rte_eth_bond_active_slaves_get@@DPDK_2.0
                0x000000000040bff0                execv@@GLIBC_2.2.5
                0x000000000040c000                rte_eal_alarm_cancel@@DPDK_2.0
                0x000000000040c010                fork@@GLIBC_2.2.5
                0x000000000040c020                rdline_clear_history@@DPDK_2.0
                0x000000000040c030                getdtablesize@@GLIBC_2.2.5
                0x000000000040c040                pthread_mutex_lock@@GLIBC_2.2.5
                0x000000000040c050                rte_eth_from_rings@@DPDK_2.0
                0x000000000040c060                rte_eth_macaddr_get@@DPDK_2.2
                0x000000000040c070                rand@@GLIBC_2.2.5
                0x000000000040c080                __ctype_b_loc@@GLIBC_2.3
                0x000000000040c090                usleep@@GLIBC_2.2.5
                0x000000000040c0a0                rte_hash_iterate@@DPDK_2.1
                0x000000000040c0b0                rte_pktmbuf_pool_create@@DPDK_2.1
                0x000000000040c0c0                __sprintf_chk@@GLIBC_2.3.4
                0x000000000040c0d0                rte_eth_dev_mac_addr_add@@DPDK_2.2
                0x000000000040c0e0                rte_hash_find_existing@@DPDK_2.0
 *(.iplt)
 .iplt          0x000000000040c0f0        0x0 /usr/lib/gcc/x86_64-linux-gnu/4.9/../../../x86_64-linux-gnu/crt1.o

.plt.bnd
 *(.plt.bnd)

.text           0x000000000040c0f0    0xde282
 *(.text.unlikely .text.*_unlikely .text.unlikely.*)
 .text.unlikely
                0x000000000040c0f0        0x0 /usr/lib/gcc/x86_64-linux-gnu/4.9/crtbegin.o
 .text.unlikely
                0x000000000040c0f0        0x0 commands.o
 .text.unlikely
                0x000000000040c0f0        0x0 test.o
 .text.unlikely
                0x000000000040c0f0        0x0 test_pci.o
 .text.unlikely
                0x000000000040c0f0        0x0 test_prefetch.o
 .text.unlikely
                0x000000000040c0f0        0x0 test_byteorder.o
 .text.unlikely
                0x000000000040c0f0        0x0 test_per_lcore.o
 .text.unlikely
                0x000000000040c0f0        0x0 test_atomic.o
 .text.unlikely
                0x000000000040c0f0        0x0 test_malloc.o
 .text.unlikely
                0x000000000040c0f0       0x1d test_cycles.o
 .text.unlikely
                0x000000000040c10d        0x0 test_spinlock.o
 .text.unlikely
                0x000000000040c10d        0x0 test_memory.o
 .text.unlikely
                0x000000000040c10d        0x0 test_memzone.o
 .text.unlikely
                0x000000000040c10d        0x0 test_ring.o
 .text.unlikely
                0x000000000040c10d        0x0 test_ring_perf.o
 .text.unlikely
                0x000000000040c10d        0x0 test_pmd_perf.o
 .text.unlikely
                0x000000000040c10d        0x0 test_table.o
 .text.unlikely
                0x000000000040c10d        0x0 test_table_pipeline.o
 .text.unlikely
                0x000000000040c10d        0x0 test_table_tables.o
 .text.unlikely
                0x000000000040c10d        0x0 test_table_ports.o
 .text.unlikely
                0x000000000040c10d        0x0 test_table_combined.o
 .text.unlikely
                0x000000000040c10d        0x0 test_table_acl.o
 .text.unlikely
                0x000000000040c10d        0x0 test_rwlock.o
 .text.unlikely
                0x000000000040c10d       0x3a test_timer.o
 .text.unlikely
                0x000000000040c147       0x1d test_timer_perf.o
 .text.unlikely
                0x000000000040c164       0x1d test_timer_racecond.o
 .text.unlikely
                0x000000000040c181       0x1d test_mempool.o
 .text.unlikely
                0x000000000040c19e        0x0 test_mempool_perf.o
 .text.unlikely
                0x000000000040c19e        0x0 test_mbuf.o
 .text.unlikely
                0x000000000040c19e        0x0 test_logs.o
 .text.unlikely
                0x000000000040c19e        0x0 test_memcpy.o
 .text.unlikely
                0x000000000040c19e        0x0 test_memcpy_perf.o
 .text.unlikely
                0x000000000040c19e      0x13a test_hash.o
 .text.unlikely
                0x000000000040c2d8        0x0 test_thash.o
 .text.unlikely
                0x000000000040c2d8        0x0 test_hash_perf.o
 .text.unlikely
                0x000000000040c2d8        0x0 test_hash_functions.o
 .text.unlikely
                0x000000000040c2d8        0x0 test_hash_scaling.o
 .text.unlikely
                0x000000000040c2d8        0x0 test_lpm.o
 .text.unlikely
                0x000000000040c2d8        0x0 test_lpm6.o
 .text.unlikely
                0x000000000040c2d8        0x0 test_debug.o
 .text.unlikely
                0x000000000040c2d8        0x0 test_errno.o
 .text.unlikely
                0x000000000040c2d8        0x0 test_tailq.o
 .text.unlikely
                0x000000000040c2d8        0x0 test_string_fns.o
 .text.unlikely
                0x000000000040c2d8        0x0 test_cpuflags.o
 .text.unlikely
                0x000000000040c2d8       0x1d test_mp_secondary.o
 .text.unlikely
                0x000000000040c2f5       0x1d test_eal_flags.o
 .text.unlikely
                0x000000000040c312        0x0 test_eal_fs.o
 .text.unlikely
                0x000000000040c312        0x0 test_alarm.o
 .text.unlikely
                0x000000000040c312        0x0 test_interrupts.o
 .text.unlikely
                0x000000000040c312        0x0 test_version.o
 .text.unlikely
                0x000000000040c312        0x0 test_func_reentrancy.o
 .text.unlikely
                0x000000000040c312        0x0 test_cmdline.o
 .text.unlikely
                0x000000000040c312        0x0 test_cmdline_num.o
 .text.unlikely
                0x000000000040c312        0x0 test_cmdline_etheraddr.o
 .text.unlikely
                0x000000000040c312        0x0 test_cmdline_portlist.o
 .text.unlikely
                0x000000000040c312        0x0 test_cmdline_ipaddr.o
 .text.unlikely
                0x000000000040c312        0x0 test_cmdline_cirbuf.o
 .text.unlikely
                0x000000000040c312        0x0 test_cmdline_string.o
 .text.unlikely
                0x000000000040c312        0x0 test_cmdline_lib.o
 .text.unlikely
                0x000000000040c312        0x0 test_red.o
 .text.unlikely
                0x000000000040c312        0x0 test_sched.o
 .text.unlikely
                0x000000000040c312        0x0 test_meter.o
 .text.unlikely
                0x000000000040c312        0x0 test_kni.o
 .text.unlikely
                0x000000000040c312        0x0 test_power.o
 .text.unlikely
                0x000000000040c312        0x0 test_power_acpi_cpufreq.o
 .text.unlikely
                0x000000000040c312        0x0 test_power_kvm_vm.o
 .text.unlikely
                0x000000000040c312        0x0 test_common.o
 .text.unlikely
                0x000000000040c312        0x0 test_distributor.o
 .text.unlikely
                0x000000000040c312        0x0 test_distributor_perf.o
 .text.unlikely
                0x000000000040c312        0x0 test_reorder.o
 .text.unlikely
                0x000000000040c312        0x0 test_devargs.o
 .text.unlikely
                0x000000000040c312        0x0 virtual_pmd.o
 .text.unlikely
                0x000000000040c312        0x0 packet_burst_generator.o
 .text.unlikely
                0x000000000040c312        0x0 test_acl.o
 .text.unlikely
                0x000000000040c312        0x0 test_link_bonding.o
 .text.unlikely
                0x000000000040c312        0x0 test_link_bonding_mode4.o
 .text.unlikely
                0x000000000040c312        0x0 test_link_bonding_rssconf.o
 .text.unlikely
                0x000000000040c312        0x0 test_pmd_ring.o
 .text.unlikely
                0x000000000040c312        0x0 test_pmd_ring_perf.o
 .text.unlikely
                0x000000000040c312        0x0 test_cryptodev_perf.o
 .text.unlikely
                0x000000000040c312        0x0 test_cryptodev.o
 .text.unlikely
                0x000000000040c312        0x0 test_kvargs.o
 .text.unlikely
                0x000000000040c312        0x0 /usr/lib/x86_64-linux-gnu/libc_nonshared.a(elf-init.oS)
 *(.text.exit .text.exit.*)
 *(.text.startup .text.startup.*)
 *fill*         0x000000000040c312        0xe 
 .text.startup  0x000000000040c320      0x2af test.o
                0x000000000040c320                main
 *fill*         0x000000000040c5cf        0x1 
 .text.startup  0x000000000040c5d0        0xc test_pci.o
 *fill*         0x000000000040c5dc        0x4 
 .text.startup  0x000000000040c5e0        0xc test_prefetch.o
 *fill*         0x000000000040c5ec        0x4 
 .text.startup  0x000000000040c5f0        0xc test_byteorder.o
 *fill*         0x000000000040c5fc        0x4 
 .text.startup  0x000000000040c600        0xc test_per_lcore.o
 *fill*         0x000000000040c60c        0x4 
 .text.startup  0x000000000040c610        0xc test_atomic.o
 *fill*         0x000000000040c61c        0x4 
 .text.startup  0x000000000040c620        0xc test_malloc.o
 *fill*         0x000000000040c62c        0x4 
 .text.startup  0x000000000040c630        0xc test_cycles.o
 *fill*         0x000000000040c63c        0x4 
 .text.startup  0x000000000040c640       0x6c test_spinlock.o
 *fill*         0x000000000040c6ac        0x4 
 .text.startup  0x000000000040c6b0        0xc test_memory.o
 *fill*         0x000000000040c6bc        0x4 
 .text.startup  0x000000000040c6c0       0x6c test_memzone.o
 *fill*         0x000000000040c72c        0x4 
 .text.startup  0x000000000040c730        0xc test_ring.o
 *fill*         0x000000000040c73c        0x4 
 .text.startup  0x000000000040c740        0xc test_ring_perf.o
 *fill*         0x000000000040c74c        0x4 
 .text.startup  0x000000000040c750        0xc test_pmd_perf.o
 *fill*         0x000000000040c75c        0x4 
 .text.startup  0x000000000040c760       0x6c test_table.o
 *fill*         0x000000000040c7cc        0x4 
 .text.startup  0x000000000040c7d0       0x5d test_table_pipeline.o
 *fill*         0x000000000040c82d        0x3 
 .text.startup  0x000000000040c830       0x5d test_table_tables.o
 *fill*         0x000000000040c88d        0x3 
 .text.startup  0x000000000040c890       0x5d test_table_ports.o
 *fill*         0x000000000040c8ed        0x3 
 .text.startup  0x000000000040c8f0       0x5d test_table_combined.o
 *fill*         0x000000000040c94d        0x3 
 .text.startup  0x000000000040c950       0x5d test_table_acl.o
 *fill*         0x000000000040c9ad        0x3 
 .text.startup  0x000000000040c9b0       0x6c test_rwlock.o
 *fill*         0x000000000040ca1c        0x4 
 .text.startup  0x000000000040ca20        0xc test_timer.o
 *fill*         0x000000000040ca2c        0x4 
 .text.startup  0x000000000040ca30        0xc test_timer_perf.o
 *fill*         0x000000000040ca3c        0x4 
 .text.startup  0x000000000040ca40        0xc test_timer_racecond.o
 *fill*         0x000000000040ca4c        0x4 
 .text.startup  0x000000000040ca50       0x6c test_mempool.o
 *fill*         0x000000000040cabc        0x4 
 .text.startup  0x000000000040cac0       0x6c test_mempool_perf.o
 *fill*         0x000000000040cb2c        0x4 
 .text.startup  0x000000000040cb30        0xc test_mbuf.o
 *fill*         0x000000000040cb3c        0x4 
 .text.startup  0x000000000040cb40        0xc test_logs.o
 *fill*         0x000000000040cb4c        0x4 
 .text.startup  0x000000000040cb50        0xc test_memcpy.o
 *fill*         0x000000000040cb5c        0x4 
 .text.startup  0x000000000040cb60        0xc test_memcpy_perf.o
 *fill*         0x000000000040cb6c        0x4 
 .text.startup  0x000000000040cb70       0xbc test_hash.o
 *fill*         0x000000000040cc2c        0x4 
 .text.startup  0x000000000040cc30        0xc test_thash.o
 *fill*         0x000000000040cc3c        0x4 
 .text.startup  0x000000000040cc40      0x10c test_hash_perf.o
 *fill*         0x000000000040cd4c        0x4 
 .text.startup  0x000000000040cd50      0x10c test_hash_functions.o
 *fill*         0x000000000040ce5c        0x4 
 .text.startup  0x000000000040ce60      0x12c test_hash_scaling.o
 *fill*         0x000000000040cf8c        0x4 
 .text.startup  0x000000000040cf90        0xc test_lpm.o
 *fill*         0x000000000040cf9c        0x4 
 .text.startup  0x000000000040cfa0        0xc test_lpm6.o
 *fill*         0x000000000040cfac        0x4 
 .text.startup  0x000000000040cfb0        0xc test_debug.o
 *fill*         0x000000000040cfbc        0x4 
 .text.startup  0x000000000040cfc0        0xc test_errno.o
 *fill*         0x000000000040cfcc        0x4 
 .text.startup  0x000000000040cfd0       0xac test_tailq.o
                0x000000000040d030                tailqinitfn_rte_dummy_tailq
 *fill*         0x000000000040d07c        0x4 
 .text.startup  0x000000000040d080        0xc test_string_fns.o
 *fill*         0x000000000040d08c        0x4 
 .text.startup  0x000000000040d090        0xc test_cpuflags.o
 *fill*         0x000000000040d09c        0x4 
 .text.startup  0x000000000040d0a0      0x10c test_mp_secondary.o
 *fill*         0x000000000040d1ac        0x4 
 .text.startup  0x000000000040d1b0        0xc test_eal_flags.o
 *fill*         0x000000000040d1bc        0x4 
 .text.startup  0x000000000040d1c0        0xc test_eal_fs.o
 *fill*         0x000000000040d1cc        0x4 
 .text.startup  0x000000000040d1d0        0xc test_alarm.o
 *fill*         0x000000000040d1dc        0x4 
 .text.startup  0x000000000040d1e0        0xc test_interrupts.o
 *fill*         0x000000000040d1ec        0x4 
 .text.startup  0x000000000040d1f0        0xc test_version.o
 *fill*         0x000000000040d1fc        0x4 
 .text.startup  0x000000000040d200      0x12c test_func_reentrancy.o
 *fill*         0x000000000040d32c        0x4 
 .text.startup  0x000000000040d330        0xc test_cmdline.o
 *fill*         0x000000000040d33c        0x4 
 .text.startup  0x000000000040d340        0xc test_red.o
 *fill*         0x000000000040d34c        0x4 
 .text.startup  0x000000000040d350        0xc test_sched.o
 *fill*         0x000000000040d35c        0x4 
 .text.startup  0x000000000040d360        0xc test_meter.o
 *fill*         0x000000000040d36c        0x4 
 .text.startup  0x000000000040d370        0xc test_kni.o
 *fill*         0x000000000040d37c        0x4 
 .text.startup  0x000000000040d380        0xc test_power.o
 *fill*         0x000000000040d38c        0x4 
 .text.startup  0x000000000040d390        0xc test_power_acpi_cpufreq.o
 *fill*         0x000000000040d39c        0x4 
 .text.startup  0x000000000040d3a0        0xc test_power_kvm_vm.o
 *fill*         0x000000000040d3ac        0x4 
 .text.startup  0x000000000040d3b0        0xc test_common.o
 *fill*         0x000000000040d3bc        0x4 
 .text.startup  0x000000000040d3c0        0xc test_distributor.o
 *fill*         0x000000000040d3cc        0x4 
 .text.startup  0x000000000040d3d0        0xc test_distributor_perf.o
 *fill*         0x000000000040d3dc        0x4 
 .text.startup  0x000000000040d3e0        0xc test_reorder.o
 *fill*         0x000000000040d3ec        0x4 
 .text.startup  0x000000000040d3f0        0xc test_devargs.o
 *fill*         0x000000000040d3fc        0x4 
 .text.startup  0x000000000040d400       0x6c test_acl.o
 *fill*         0x000000000040d46c        0x4 
 .text.startup  0x000000000040d470        0xc test_link_bonding.o
 *fill*         0x000000000040d47c        0x4 
 .text.startup  0x000000000040d480        0xc test_link_bonding_mode4.o
 *fill*         0x000000000040d48c        0x4 
 .text.startup  0x000000000040d490        0xc test_link_bonding_rssconf.o
 *fill*         0x000000000040d49c        0x4 
 .text.startup  0x000000000040d4a0        0xc test_pmd_ring.o
 *fill*         0x000000000040d4ac        0x4 
 .text.startup  0x000000000040d4b0        0xc test_pmd_ring_perf.o
 *fill*         0x000000000040d4bc        0x4 
 .text.startup  0x000000000040d4c0       0x1c test_cryptodev_perf.o
 *fill*         0x000000000040d4dc        0x4 
 .text.startup  0x000000000040d4e0       0x1c test_cryptodev.o
 *fill*         0x000000000040d4fc        0x4 
 .text.startup  0x000000000040d500        0xc test_kvargs.o
 *(.text.hot .text.hot.*)
 *(.text .stub .text.* .gnu.linkonce.t.*)
 *fill*         0x000000000040d50c        0x4 
 .text          0x000000000040d510       0x2a /usr/lib/gcc/x86_64-linux-gnu/4.9/../../../x86_64-linux-gnu/crt1.o
                0x000000000040d510                _start
 .text          0x000000000040d53a        0x0 /usr/lib/gcc/x86_64-linux-gnu/4.9/../../../x86_64-linux-gnu/crti.o
 *fill*         0x000000000040d53a        0x6 
 .text          0x000000000040d540       0xc6 /usr/lib/gcc/x86_64-linux-gnu/4.9/crtbegin.o
 *fill*         0x000000000040d606        0xa 
 .text          0x000000000040d610      0x470 commands.o
                0x000000000040d9b0                add_test_command
                0x000000000040d9d0                commands_init
 .text          0x000000000040da80      0x2ae test.o
                0x000000000040da90                unit_test_suite_runner
 *fill*         0x000000000040dd2e        0x2 
 .text          0x000000000040dd30      0x323 test_pci.o
                0x000000000040dda0                test_pci
 *fill*         0x000000000040e053        0xd 
 .text          0x000000000040e060       0x3d test_prefetch.o
 *fill*         0x000000000040e09d        0x3 
 .text          0x000000000040e0a0      0x10c test_byteorder.o
 *fill*         0x000000000040e1ac        0x4 
 .text          0x000000000040e1b0      0x2d3 test_per_lcore.o
 *fill*         0x000000000040e483        0xd 
 .text          0x000000000040e490      0x6d3 test_atomic.o
 *fill*         0x000000000040eb63        0xd 
 .text          0x000000000040eb70     0x17b1 test_malloc.o
 *fill*         0x0000000000410321        0xf 
 .text          0x0000000000410330      0x1de test_cycles.o
 *fill*         0x000000000041050e        0x2 
 .text          0x0000000000410510      0xdf7 test_spinlock.o
 *fill*         0x0000000000411307        0x9 
 .text          0x0000000000411310       0x87 test_memory.o
 *fill*         0x0000000000411397        0x9 
 .text          0x00000000004113a0     0x13d4 test_memzone.o
 *fill*         0x0000000000412774        0xc 
 .text          0x0000000000412780     0x8e87 test_ring.o
 *fill*         0x000000000041b607        0x9 
 .text          0x000000000041b610     0x2aeb test_ring_perf.o
 *fill*         0x000000000041e0fb        0x5 
 .text          0x000000000041e100     0x25a7 test_pmd_perf.o
                0x00000000004203b0                test_set_rxtx_conf
                0x0000000000420520                test_set_rxtx_anchor
                0x00000000004205f0                test_set_rxtx_sc
 *fill*         0x00000000004206a7        0x9 
 .text          0x00000000004206b0      0x357 test_table.o
                0x0000000000420a00                pipeline_test_hash
 *fill*         0x0000000000420a07        0x9 
 .text          0x0000000000420a10     0x1b30 test_table_pipeline.o
                0x0000000000420a10                table_action_stub_miss
                0x00000000004221f0                table_action_0x00
                0x0000000000422210                table_action_stub_hit
                0x0000000000422260                test_table_pipeline
 .text          0x0000000000422540     0x51cb test_table_tables.o
                0x0000000000422d60                test_table_stub
                0x0000000000423690                test_table_array
                0x0000000000424d60                test_table_hash_lru
                0x00000000004250c0                test_table_lpm_ipv6
                0x0000000000426990                test_table_hash_ext
                0x00000000004269e0                test_table_lpm
 *fill*         0x000000000042770b        0x5 
 .text          0x0000000000427710     0x2ad7 test_table_ports.o
                0x00000000004296a0                test_port_ring_writer
                0x000000000042a1b0                test_port_ring_reader
 *fill*         0x000000000042a1e7        0x9 
 .text          0x000000000042a1f0     0x467e test_table_combined.o
                0x000000000042d810                test_table_lpm_combined
                0x000000000042d9a0                test_table_lpm_ipv6_combined
                0x000000000042db90                test_table_hash8lru
                0x000000000042dd20                test_table_hash16lru
                0x000000000042deb0                test_table_hash32lru
                0x000000000042e0a0                test_table_hash8ext
                0x000000000042e2c0                test_table_hash16ext
                0x000000000042e4e0                test_table_hash32ext
                0x000000000042e710                test_table_stub_combined
 *fill*         0x000000000042e86e        0x2 
 .text          0x000000000042e870     0x25d4 test_table_acl.o
                0x0000000000430e20                test_table_acl
 *fill*         0x0000000000430e44        0xc 
 .text          0x0000000000430e50      0x384 test_rwlock.o
 *fill*         0x00000000004311d4        0xc 
 .text          0x00000000004311e0      0xf1a test_timer.o
 *fill*         0x00000000004320fa        0x6 
 .text          0x0000000000432100      0x740 test_timer_perf.o
 .text          0x0000000000432840      0x591 test_timer_racecond.o
 *fill*         0x0000000000432dd1        0xf 
 .text          0x0000000000432de0     0x2ff4 test_mempool.o
 *fill*         0x0000000000435dd4        0xc 
 .text          0x0000000000435de0     0x19ac test_mempool_perf.o
 *fill*         0x000000000043778c        0x4 
 .text          0x0000000000437790     0x6c61 test_mbuf.o
 *fill*         0x000000000043e3f1        0xf 
 .text          0x000000000043e400      0x122 test_logs.o
 *fill*         0x000000000043e522        0xe 
 .text          0x000000000043e530     0x1b46 test_memcpy.o
 *fill*         0x0000000000440076        0xa 
 .text          0x0000000000440080    0x3f3b7 test_memcpy_perf.o
 *fill*         0x000000000047f437        0x9 
 .text          0x000000000047f440     0x3789 test_hash.o
 *fill*         0x0000000000482bc9        0x7 
 .text          0x0000000000482bd0      0x6e5 test_thash.o
 *fill*         0x00000000004832b5        0xb 
 .text          0x00000000004832c0     0x196d test_hash_perf.o
 *fill*         0x0000000000484c2d        0x3 
 .text          0x0000000000484c30     0x10de test_hash_functions.o
 *fill*         0x0000000000485d0e        0x2 
 .text          0x0000000000485d10      0xce4 test_hash_scaling.o
 *fill*         0x00000000004869f4        0xc 
 .text          0x0000000000486a00     0x38b3 test_lpm.o
 *fill*         0x000000000048a2b3        0xd 
 .text          0x000000000048a2c0     0x3921 test_lpm6.o
 *fill*         0x000000000048dbe1        0xf 
 .text          0x000000000048dbf0      0x1eb test_debug.o
 *fill*         0x000000000048dddb        0x5 
 .text          0x000000000048dde0      0x281 test_errno.o
 *fill*         0x000000000048e061        0xf 
 .text          0x000000000048e070      0x317 test_tailq.o
 *fill*         0x000000000048e387        0x9 
 .text          0x000000000048e390      0x6e1 test_string_fns.o
 *fill*         0x000000000048ea71        0xf 
 .text          0x000000000048ea80      0x531 test_cpuflags.o
 *fill*         0x000000000048efb1        0xf 
 .text          0x000000000048efc0      0xca2 test_mp_secondary.o
                0x000000000048f8b0                test_mp_secondary
 *fill*         0x000000000048fc62        0xe 
 .text          0x000000000048fc70     0xccb6 test_eal_flags.o
 *fill*         0x000000000049c926        0xa 
 .text          0x000000000049c930      0x571 test_eal_fs.o
 *fill*         0x000000000049cea1        0xf 
 .text          0x000000000049ceb0      0x6b0 test_alarm.o
 .text          0x000000000049d560      0x988 test_interrupts.o
 *fill*         0x000000000049dee8        0x8 
 .text          0x000000000049def0       0x97 test_version.o
 *fill*         0x000000000049df87        0x9 
 .text          0x000000000049df90      0xeb3 test_func_reentrancy.o
 *fill*         0x000000000049ee43        0xd 
 .text          0x000000000049ee50      0x14a test_cmdline.o
 *fill*         0x000000000049ef9a        0x6 
 .text          0x000000000049efa0      0x9a1 test_cmdline_num.o
                0x000000000049efa0                test_parse_num_invalid_param
                0x000000000049f170                test_parse_num_invalid_data
                0x000000000049f280                test_parse_num_valid
 *fill*         0x000000000049f941        0xf 
 .text          0x000000000049f950      0x3a1 test_cmdline_etheraddr.o
                0x000000000049f950                test_parse_etheraddr_invalid_param
                0x000000000049fa80                test_parse_etheraddr_invalid_data
                0x000000000049fb30                test_parse_etheraddr_valid
 *fill*         0x000000000049fcf1        0xf 
 .text          0x000000000049fd00      0x2cc test_cmdline_portlist.o
                0x000000000049fd00                test_parse_portlist_invalid_param
                0x000000000049fe00                test_parse_portlist_invalid_data
                0x000000000049feb0                test_parse_portlist_valid
 *fill*         0x000000000049ffcc        0x4 
 .text          0x000000000049ffd0      0xf73 test_cmdline_ipaddr.o
                0x000000000049ffd0                test_parse_ipaddr_valid
                0x00000000004a0bb0                test_parse_ipaddr_invalid_data
                0x00000000004a0e20                test_parse_ipaddr_invalid_param
 *fill*         0x00000000004a0f43        0xd 
 .text          0x00000000004a0f50     0x1724 test_cmdline_cirbuf.o
                0x00000000004a0f50                test_cirbuf_invalid_param
                0x00000000004a1150                test_cirbuf_char
                0x00000000004a1610                test_cirbuf_string
                0x00000000004a1f90                test_cirbuf_align
 *fill*         0x00000000004a2674        0xc 
 .text          0x00000000004a2680      0x713 test_cmdline_string.o
                0x00000000004a2680                test_parse_string_invalid_param
                0x00000000004a2820                test_parse_string_invalid_data
                0x00000000004a2ac0                test_parse_string_valid
 *fill*         0x00000000004a2d93        0xd 
 .text          0x00000000004a2da0      0x5fd test_cmdline_lib.o
                0x00000000004a3240                test_cmdline_lib
 *fill*         0x00000000004a339d        0x3 
 .text          0x00000000004a33a0     0x379f test_red.o
 *fill*         0x00000000004a6b3f        0x1 
 .text          0x00000000004a6b40      0x804 test_sched.o
 *fill*         0x00000000004a7344        0xc 
 .text          0x00000000004a7350     0x229c test_meter.o
 *fill*         0x00000000004a95ec        0x4 
 .text          0x00000000004a95f0     0x18d3 test_kni.o
 *fill*         0x00000000004aaec3        0xd 
 .text          0x00000000004aaed0      0x156 test_power.o
 *fill*         0x00000000004ab026        0xa 
 .text          0x00000000004ab030      0x8bf test_power_acpi_cpufreq.o
 *fill*         0x00000000004ab8ef        0x1 
 .text          0x00000000004ab8f0      0x607 test_power_kvm_vm.o
 *fill*         0x00000000004abef7        0x9 
 .text          0x00000000004abf00      0x259 test_common.o
 *fill*         0x00000000004ac159        0x7 
 .text          0x00000000004ac160     0x5c75 test_distributor.o
 *fill*         0x00000000004b1dd5        0xb 
 .text          0x00000000004b1de0     0x238f test_distributor_perf.o
 *fill*         0x00000000004b416f        0x1 
 .text          0x00000000004b4170     0x2789 test_reorder.o
 *fill*         0x00000000004b68f9        0x7 
 .text          0x00000000004b6900      0x366 test_devargs.o
 *fill*         0x00000000004b6c66        0xa 
 .text          0x00000000004b6c70     0x370e virtual_pmd.o
                0x00000000004b9540                virtual_ethdev_start_fn_set_success
                0x00000000004b9580                virtual_ethdev_configure_fn_set_success
                0x00000000004b95c0                virtual_ethdev_rx_queue_setup_fn_set_success
                0x00000000004b9600                virtual_ethdev_tx_queue_setup_fn_set_success
                0x00000000004b9640                virtual_ethdev_link_update_fn_set_success
                0x00000000004b9680                virtual_ethdev_rx_burst_fn_set_success
                0x00000000004b96b0                virtual_ethdev_tx_burst_fn_set_success
                0x00000000004b96f0                virtual_ethdev_tx_burst_fn_set_tx_pkt_fail_count
                0x00000000004b9720                virtual_ethdev_set_link_status
                0x00000000004b9750                virtual_ethdev_simulate_link_status_interrupt
                0x00000000004b9780                virtual_ethdev_add_mbufs_to_rx_queue
                0x00000000004b9b80                virtual_ethdev_get_mbufs_from_tx_queue
                0x00000000004b9f30                virtual_ethdev_create
 *fill*         0x00000000004ba37e        0x2 
 .text          0x00000000004ba380     0x6024 packet_burst_generator.o
                0x00000000004bf080                initialize_eth_header
                0x00000000004bf0c0                initialize_arp_header
                0x00000000004bf110                initialize_udp_header
                0x00000000004bf140                initialize_ipv6_header
                0x00000000004bf180                initialize_ipv4_header
                0x00000000004bf200                generate_packet_burst
 *fill*         0x00000000004c03a4        0xc 
 .text          0x00000000004c03b0     0x2c90 test_acl.o
 .text          0x00000000004c3040    0x10082 test_link_bonding.o
 *fill*         0x00000000004d30c2        0xe 
 .text          0x00000000004d30d0     0x5dca test_link_bonding_mode4.o
 *fill*         0x00000000004d8e9a        0x6 
 .text          0x00000000004d8ea0     0x2708 test_link_bonding_rssconf.o
 *fill*         0x00000000004db5a8        0x8 
 .text          0x00000000004db5b0     0x1a51 test_pmd_ring.o
 *fill*         0x00000000004dd001        0xf 
 .text          0x00000000004dd010      0xf0b test_pmd_ring_perf.o
 *fill*         0x00000000004ddf1b        0x5 
 .text          0x00000000004ddf20     0x481d test_cryptodev_perf.o
 *fill*         0x00000000004e273d        0x3 
 .text          0x00000000004e2740     0x76cd test_cryptodev.o
 *fill*         0x00000000004e9e0d        0x3 
 .text          0x00000000004e9e10      0x4e2 test_kvargs.o
 *fill*         0x00000000004ea2f2        0xe 
 .text          0x00000000004ea300       0x72 /usr/lib/x86_64-linux-gnu/libc_nonshared.a(elf-init.oS)
                0x00000000004ea300                __libc_csu_init
                0x00000000004ea370                __libc_csu_fini
 .text          0x00000000004ea372        0x0 /usr/lib/gcc/x86_64-linux-gnu/4.9/crtend.o
 .text          0x00000000004ea372        0x0 /usr/lib/gcc/x86_64-linux-gnu/4.9/../../../x86_64-linux-gnu/crtn.o
 *(.gnu.warning)

.fini           0x00000000004ea374        0x9
 *(SORT(.fini))
 .fini          0x00000000004ea374        0x4 /usr/lib/gcc/x86_64-linux-gnu/4.9/../../../x86_64-linux-gnu/crti.o
                0x00000000004ea374                _fini
 .fini          0x00000000004ea378        0x5 /usr/lib/gcc/x86_64-linux-gnu/4.9/../../../x86_64-linux-gnu/crtn.o
                [!provide]                        PROVIDE (__etext, .)
                [!provide]                        PROVIDE (_etext, .)
                [!provide]                        PROVIDE (etext, .)

.rodata         0x00000000004ea380   0x867e20
 *(.rodata .rodata.* .gnu.linkonce.r.*)
 .rodata.cst4   0x00000000004ea380        0x4 /usr/lib/gcc/x86_64-linux-gnu/4.9/../../../x86_64-linux-gnu/crt1.o
                0x00000000004ea380                _IO_stdin_used
 .rodata.str1.1
                0x00000000004ea384      0x197 commands.o
                                        0x1a5 (size before relaxing)
 *fill*         0x00000000004ea51b        0x5 
 .rodata.str1.8
                0x00000000004ea520      0x1a1 commands.o
 .rodata.str1.1
                0x00000000004ea6c1      0x1e9 test.o
                                        0x1f7 (size before relaxing)
 *fill*         0x00000000004ea8aa        0x6 
 .rodata.str1.8
                0x00000000004ea8b0       0x9d test.o
 .rodata.str1.1
                0x00000000004ea94d       0xdb test_pci.o
 .rodata.str1.8
                0x00000000004eaa28       0x48 test_pci.o
 .rodata.str1.1
                0x00000000004eaa70       0x12 test_prefetch.o
 .rodata.str1.1
                0x00000000004eaa82       0x35 test_byteorder.o
                                         0x4b (size before relaxing)
 *fill*         0x00000000004eaab7        0x1 
 .rodata.str1.8
                0x00000000004eaab8       0xaa test_per_lcore.o
 .rodata.str1.1
                0x00000000004eab62       0x2c test_per_lcore.o
 *fill*         0x00000000004eab8e        0x2 
 .rodata.str1.8
                0x00000000004eab90       0x9f test_atomic.o
 .rodata.str1.1
                0x00000000004eac2f       0x9d test_atomic.o
 .rodata.str1.1
                0x00000000004eaccc      0x218 test_malloc.o
                                        0x224 (size before relaxing)
 *fill*         0x00000000004eaee4        0x4 
 .rodata.str1.8
                0x00000000004eaee8      0x5d5 test_malloc.o
 *fill*         0x00000000004eb4bd        0x3 
 .rodata        0x00000000004eb4c0       0x39 test_malloc.o
 .rodata.str1.1
                0x00000000004eb4f9       0x10 test_cycles.o
                                         0x16 (size before relaxing)
 *fill*         0x00000000004eb509        0x7 
 .rodata.str1.8
                0x00000000004eb510       0x9c test_cycles.o
 *fill*         0x00000000004eb5ac        0x4 
 .rodata        0x00000000004eb5b0       0x31 test_cycles.o
 .rodata.str1.1
                0x00000000004eb5e1       0x84 test_spinlock.o
                                         0x8a (size before relaxing)
 *fill*         0x00000000004eb665        0x3 
 .rodata.str1.8
                0x00000000004eb668      0x227 test_spinlock.o
                                        0x24f (size before relaxing)
 *fill*         0x00000000004eb88f        0x1 
 .rodata        0x00000000004eb890       0x31 test_spinlock.o
 .rodata.str1.1
                0x00000000004eb8c1       0x36 test_memory.o
 .rodata.str1.1
                0x00000000004eb8f7      0x42f test_memzone.o
                                        0x44d (size before relaxing)
 *fill*         0x00000000004ebd26        0x2 
 .rodata.str1.8
                0x00000000004ebd28      0x631 test_memzone.o
 *fill*         0x00000000004ec359        0x7 
 .rodata        0x00000000004ec360       0x35 test_memzone.o
 .rodata.str1.1
                0x00000000004ec395      0x20d test_ring.o
                                        0x226 (size before relaxing)
 *fill*         0x00000000004ec5a2        0x6 
 .rodata.str1.8
                0x00000000004ec5a8      0x85c test_ring.o
                                        0x884 (size before relaxing)
 *fill*         0x00000000004ece04        0xc 
 .rodata        0x00000000004ece10       0x5b test_ring.o
 *fill*         0x00000000004ece6b        0x5 
 .rodata.cst16  0x00000000004ece70       0x20 test_ring.o
 .rodata.str1.8
                0x00000000004ece90      0x1fe test_ring_perf.o
 .rodata.str1.1
                0x00000000004ed08e       0x4d test_ring_perf.o
 *fill*         0x00000000004ed0db        0x5 
 .rodata.cst8   0x00000000004ed0e0        0x8 test_ring_perf.o
 .rodata.str1.8
                0x00000000004ed0e8      0x3f0 test_pmd_perf.o
 .rodata.str1.1
                0x00000000004ed4d8      0x203 test_pmd_perf.o
                                        0x21a (size before relaxing)
 .rodata.str1.1
                0x00000000004ed6db       0x86 test_table.o
                                         0x94 (size before relaxing)
 *fill*         0x00000000004ed761        0x7 
 .rodata.str1.8
                0x00000000004ed768      0x15e test_table.o
 *fill*         0x00000000004ed8c6        0xa 
 .rodata        0x00000000004ed8d0       0x23 test_table.o
 *fill*         0x00000000004ed8f3        0x5 
 .rodata.str1.8
                0x00000000004ed8f8      0x58d test_table_pipeline.o
 .rodata.str1.1
                0x00000000004ede85       0x2a test_table_pipeline.o
                                         0x30 (size before relaxing)
 *fill*         0x00000000004edeaf        0x1 
 .rodata        0x00000000004edeb0       0x64 test_table_pipeline.o
 .rodata.str1.1
                0x00000000004edf14       0x5a test_table_tables.o
 *fill*         0x00000000004edf6e        0x2 
 .rodata.str1.8
                0x00000000004edf70       0xde test_table_tables.o
 *fill*         0x00000000004ee04e        0x2 
 .rodata        0x00000000004ee050       0x10 test_table_tables.o
 .rodata.cst16  0x00000000004ee060       0x10 test_table_tables.o
 .rodata.str1.1
                0x00000000004ee070       0x52 test_table_combined.o
                                         0x65 (size before relaxing)
 *fill*         0x00000000004ee0c2        0xe 
 .rodata        0x00000000004ee0d0      0x119 test_table_combined.o
 *fill*         0x00000000004ee1e9        0x7 
 .rodata.cst16  0x00000000004ee1f0       0xc0 test_table_combined.o
                                         0xd0 (size before relaxing)
 *fill*         0x00000000004ee2b0       0x10 
 .rodata.cst32  0x00000000004ee2c0       0x40 test_table_combined.o
 .rodata.str1.8
                0x00000000004ee300      0x25b test_table_acl.o
                                        0x40f (size before relaxing)
 .rodata.str1.1
                0x00000000004ee55b       0x84 test_table_acl.o
                                         0x96 (size before relaxing)
 *fill*         0x00000000004ee5df        0x1 
 .rodata        0x00000000004ee5e0       0x33 test_table_acl.o
 *fill*         0x00000000004ee613        0x5 
 .rodata.str1.8
                0x00000000004ee618       0xa3 test_rwlock.o
 .rodata.str1.1
                0x00000000004ee6bb       0x10 test_rwlock.o
                                         0x26 (size before relaxing)
 .rodata.str1.1
                0x00000000004ee6cb       0x48 test_timer.o
                                         0x62 (size before relaxing)
 *fill*         0x00000000004ee713        0x5 
 .rodata.str1.8
                0x00000000004ee718      0x15f test_timer.o
                                        0x187 (size before relaxing)
 *fill*         0x00000000004ee877        0x9 
 .rodata        0x00000000004ee880       0x35 test_timer.o
 .rodata.str1.1
                0x00000000004ee8b5       0x73 test_timer_perf.o
                                         0x79 (size before relaxing)
 .rodata.str1.8
                0x00000000004ee928      0x113 test_timer_perf.o
                                        0x13b (size before relaxing)
 *fill*         0x00000000004eea3b        0x5 
 .rodata        0x00000000004eea40       0x31 test_timer_perf.o
 .rodata.str1.1
                0x00000000004eea71       0x18 test_timer_racecond.o
                                         0x1e (size before relaxing)
 *fill*         0x00000000004eea89        0x7 
 .rodata.str1.8
                0x00000000004eea90      0x11d test_timer_racecond.o
                                        0x145 (size before relaxing)
 *fill*         0x00000000004eebad        0x3 
 .rodata        0x00000000004eebb0       0x54 test_timer_racecond.o
 .rodata.str1.1
                0x00000000004eec04       0xea test_mempool.o
                                        0x108 (size before relaxing)
 *fill*         0x00000000004eecee        0x2 
 .rodata.str1.8
                0x00000000004eecf0      0x2af test_mempool.o
                                        0x2d7 (size before relaxing)
 *fill*         0x00000000004eef9f        0x1 
 .rodata        0x00000000004eefa0       0x51 test_mempool.o
 .rodata.str1.1
                0x00000000004eeff1       0x77 test_mempool_perf.o
                                         0x7d (size before relaxing)
 .rodata.str1.8
                0x00000000004ef068       0x9c test_mempool_perf.o
                                         0xc4 (size before relaxing)
 *fill*         0x00000000004ef104        0xc 
 .rodata        0x00000000004ef110       0x31 test_mempool_perf.o
 *fill*         0x00000000004ef141        0xf 
 .rodata.cst16  0x00000000004ef150       0x10 test_mempool_perf.o
 .rodata.str1.1
                0x00000000004ef160      0x1f4 test_mbuf.o
                                        0x1fa (size before relaxing)
 *fill*         0x00000000004ef354        0x4 
 .rodata.str1.8
                0x00000000004ef358      0xc55 test_mbuf.o
 *fill*         0x00000000004effad       0x13 
 .rodata        0x00000000004effc0       0xc0 test_mbuf.o
 .rodata.str1.8
                0x00000000004f0080      0x10b test_logs.o
 .rodata.str1.1
                0x00000000004f018b        0xe test_logs.o
 *fill*         0x00000000004f0199        0x7 
 .rodata.str1.8
                0x00000000004f01a0       0xee test_memcpy.o
 *fill*         0x00000000004f028e       0x32 
 .rodata        0x00000000004f02c0      0x170 test_memcpy.o
 .rodata.str1.1
                0x00000000004f0430       0x10 test_memcpy.o
 .rodata        0x00000000004f0440      0xa38 test_memcpy_perf.o
 .rodata.str1.1
                0x00000000004f0e78       0x4e test_memcpy_perf.o
 *fill*         0x00000000004f0ec6        0x2 
 .rodata.str1.8
                0x00000000004f0ec8      0x22e test_memcpy_perf.o
                                        0x276 (size before relaxing)
 *fill*         0x00000000004f10f6        0x2 
 .rodata.cst8   0x00000000004f10f8        0x8 test_memcpy_perf.o
 .rodata.cst32  0x00000000004f1100       0x40 test_memcpy_perf.o
 .rodata.str1.1
                0x00000000004f1140      0x152 test_hash.o
                                        0x19c (size before relaxing)
 *fill*         0x00000000004f1292        0x6 
 .rodata.str1.8
                0x00000000004f1298      0xed5 test_hash.o
 *fill*         0x00000000004f216d       0x13 
 .rodata        0x00000000004f2180     0x2180 test_hash.o
 .rodata.cst8   0x00000000004f4300       0x10 test_hash.o
 .rodata.str1.1
                0x00000000004f4310        0xf test_thash.o
 *fill*         0x00000000004f431f        0x1 
 .rodata.cst16  0x00000000004f4320       0x10 test_thash.o
 .rodata.str1.8
                0x00000000004f4330      0x212 test_hash_perf.o
                                        0x23a (size before relaxing)
 .rodata.str1.1
                0x00000000004f4542      0x11f test_hash_perf.o
                                        0x12d (size before relaxing)
 *fill*         0x00000000004f4661       0x1f 
 .rodata        0x00000000004f4680     0x1ac0 test_hash_perf.o
 .rodata.cst8   0x00000000004f6140       0x18 test_hash_perf.o
 *fill*         0x00000000004f6158       0x28 
 .rodata        0x00000000004f6180     0x3cc0 test_hash_functions.o
 .rodata.str1.1
                0x00000000004f9e40       0x53 test_hash_functions.o
 *fill*         0x00000000004f9e93        0x5 
 .rodata.str1.8
                0x00000000004f9e98      0x173 test_hash_functions.o
 *fill*         0x00000000004fa00b        0x5 
 .rodata.cst16  0x00000000004fa010       0x40 test_hash_functions.o
 .rodata.cst8   0x00000000004fa050        0x8 test_hash_functions.o
 .rodata.str1.1
                0x00000000004fa050       0x53 test_hash_scaling.o
 *fill*         0x00000000004fa0a3        0x5 
 .rodata.str1.8
                0x00000000004fa0a8       0xf2 test_hash_scaling.o
                                        0x11a (size before relaxing)
 *fill*         0x00000000004fa19a       0x26 
 .rodata        0x00000000004fa1c0     0x3a80 test_hash_scaling.o
 .rodata.str1.1
                0x00000000004fdc40       0xfe test_lpm.o
 *fill*         0x00000000004fdd3e        0x2 
 .rodata.str1.8
                0x00000000004fdd40      0x19f test_lpm.o
 *fill*         0x00000000004fdedf       0x21 
 .rodata        0x00000000004fdf00   0x8372b0 test_lpm.o
 .rodata.cst16  0x0000000000d351b0       0x50 test_lpm.o
 .rodata.cst8   0x0000000000d35200       0x18 test_lpm.o
                                         0x20 (size before relaxing)
 .rodata.str1.1
                0x0000000000d35218       0x22 test_lpm6.o
                                        0x10a (size before relaxing)
 .rodata.str1.8
                0x0000000000d3523a       0xaf test_lpm6.o
 .rodata        0x0000000000d3523a       0xb7 test_lpm6.o
 *fill*         0x0000000000d352f1        0xf 
 .rodata.cst16  0x0000000000d35300       0xd0 test_lpm6.o
 .rodata.cst8   0x0000000000d353d0       0x10 test_lpm6.o
                                         0x18 (size before relaxing)
 .rodata.str1.1
                0x0000000000d353e0       0x44 test_debug.o
                                         0x56 (size before relaxing)
 *fill*         0x0000000000d35424        0x4 
 .rodata.str1.8
                0x0000000000d35428      0x10c test_debug.o
 .rodata        0x0000000000d35534       0x23 test_debug.o
 *fill*         0x0000000000d35557        0x1 
 .rodata.str1.8
                0x0000000000d35558       0x70 test_errno.o
 .rodata.str1.1
                0x0000000000d355c8        0xf test_errno.o
 .rodata.str1.1
                0x0000000000d355d7       0x5a test_tailq.o
                                         0x60 (size before relaxing)
 *fill*         0x0000000000d35631        0x7 
 .rodata.str1.8
                0x0000000000d35638      0x131 test_tailq.o
 *fill*         0x0000000000d35769        0x7 
 .rodata        0x0000000000d35770       0x7c test_tailq.o
 .rodata.str1.1
                0x0000000000d357ec       0xbb test_string_fns.o
 *fill*         0x0000000000d358a7        0x1 
 .rodata.str1.8
                0x0000000000d358a8      0x183 test_string_fns.o
 *fill*         0x0000000000d35a2b        0x5 
 .rodata        0x0000000000d35a30       0x12 test_string_fns.o
 .rodata.str1.1
                0x0000000000d35a42      0x11d test_cpuflags.o
                                        0x126 (size before relaxing)
 *fill*         0x0000000000d35b5f        0x1 
 .rodata.str1.8
                0x0000000000d35b60       0x30 test_cpuflags.o
 .rodata.str1.1
                0x0000000000d35b90      0x188 test_mp_secondary.o
                                        0x1a7 (size before relaxing)
 .rodata.str1.8
                0x0000000000d35d18      0x2d0 test_mp_secondary.o
 *fill*         0x0000000000d35fe8       0x18 
 .rodata        0x0000000000d36000     0x1a80 test_mp_secondary.o
 .rodata.str1.1
                0x0000000000d37a80      0x4d1 test_eal_flags.o
                                        0x5e5 (size before relaxing)
 *fill*         0x0000000000d37f51        0x7 
 .rodata.str1.8
                0x0000000000d37f58     0x1102 test_eal_flags.o
                                       0x112a (size before relaxing)
 *fill*         0x0000000000d3905a        0x6 
 .rodata        0x0000000000d39060      0x174 test_eal_flags.o
 *fill*         0x0000000000d391d4        0x4 
 .rodata.str1.8
                0x0000000000d391d8      0x1c2 test_eal_fs.o
 .rodata.str1.1
                0x0000000000d3939a       0xc8 test_eal_fs.o
                                         0xe9 (size before relaxing)
 *fill*         0x0000000000d39462        0x6 
 .rodata.str1.8
                0x0000000000d39468      0x4b9 test_alarm.o
 .rodata.str1.1
                0x0000000000d39921       0x62 test_alarm.o
 *fill*         0x0000000000d39983        0xd 
 .rodata        0x0000000000d39990       0x28 test_alarm.o
 .rodata.str1.1
                0x0000000000d399b8       0x7e test_interrupts.o
                                         0x80 (size before relaxing)
 *fill*         0x0000000000d39a36        0x2 
 .rodata.str1.8
                0x0000000000d39a38      0x684 test_interrupts.o
 *fill*         0x0000000000d3a0bc        0x4 
 .rodata        0x0000000000d3a0c0       0x3a test_interrupts.o
 .rodata.str1.1
                0x0000000000d3a0fa       0x37 test_version.o
 .rodata.str1.1
                0x0000000000d3a131       0x8b test_func_reentrancy.o
 *fill*         0x0000000000d3a1bc        0x4 
 .rodata        0x0000000000d3a1c0     0x1a80 test_func_reentrancy.o
 .rodata.str1.8
                0x0000000000d3bc40       0x2d test_func_reentrancy.o
 *fill*         0x0000000000d3bc6d        0x3 
 .rodata.str1.8
                0x0000000000d3bc70       0x48 test_cmdline.o
 .rodata.str1.1
                0x0000000000d3bcb8       0x9d test_cmdline.o
 *fill*         0x0000000000d3bd55        0x3 
 .rodata.str1.8
                0x0000000000d3bd58      0x68b test_cmdline_num.o
 *fill*         0x0000000000d3c3e3        0x5 
 .rodata        0x0000000000d3c3e8      0x120 test_cmdline_num.o
 .rodata.str1.1
                0x0000000000d3c508      0x551 test_cmdline_num.o
                                        0x5ae (size before relaxing)
 *fill*         0x0000000000d3ca59        0x7 
 .rodata.str1.8
                0x0000000000d3ca60       0x2d test_cmdline_etheraddr.o
                                         0xdd (size before relaxing)
 .rodata.str1.1
                0x0000000000d3ca8d      0x250 test_cmdline_etheraddr.o
                                        0x253 (size before relaxing)
 .rodata        0x0000000000d3ccdd       0x2f test_cmdline_etheraddr.o
 *fill*         0x0000000000d3cd0c        0x4 
 .rodata.str1.8
                0x0000000000d3cd10       0xb2 test_cmdline_portlist.o
                                        0x162 (size before relaxing)
 .rodata.str1.1
                0x0000000000d3cdc2      0x165 test_cmdline_portlist.o
                                        0x1b7 (size before relaxing)
 .rodata        0x0000000000d3cf27       0x2e test_cmdline_portlist.o
 *fill*         0x0000000000d3cf55        0x3 
 .rodata.str1.8
                0x0000000000d3cf58      0x1e8 test_cmdline_ipaddr.o
                                        0x238 (size before relaxing)
 .rodata.str1.1
                0x0000000000d3d140      0x610 test_cmdline_ipaddr.o
                                        0x68b (size before relaxing)
 .rodata        0x0000000000d3d750       0x56 test_cmdline_ipaddr.o
 *fill*         0x0000000000d3d7a6        0x2 
 .rodata.str1.8
                0x0000000000d3d7a8      0x528 test_cmdline_cirbuf.o
 .rodata.str1.1
                0x0000000000d3dcd0       0x91 test_cmdline_cirbuf.o
 .rodata        0x0000000000d3dd61        0xb test_cmdline_cirbuf.o
 *fill*         0x0000000000d3dd6c        0x4 
 .rodata.str1.8
                0x0000000000d3dd70      0x2df test_cmdline_string.o
                                        0x307 (size before relaxing)
 .rodata.str1.1
                0x0000000000d3e04f      0x193 test_cmdline_string.o
                                        0x1a6 (size before relaxing)
 .rodata        0x0000000000d3e1e2        0xe test_cmdline_string.o
 .rodata.str1.1
                0x0000000000d3e1f0       0x3e test_cmdline_lib.o
                                         0x52 (size before relaxing)
 *fill*         0x0000000000d3e22e        0x2 
 .rodata.str1.8
                0x0000000000d3e230       0x95 test_cmdline_lib.o
 .rodata.str1.1
                0x0000000000d3e2c5      0x1de test_red.o
                                        0x1e9 (size before relaxing)
 *fill*         0x0000000000d3e4a3        0x5 
 .rodata.str1.8
                0x0000000000d3e4a8     0x137b test_red.o
 .rodata        0x0000000000d3f823       0x16 test_red.o
 *fill*         0x0000000000d3f839        0x7 
 .rodata.cst8   0x0000000000d3f840       0x28 test_red.o
                                         0x38 (size before relaxing)
 *fill*         0x0000000000d3f868        0x8 
 .rodata.cst16  0x0000000000d3f870       0x10 test_red.o
 .rodata.str1.1
                0x0000000000d3f880       0x1a test_sched.o
 *fill*         0x0000000000d3f89a        0x6 
 .rodata.str1.8
                0x0000000000d3f8a0      0x2a9 test_sched.o
 .rodata        0x0000000000d3fb49        0xb test_sched.o
 .rodata.str1.1
                0x0000000000d3fb54      0x154 test_meter.o
                                        0x15d (size before relaxing)
 .rodata.str1.1
                0x0000000000d3fca8      0x161 test_kni.o
 *fill*         0x0000000000d3fe09        0x7 
 .rodata.str1.8
                0x0000000000d3fe10      0x4df test_kni.o
 *fill*         0x0000000000d402ef       0x11 
 .rodata        0x0000000000d40300      0xb88 test_kni.o
 .rodata.str1.8
                0x0000000000d40e88      0x278 test_power.o
 .rodata.str1.1
                0x0000000000d41100        0xf test_power.o
 *fill*         0x0000000000d4110f        0x1 
 .rodata.str1.8
                0x0000000000d41110      0x944 test_power_acpi_cpufreq.o
 .rodata.str1.1
                0x0000000000d41a54       0x1c test_power_acpi_cpufreq.o
                                         0x1e (size before relaxing)
 .rodata.str1.8
                0x0000000000d41a70      0x651 test_power_kvm_vm.o
                                        0x881 (size before relaxing)
 .rodata.str1.1
                0x0000000000d420c1       0x16 test_power_kvm_vm.o
 *fill*         0x0000000000d420d7        0x1 
 .rodata.str1.8
                0x0000000000d420d8       0xc9 test_common.o
 .rodata.str1.1
                0x0000000000d421a1       0x2e test_common.o
                                         0x33 (size before relaxing)
 *fill*         0x0000000000d421cf        0x1 
 .rodata.str1.8
                0x0000000000d421d0      0x3f4 test_distributor.o
 .rodata.str1.1
                0x0000000000d425c4       0x93 test_distributor.o
 *fill*         0x0000000000d42657        0x1 
 .rodata.str1.8
                0x0000000000d42658       0x70 test_distributor_perf.o
                                         0xa0 (size before relaxing)
 .rodata.str1.1
                0x0000000000d426c8       0xc9 test_distributor_perf.o
                                        0x119 (size before relaxing)
 .rodata.str1.1
                0x0000000000d42791      0x1ac test_reorder.o
 *fill*         0x0000000000d4293d        0x3 
 .rodata.str1.8
                0x0000000000d42940      0x5fa test_reorder.o
 *fill*         0x0000000000d42f3a        0x6 
 .rodata        0x0000000000d42f40       0xc3 test_reorder.o
 .rodata.str1.1
                0x0000000000d43003       0x99 test_devargs.o
                                         0xb9 (size before relaxing)
 .rodata.str1.1
                0x0000000000d4309c       0x1a virtual_pmd.o
 *fill*         0x0000000000d430b6        0x2 
 .rodata        0x0000000000d430b8       0x40 virtual_pmd.o
 .rodata        0x0000000000d430f8       0xc0 packet_burst_generator.o
 .rodata.str1.8
                0x0000000000d431b8      0x950 test_acl.o
 .rodata.str1.1
                0x0000000000d43b08       0x99 test_acl.o
                                         0xa1 (size before relaxing)
 *fill*         0x0000000000d43ba1       0x1f 
 .rodata        0x0000000000d43bc0      0x1f4 test_acl.o
                0x0000000000d43da0                ipv4_7tuple_layout
 *fill*         0x0000000000d43db4        0x4 
 .rodata.str1.8
                0x0000000000d43db8     0x51a0 test_link_bonding.o
 .rodata.str1.1
                0x0000000000d48f58      0x1b7 test_link_bonding.o
                                        0x1c1 (size before relaxing)
 *fill*         0x0000000000d4910f       0x11 
 .rodata        0x0000000000d49120      0xbe0 test_link_bonding.o
 .rodata.cst16  0x0000000000d49d00       0x10 test_link_bonding.o
 .rodata.str1.1
                0x0000000000d49d00      0x1fa test_link_bonding_mode4.o
                                        0x203 (size before relaxing)
 *fill*         0x0000000000d49efa        0x6 
 .rodata.str1.8
                0x0000000000d49f00     0x1414 test_link_bonding_mode4.o
                                       0x1544 (size before relaxing)
 *fill*         0x0000000000d4b314        0xc 
 .rodata        0x0000000000d4b320      0x1db test_link_bonding_mode4.o
 *fill*         0x0000000000d4b4fb        0x5 
 .rodata.str1.8
                0x0000000000d4b500      0x6c6 test_link_bonding_rssconf.o
                                        0x8a6 (size before relaxing)
 .rodata.str1.1
                0x0000000000d4bbc6       0xc4 test_link_bonding_rssconf.o
 *fill*         0x0000000000d4bc8a       0x16 
 .rodata        0x0000000000d4bca0      0x11f test_link_bonding_rssconf.o
 .rodata.str1.1
                0x0000000000d4bdbf      0x150 test_pmd_ring.o
                                        0x15a (size before relaxing)
 *fill*         0x0000000000d4bf0f        0x1 
 .rodata.str1.8
                0x0000000000d4bf10      0x383 test_pmd_ring.o
 .rodata.str1.1
                0x0000000000d4c293       0x4f test_pmd_ring_perf.o
                                         0x59 (size before relaxing)
 *fill*         0x0000000000d4c2e2        0x6 
 .rodata.str1.8
                0x0000000000d4c2e8       0xbd test_pmd_ring_perf.o
                                        0x105 (size before relaxing)
 .rodata.cst8   0x0000000000d4c3a5        0x8 test_pmd_ring_perf.o
 *fill*         0x0000000000d4c3a5        0x3 
 .rodata.str1.8
                0x0000000000d4c3a8      0x612 test_cryptodev_perf.o
 .rodata.str1.1
                0x0000000000d4c9ba       0xf5 test_cryptodev_perf.o
                                         0xfb (size before relaxing)
 *fill*         0x0000000000d4caaf       0x11 
 .rodata        0x0000000000d4cac0     0x3687 test_cryptodev_perf.o
                0x0000000000d4f1c0                plaintext_quote
 *fill*         0x0000000000d50147        0x1 